**********************************************************************
** Visual Studio 2022 Developer Command Prompt v17.14.21
** Copyright (c) 2025 Microsoft Corporation
**********************************************************************
[vcvarsall.bat] Environment initialized for: 'x64'
[OK] Visual Studio environment already initialized
Building before running tests...
[OK] Visual Studio environment already initialized
Set arch environment variable to: x64

Building FieldWorks...
Configuration: Debug | Platform: x64 | Parallel: True | Tests: True
Running FwBuildTasks (Bootstrap)...
Running RestorePackages...
Running FieldWorks Solution...

  FwResources -> C:\fw-mounts\C\Users\johnm\Documents\repos\fw-worktrees\agent-2\Output\Debug\FwResources.dll
    Determining projects to restore...
  Design -> C:\fw-mounts\C\Users\johnm\Documents\repos\fw-worktrees\agent-2\Output\Debug\Controls.Design.dll
  FormLanguageSwitch -> C:\fw-mounts\C\Users\johnm\Documents\repos\fw-worktrees\agent-2\Lib\src\FormLanguageSwitch\bin\x64\Debug\net48\FormLanguageSwitch.dll
  Sfm2Xml -> C:\fw-mounts\C\Users\johnm\Documents\repos\fw-worktrees\agent-2\Output\Debug\Sfm2Xml.dll
    All projects are up-to-date for restore.
  XAmpleManagedWrapper -> C:\fw-mounts\C\Users\johnm\Documents\repos\fw-worktrees\agent-2\Output\Debug\XAmpleManagedWrapper.dll
  Generating Views.X.manifest for 64-bit registration-free COM...
  Native C++ components built successfully
  ViewsInterfaces -> C:\fw-mounts\C\Users\johnm\Documents\repos\fw-worktrees\agent-2\Output\Debug\ViewsInterfaces.dll
  FwUtils -> C:\fw-mounts\C\Users\johnm\Documents\repos\fw-worktrees\agent-2\Output\Debug\FwUtils.dll
  ManagedLgIcuCollator -> C:\fw-mounts\C\Users\johnm\Documents\repos\fw-worktrees\agent-2\Output\Debug\ManagedLgIcuCollator.dll
  ManagedVwDrawRootBuffered -> C:\fw-mounts\C\Users\johnm\Documents\repos\fw-worktrees\agent-2\Output\Debug\ManagedVwDrawRootBuffered.dll
  ManagedVwWindow -> C:\fw-mounts\C\Users\johnm\Documents\repos\fw-worktrees\agent-2\Output\Debug\ManagedVwWindow.dll
  CacheLight -> C:\fw-mounts\C\Users\johnm\Documents\repos\fw-worktrees\agent-2\Output\Debug\CacheLight.dll
  XMLUtils -> C:\fw-mounts\C\Users\johnm\Documents\repos\fw-worktrees\agent-2\Output\Debug\XMLUtils.dll
CSC : warning CS2002: Source file 'C:\fw-mounts\C\Users\johnm\Documents\repos\fw-worktrees\agent-2\Src\AssemblyInfoForTests.cs' specified multiple times [C:\fw-mounts\C\Users\johnm\Documents\repos\fw-worktrees\agent-2\Src\Common\FwUtils\FwUtilsTests\FwUtilsTests.csproj]
  Reporting -> C:\fw-mounts\C\Users\johnm\Documents\repos\fw-worktrees\agent-2\Output\Debug\Reporting.dll
  MessageBoxExLib -> C:\fw-mounts\C\Users\johnm\Documents\repos\fw-worktrees\agent-2\Output\Debug\MessageBoxExLib.dll
  ScriptureUtils -> C:\fw-mounts\C\Users\johnm\Documents\repos\fw-worktrees\agent-2\Output\Debug\ScriptureUtils.dll
  FxtDll -> C:\fw-mounts\C\Users\johnm\Documents\repos\fw-worktrees\agent-2\Output\Debug\FxtDll.dll
  xCoreInterfaces -> C:\fw-mounts\C\Users\johnm\Documents\repos\fw-worktrees\agent-2\Output\Debug\xCoreInterfaces.dll
  xCore -> C:\fw-mounts\C\Users\johnm\Documents\repos\fw-worktrees\agent-2\Output\Debug\xCore.dll
  UIAdapterInterfaces -> C:\fw-mounts\C\Users\johnm\Documents\repos\fw-worktrees\agent-2\Output\Debug\UIAdapterInterfaces.dll
  SimpleRootSite -> C:\fw-mounts\C\Users\johnm\Documents\repos\fw-worktrees\agent-2\Output\Debug\SimpleRootSite.dll
  RootSite -> C:\fw-mounts\C\Users\johnm\Documents\repos\fw-worktrees\agent-2\Output\Debug\RootSite.dll
  Widgets -> C:\fw-mounts\C\Users\johnm\Documents\repos\fw-worktrees\agent-2\Output\Debug\Widgets.dll
  Filters -> C:\fw-mounts\C\Users\johnm\Documents\repos\fw-worktrees\agent-2\Output\Debug\Filters.dll
  SilSidePane -> C:\fw-mounts\C\Users\johnm\Documents\repos\fw-worktrees\agent-2\Output\Debug\SilSidePane.dll
  FlexUIAdapter -> C:\fw-mounts\C\Users\johnm\Documents\repos\fw-worktrees\agent-2\Output\Debug\FlexUIAdapter.dll
  FwControls -> C:\fw-mounts\C\Users\johnm\Documents\repos\fw-worktrees\agent-2\Output\Debug\FwControls.dll
  Paratext8Plugin -> C:\fw-mounts\C\Users\johnm\Documents\repos\fw-worktrees\agent-2\Output\Debug\Paratext8Plugin.dll
  FwCoreDlgControls -> C:\fw-mounts\C\Users\johnm\Documents\repos\fw-worktrees\agent-2\Output\Debug\FwCoreDlgControls.dll
  MGA -> C:\fw-mounts\C\Users\johnm\Documents\repos\fw-worktrees\agent-2\Output\Debug\MGA.dll
  FwCoreDlgs -> C:\fw-mounts\C\Users\johnm\Documents\repos\fw-worktrees\agent-2\Output\Debug\FwCoreDlgs.dll
  Framework -> C:\fw-mounts\C\Users\johnm\Documents\repos\fw-worktrees\agent-2\Output\Debug\Framework.dll
  ParatextImport -> C:\fw-mounts\C\Users\johnm\Documents\repos\fw-worktrees\agent-2\Output\Debug\ParatextImport.dll
  XMLViews -> C:\fw-mounts\C\Users\johnm\Documents\repos\fw-worktrees\agent-2\Output\Debug\XMLViews.dll
  ScrChecks -> C:\fw-mounts\C\Users\johnm\Documents\repos\fw-worktrees\agent-2\Lib\src\ScrChecks\bin\x64\Debug\net48\ScrChecks.dll
  UnicodeCharEditor -> C:\fw-mounts\C\Users\johnm\Documents\repos\fw-worktrees\agent-2\Output\Debug\UnicodeCharEditor.exe
  Generating component manifest for FwUtils with Platform=x64
  Generating component manifest for SimpleRootSite with Platform=x64
  Generating component manifest for ManagedLgIcuCollator with Platform=x64
  Generating component manifest for ManagedVwWindow with Platform=x64
  OutDir: C:\fw-mounts\C\Users\johnm\Documents\repos\fw-worktrees\agent-2\Src\..\Output\Debug\
  NativeComDlls: C:\fw-mounts\C\Users\johnm\Documents\repos\fw-worktrees\agent-2\Src\..\Output\Debug\GraphiteEngine.dll;C:\fw-mounts\C\Users\johnm\Documents\repos\fw-worktrees\agent-2\Src\..\Output\Debug\UniscribeEngine.dll
  RegFreeComManifests: 
  IsolatedComReferences: 
  Container build: Skipping manifest embedding (using external .manifest file instead)
  ProjectUnpacker -> C:\fw-mounts\C\Users\johnm\Documents\repos\fw-worktrees\agent-2\Output\Debug\ProjectUnpacker.dll
  FwUtilsTests -> C:\fw-mounts\C\Users\johnm\Documents\repos\fw-worktrees\agent-2\Output\Debug\FwUtilsTests.dll
  ObjectBrowser -> C:\fw-mounts\C\Users\johnm\Documents\repos\fw-worktrees\agent-2\Lib\src\ObjectBrowser\bin\x64\Debug\net48\ObjectBrowser.dll
  FixFwDataDll -> C:\fw-mounts\C\Users\johnm\Documents\repos\fw-worktrees\agent-2\Output\Debug\FixFwDataDll.dll
  ParserCore -> C:\fw-mounts\C\Users\johnm\Documents\repos\fw-worktrees\agent-2\Output\Debug\ParserCore.dll
  XMLUtilsTests -> C:\fw-mounts\C\Users\johnm\Documents\repos\fw-worktrees\agent-2\Output\Debug\XMLUtilsTests.dll
CSC : warning CS2002: Source file 'C:\fw-mounts\C\Users\johnm\Documents\repos\fw-worktrees\agent-2\Src\AssemblyInfoForTests.cs' specified multiple times [C:\fw-mounts\C\Users\johnm\Documents\repos\fw-worktrees\agent-2\Src\LexText\ParserCore\ParserCoreTests\ParserCoreTests.csproj]
C:\fw-mounts\C\Users\johnm\Documents\repos\fw-worktrees\agent-2\Src\LexText\ParserCore\ParserCoreTests\M3ToXAmpleTransformerTests.cs(51,8): error CS0414: The field 'M3ToXAmpleTransformerTests.m_fResultMatchesExpected' is assigned but its value is never used [C:\fw-mounts\C\Users\johnm\Documents\repos\fw-worktrees\agent-2\Src\LexText\ParserCore\ParserCoreTests\ParserCoreTests.csproj]
  MessageBoxExLibTests -> C:\fw-mounts\C\Users\johnm\Documents\repos\fw-worktrees\agent-2\Output\Debug\MessageBoxExLibTests.dll
  ManagedLgIcuCollatorTests -> C:\fw-mounts\C\Users\johnm\Documents\repos\fw-worktrees\agent-2\Output\Debug\ManagedLgIcuCollatorTests.dll
CSC : warning CS2002: Source file 'C:\fw-mounts\C\Users\johnm\Documents\repos\fw-worktrees\agent-2\Src\AssemblyInfoForTests.cs' specified multiple times [C:\fw-mounts\C\Users\johnm\Documents\repos\fw-worktrees\agent-2\Src\Common\ViewsInterfaces\ViewsInterfacesTests\ViewsInterfacesTests.csproj]
  ViewsInterfacesTests -> C:\fw-mounts\C\Users\johnm\Documents\repos\fw-worktrees\agent-2\Output\Debug\ViewsInterfacesTests.dll
CSC : warning CS2002: Source file 'C:\fw-mounts\C\Users\johnm\Documents\repos\fw-worktrees\agent-2\Src\AssemblyInfoForTests.cs' specified multiple times [C:\fw-mounts\C\Users\johnm\Documents\repos\fw-worktrees\agent-2\Src\Common\RootSite\RootSiteTests\RootSiteTests.csproj]
  LexTextControls -> C:\fw-mounts\C\Users\johnm\Documents\repos\fw-worktrees\agent-2\Output\Debug\LexTextControls.dll
  RootSiteTests -> C:\fw-mounts\C\Users\johnm\Documents\repos\fw-worktrees\agent-2\Output\Debug\RootSiteTests.dll
C:\fw-mounts\C\Users\johnm\Documents\repos\fw-worktrees\agent-2\Src\LexText\LexTextControls\LexTextControlsTests\LiftExportTests.cs(668,21): error CS0168: The variable 'possibility' is declared but never used [C:\fw-mounts\C\Users\johnm\Documents\repos\fw-worktrees\agent-2\Src\LexText\LexTextControls\LexTextControlsTests\LexTextControlsTests.csproj]
C:\fw-mounts\C\Users\johnm\Documents\repos\fw-worktrees\agent-2\Src\LexText\LexTextControls\LexTextControlsTests\LiftMergerTests.cs(3128,13): error CS0168: The variable 'span' is declared but never used [C:\fw-mounts\C\Users\johnm\Documents\repos\fw-worktrees\agent-2\Src\LexText\LexTextControls\LexTextControlsTests\LexTextControlsTests.csproj]
C:\fw-mounts\C\Users\johnm\Documents\repos\fw-worktrees\agent-2\Src\LexText\LexTextControls\LexTextControlsTests\LiftMergerTests.cs(3210,13): error CS0168: The variable 'text' is declared but never used [C:\fw-mounts\C\Users\johnm\Documents\repos\fw-worktrees\agent-2\Src\LexText\LexTextControls\LexTextControlsTests\LexTextControlsTests.csproj]
C:\fw-mounts\C\Users\johnm\Documents\repos\fw-worktrees\agent-2\Src\LexText\LexTextControls\LexTextControlsTests\LiftMergerTests.cs(3248,13): error CS0168: The variable 'text' is declared but never used [C:\fw-mounts\C\Users\johnm\Documents\repos\fw-worktrees\agent-2\Src\LexText\LexTextControls\LexTextControlsTests\LexTextControlsTests.csproj]
C:\fw-mounts\C\Users\johnm\Documents\repos\fw-worktrees\agent-2\Src\LexText\LexTextControls\LexTextControlsTests\LiftMergerTests.cs(3249,13): error CS0168: The variable 'span' is declared but never used [C:\fw-mounts\C\Users\johnm\Documents\repos\fw-worktrees\agent-2\Src\LexText\LexTextControls\LexTextControlsTests\LexTextControlsTests.csproj]
C:\fw-mounts\C\Users\johnm\Documents\repos\fw-worktrees\agent-2\Src\LexText\LexTextControls\LexTextControlsTests\LiftExportTests.cs(1850,16): error CS0649: Field 'LiftExportTests.DontExpectNewlinesCorrected' is never assigned to, and will always have its default value false [C:\fw-mounts\C\Users\johnm\Documents\repos\fw-worktrees\agent-2\Src\LexText\LexTextControls\LexTextControlsTests\LexTextControlsTests.csproj]
  FdoUi -> C:\fw-mounts\C\Users\johnm\Documents\repos\fw-worktrees\agent-2\Output\Debug\FdoUi.dll
CSC : warning CS2002: Source file 'C:\fw-mounts\C\Users\johnm\Documents\repos\fw-worktrees\agent-2\Src\AssemblyInfoForTests.cs' specified multiple times [C:\fw-mounts\C\Users\johnm\Documents\repos\fw-worktrees\agent-2\Src\Common\Controls\Widgets\WidgetsTests\WidgetsTests.csproj]
C:\fw-mounts\C\Users\johnm\Documents\repos\fw-worktrees\agent-2\Src\Common\Controls\Widgets\WidgetsTests\FwTextBoxTests.cs(22,20): error CS0169: The field 'FwTextBoxTests.m_stylesheet' is never used [C:\fw-mounts\C\Users\johnm\Documents\repos\fw-worktrees\agent-2\Src\Common\Controls\Widgets\WidgetsTests\WidgetsTests.csproj]
C:\fw-mounts\C\Users\johnm\Documents\repos\fw-worktrees\agent-2\Src\Common\Controls\Widgets\WidgetsTests\FwListBoxTests.cs(22,20): error CS0169: The field 'FwListBoxTests.m_stylesheet' is never used [C:\fw-mounts\C\Users\johnm\Documents\repos\fw-worktrees\agent-2\Src\Common\Controls\Widgets\WidgetsTests\WidgetsTests.csproj]
CSC : warning CS2002: Source file 'C:\fw-mounts\C\Users\johnm\Documents\repos\fw-worktrees\agent-2\Src\AssemblyInfoForTests.cs' specified multiple times [C:\fw-mounts\C\Users\johnm\Documents\repos\fw-worktrees\agent-2\Src\FdoUi\FdoUiTests\FdoUiTests.csproj]
  DetailControls -> C:\fw-mounts\C\Users\johnm\Documents\repos\fw-worktrees\agent-2\Output\Debug\DetailControls.dll
CSC : warning CS2002: Source file 'C:\fw-mounts\C\Users\johnm\Documents\repos\fw-worktrees\agent-2\Src\AssemblyInfoForTests.cs' specified multiple times [C:\fw-mounts\C\Users\johnm\Documents\repos\fw-worktrees\agent-2\Src\Common\Controls\FwControls\FwControlsTests\FwControlsTests.csproj]
C:\fw-mounts\C\Users\johnm\Documents\repos\fw-worktrees\agent-2\Src\Common\Controls\FwControls\FwControlsTests\ObtainProjectMethodTests.cs(140,8): error CS0219: The variable 'flags' is assigned but its value is never used [C:\fw-mounts\C\Users\johnm\Documents\repos\fw-worktrees\agent-2\Src\Common\Controls\FwControls\FwControlsTests\FwControlsTests.csproj]
CSC : warning CS2002: Source file 'C:\fw-mounts\C\Users\johnm\Documents\repos\fw-worktrees\agent-2\Src\AssemblyInfoForTests.cs' specified multiple times [C:\fw-mounts\C\Users\johnm\Documents\repos\fw-worktrees\agent-2\Src\XCore\xCoreTests\xCoreTests.csproj]
CSC : warning CS2002: Source file 'C:\fw-mounts\C\Users\johnm\Documents\repos\fw-worktrees\agent-2\Src\AssemblyInfoForTests.cs' specified multiple times [C:\fw-mounts\C\Users\johnm\Documents\repos\fw-worktrees\agent-2\Src\FwCoreDlgs\FwCoreDlgControls\FwCoreDlgControlsTests\FwCoreDlgControlsTests.csproj]
  FwCoreDlgControlsTests -> C:\fw-mounts\C\Users\johnm\Documents\repos\fw-worktrees\agent-2\Output\Debug\FwCoreDlgControlsTests.dll
  xWorks -> C:\fw-mounts\C\Users\johnm\Documents\repos\fw-worktrees\agent-2\Output\Debug\xWorks.dll
CSC : warning CS2002: Source file 'C:\fw-mounts\C\Users\johnm\Documents\repos\fw-worktrees\agent-2\Src\AssemblyInfoForTests.cs' specified multiple times [C:\fw-mounts\C\Users\johnm\Documents\repos\fw-worktrees\agent-2\Src\Common\Filters\FiltersTests\FiltersTests.csproj]
  FiltersTests -> C:\fw-mounts\C\Users\johnm\Documents\repos\fw-worktrees\agent-2\Output\Debug\FiltersTests.dll
  ITextDll -> C:\fw-mounts\C\Users\johnm\Documents\repos\fw-worktrees\agent-2\Output\Debug\ITextDll.dll
CSC : warning CS2002: Source file 'C:\fw-mounts\C\Users\johnm\Documents\repos\fw-worktrees\agent-2\Src\AssemblyInfoForTests.cs' specified multiple times [C:\fw-mounts\C\Users\johnm\Documents\repos\fw-worktrees\agent-2\Src\Common\Framework\FrameworkTests\FrameworkTests.csproj]
C:\fw-mounts\C\Users\johnm\Documents\repos\fw-worktrees\agent-2\Src\XCore\xCoreInterfaces\xCoreInterfacesTests\PropertyTableTests.cs(191,11): error CS0168: The variable 'bestValue' is declared but never used [C:\fw-mounts\C\Users\johnm\Documents\repos\fw-worktrees\agent-2\Src\XCore\xCoreInterfaces\xCoreInterfacesTests\xCoreInterfacesTests.csproj]
C:\fw-mounts\C\Users\johnm\Documents\repos\fw-worktrees\agent-2\Src\XCore\xCoreInterfaces\xCoreInterfacesTests\PropertyTableTests.cs(192,32): error CS0168: The variable 'bestSettings' is declared but never used [C:\fw-mounts\C\Users\johnm\Documents\repos\fw-worktrees\agent-2\Src\XCore\xCoreInterfaces\xCoreInterfacesTests\xCoreInterfacesTests.csproj]
C:\fw-mounts\C\Users\johnm\Documents\repos\fw-worktrees\agent-2\Src\XCore\xCoreInterfaces\xCoreInterfacesTests\PropertyTableTests.cs(203,9): error CS0168: The variable 'gpba' is declared but never used [C:\fw-mounts\C\Users\johnm\Documents\repos\fw-worktrees\agent-2\Src\XCore\xCoreInterfaces\xCoreInterfacesTests\xCoreInterfacesTests.csproj]
C:\fw-mounts\C\Users\johnm\Documents\repos\fw-worktrees\agent-2\Src\XCore\xCoreInterfaces\xCoreInterfacesTests\PropertyTableTests.cs(207,8): error CS0168: The variable 'gpia' is declared but never used [C:\fw-mounts\C\Users\johnm\Documents\repos\fw-worktrees\agent-2\Src\XCore\xCoreInterfaces\xCoreInterfacesTests\xCoreInterfacesTests.csproj]
C:\fw-mounts\C\Users\johnm\Documents\repos\fw-worktrees\agent-2\Src\XCore\xCoreInterfaces\xCoreInterfacesTests\PropertyTableTests.cs(211,11): error CS0168: The variable 'gpsa' is declared but never used [C:\fw-mounts\C\Users\johnm\Documents\repos\fw-worktrees\agent-2\Src\XCore\xCoreInterfaces\xCoreInterfacesTests\xCoreInterfacesTests.csproj]
C:\fw-mounts\C\Users\johnm\Documents\repos\fw-worktrees\agent-2\Src\XCore\xCoreInterfaces\xCoreInterfacesTests\PropertyTableTests.cs(216,9): error CS0168: The variable 'lpba' is declared but never used [C:\fw-mounts\C\Users\johnm\Documents\repos\fw-worktrees\agent-2\Src\XCore\xCoreInterfaces\xCoreInterfacesTests\xCoreInterfacesTests.csproj]
C:\fw-mounts\C\Users\johnm\Documents\repos\fw-worktrees\agent-2\Src\XCore\xCoreInterfaces\xCoreInterfacesTests\PropertyTableTests.cs(220,8): error CS0168: The variable 'lpia' is declared but never used [C:\fw-mounts\C\Users\johnm\Documents\repos\fw-worktrees\agent-2\Src\XCore\xCoreInterfaces\xCoreInterfacesTests\xCoreInterfacesTests.csproj]
C:\fw-mounts\C\Users\johnm\Documents\repos\fw-worktrees\agent-2\Src\XCore\xCoreInterfaces\xCoreInterfacesTests\PropertyTableTests.cs(224,11): error CS0168: The variable 'lpsa' is declared but never used [C:\fw-mounts\C\Users\johnm\Documents\repos\fw-worktrees\agent-2\Src\XCore\xCoreInterfaces\xCoreInterfacesTests\xCoreInterfacesTests.csproj]
C:\fw-mounts\C\Users\johnm\Documents\repos\fw-worktrees\agent-2\Src\XCore\xCoreInterfaces\xCoreInterfacesTests\PropertyTableTests.cs(230,9): error CS0168: The variable 'ugpba' is declared but never used [C:\fw-mounts\C\Users\johnm\Documents\repos\fw-worktrees\agent-2\Src\XCore\xCoreInterfaces\xCoreInterfacesTests\xCoreInterfacesTests.csproj]
C:\fw-mounts\C\Users\johnm\Documents\repos\fw-worktrees\agent-2\Src\XCore\xCoreInterfaces\xCoreInterfacesTests\PropertyTableTests.cs(237,8): error CS0168: The variable 'ulpia' is declared but never used [C:\fw-mounts\C\Users\johnm\Documents\repos\fw-worktrees\agent-2\Src\XCore\xCoreInterfaces\xCoreInterfacesTests\xCoreInterfacesTests.csproj]
C:\fw-mounts\C\Users\johnm\Documents\repos\fw-worktrees\agent-2\Src\XCore\xCoreInterfaces\xCoreInterfacesTests\PropertyTableTests.cs(248,9): error CS0168: The variable 'bpba' is declared but never used [C:\fw-mounts\C\Users\johnm\Documents\repos\fw-worktrees\agent-2\Src\XCore\xCoreInterfaces\xCoreInterfacesTests\xCoreInterfacesTests.csproj]
  FieldWorks -> C:\fw-mounts\C\Users\johnm\Documents\repos\fw-worktrees\agent-2\Output\Debug\FieldWorks.exe
  OutDir: C:\fw-mounts\C\Users\johnm\Documents\repos\fw-worktrees\agent-2\Src\..\Output\Debug\
  NativeComDlls: C:\fw-mounts\C\Users\johnm\Documents\repos\fw-worktrees\agent-2\Src\..\Output\Debug\GraphiteEngine.dll;C:\fw-mounts\C\Users\johnm\Documents\repos\fw-worktrees\agent-2\Src\..\Output\Debug\UniscribeEngine.dll
  RegFreeComManifests: 
  IsolatedComReferences: 
  Container build: Skipping manifest embedding (using external .manifest file instead)
  ParserUITests -> C:\fw-mounts\C\Users\johnm\Documents\repos\fw-worktrees\agent-2\Output\Debug\ParserUITests.dll
C:\BuildTools\MSBuild\Current\Bin\amd64\Microsoft.Common.CurrentVersion.targets(2555,5): warning MSB3836: The explicit binding redirect on "SIL.Core, Culture=neutral, PublicKeyToken=cab3c8c5232dfcf2" conflicts with an autogenerated binding redirect. Consider removing it from the application configuration file or disabling autogenerated binding redirects. The build will replace it with: "<bindingRedirect oldVersion="0.0.0.0-17.0.0.0" newVersion="17.0.0.0" xmlns="urn:schemas-microsoft-com:asm.v1" />". [C:\fw-mounts\C\Users\johnm\Documents\repos\fw-worktrees\agent-2\Src\Paratext8Plugin\ParaText8PluginTests\Paratext8PluginTests.csproj]
CSC : warning CS2002: Source file 'C:\fw-mounts\C\Users\johnm\Documents\repos\fw-worktrees\agent-2\Src\AssemblyInfoForTests.cs' specified multiple times [C:\fw-mounts\C\Users\johnm\Documents\repos\fw-worktrees\agent-2\Src\Paratext8Plugin\ParaText8PluginTests\Paratext8PluginTests.csproj]
C:\fw-mounts\C\Users\johnm\Documents\repos\fw-worktrees\agent-2\Src\Paratext8Plugin\ParaText8PluginTests\ParatextDataIntegrationTests.cs(24,48): error CS0649: Field 'MockScriptureProvider._potentialScriptureProvider' is never assigned to, and will always have its default value null [C:\fw-mounts\C\Users\johnm\Documents\repos\fw-worktrees\agent-2\Src\Paratext8Plugin\ParaText8PluginTests\Paratext8PluginTests.csproj]
  LexTextDll -> C:\fw-mounts\C\Users\johnm\Documents\repos\fw-worktrees\agent-2\Output\Debug\LexTextDll.dll
CSC : warning CS2002: Source file 'C:\fw-mounts\C\Users\johnm\Documents\repos\fw-worktrees\agent-2\Src\AssemblyInfoForTests.cs' specified multiple times [C:\fw-mounts\C\Users\johnm\Documents\repos\fw-worktrees\agent-2\Src\FXT\FxtDll\FxtDllTests\FxtDllTests.csproj]
  MorphologyEditorDll -> C:\fw-mounts\C\Users\johnm\Documents\repos\fw-worktrees\agent-2\Output\Debug\MorphologyEditorDll.dll
CSC : warning CS2002: Source file 'C:\fw-mounts\C\Users\johnm\Documents\repos\fw-worktrees\agent-2\Src\AssemblyInfoForTests.cs' specified multiple times [C:\fw-mounts\C\Users\johnm\Documents\repos\fw-worktrees\agent-2\Src\LexText\Morphology\MGA\MGATests\MGATests.csproj]
CSC : warning CS2002: Source file 'C:\fw-mounts\C\Users\johnm\Documents\repos\fw-worktrees\agent-2\Src\AssemblyInfoForTests.cs' specified multiple times [C:\fw-mounts\C\Users\johnm\Documents\repos\fw-worktrees\agent-2\Src\FwCoreDlgs\FwCoreDlgsTests\FwCoreDlgsTests.csproj]
C:\fw-mounts\C\Users\johnm\Documents\repos\fw-worktrees\agent-2\Src\FwCoreDlgs\FwCoreDlgsTests\FwNewLangProjectModelTests.cs(126,12): error CS0168: The variable 'errorMessage' is declared but never used [C:\fw-mounts\C\Users\johnm\Documents\repos\fw-worktrees\agent-2\Src\FwCoreDlgs\FwCoreDlgsTests\FwCoreDlgsTests.csproj]
C:\fw-mounts\C\Users\johnm\Documents\repos\fw-worktrees\agent-2\Src\FwCoreDlgs\FwCoreDlgsTests\CharContextCtrlTests.cs(28,37): error CS0649: Field 'DummyScrInventory.m_references' is never assigned to, and will always have its default value null [C:\fw-mounts\C\Users\johnm\Documents\repos\fw-worktrees\agent-2\Src\FwCoreDlgs\FwCoreDlgsTests\FwCoreDlgsTests.csproj]
C:\fw-mounts\C\Users\johnm\Documents\repos\fw-worktrees\agent-2\Src\FwCoreDlgs\FwCoreDlgsTests\TestWSContainer.cs(14,35): error CS0169: The field 'TestWSContainer._writingSystemContainerImplementation' is never used [C:\fw-mounts\C\Users\johnm\Documents\repos\fw-worktrees\agent-2\Src\FwCoreDlgs\FwCoreDlgsTests\FwCoreDlgsTests.csproj]
  Discourse -> C:\fw-mounts\C\Users\johnm\Documents\repos\fw-worktrees\agent-2\Output\Debug\Discourse.dll
  ScrChecksTests -> C:\fw-mounts\C\Users\johnm\Documents\repos\fw-worktrees\agent-2\Lib\src\ScrChecks\ScrChecksTests\bin\x64\Debug\net48\ScrChecksTests.dll
CSC : warning CS2002: Source file 'C:\fw-mounts\C\Users\johnm\Documents\repos\fw-worktrees\agent-2\Src\AssemblyInfoForTests.cs' specified multiple times [C:\fw-mounts\C\Users\johnm\Documents\repos\fw-worktrees\agent-2\Src\UnicodeCharEditor\UnicodeCharEditorTests\UnicodeCharEditorTests.csproj]
  UnicodeCharEditorTests -> C:\fw-mounts\C\Users\johnm\Documents\repos\fw-worktrees\agent-2\Output\Debug\UnicodeCharEditorTests.dll
  ParserUI -> C:\fw-mounts\C\Users\johnm\Documents\repos\fw-worktrees\agent-2\Output\Debug\ParserUI.dll
C:\fw-mounts\C\Users\johnm\Documents\repos\fw-worktrees\agent-2\Src\LexText\Discourse\DiscourseTests\ConstituentChartDatabaseTests.cs(19,66): error CS0649: Field 'ConstituentChartDatabaseTests.m_allOccurrences' is never assigned to, and will always have its default value null [C:\fw-mounts\C\Users\johnm\Documents\repos\fw-worktrees\agent-2\Src\LexText\Discourse\DiscourseTests\DiscourseTests.csproj]
C:\fw-mounts\C\Users\johnm\Documents\repos\fw-worktrees\agent-2\Src\LexText\Discourse\DiscourseTests\ConstChartRowDecoratorTests.cs(32,16): error CS0414: The field 'ConstChartRowDecoratorTests.m_PDF' is assigned but its value is never used [C:\fw-mounts\C\Users\johnm\Documents\repos\fw-worktrees\agent-2\Src\LexText\Discourse\DiscourseTests\DiscourseTests.csproj]
  LexEdDll -> C:\fw-mounts\C\Users\johnm\Documents\repos\fw-worktrees\agent-2\Output\Debug\LexEdDll.dll
  MorphologyEditorDllTests -> C:\fw-mounts\C\Users\johnm\Documents\repos\fw-worktrees\agent-2\Output\Debug\MorphologyEditorDllTests.dll
C:\fw-mounts\C\Users\johnm\Documents\repos\fw-worktrees\agent-2\Src\xWorks\xWorksTests\DictionaryConfigManagerTests.cs(440,19): error CS0168: The variable 'item' is declared but never used [C:\fw-mounts\C\Users\johnm\Documents\repos\fw-worktrees\agent-2\Src\xWorks\xWorksTests\xWorksTests.csproj]
C:\fw-mounts\C\Users\johnm\Documents\repos\fw-worktrees\agent-2\Src\xWorks\xWorksTests\DictionaryConfigManagerTests.cs(476,19): error CS0168: The variable 'item' is declared but never used [C:\fw-mounts\C\Users\johnm\Documents\repos\fw-worktrees\agent-2\Src\xWorks\xWorksTests\xWorksTests.csproj]
C:\fw-mounts\C\Users\johnm\Documents\repos\fw-worktrees\agent-2\Src\xWorks\xWorksTests\DictionaryConfigurationModelTests.cs(429,33): error CS0168: The variable 'model' is declared but never used [C:\fw-mounts\C\Users\johnm\Documents\repos\fw-worktrees\agent-2\Src\xWorks\xWorksTests\xWorksTests.csproj]
C:\fw-mounts\C\Users\johnm\Documents\repos\fw-worktrees\agent-2\Src\xWorks\xWorksTests\MacroListenerTests.cs(149,8): error CS0168: The variable 'ichA' is declared but never used [C:\fw-mounts\C\Users\johnm\Documents\repos\fw-worktrees\agent-2\Src\xWorks\xWorksTests\xWorksTests.csproj]
C:\fw-mounts\C\Users\johnm\Documents\repos\fw-worktrees\agent-2\Src\xWorks\xWorksTests\MacroListenerTests.cs(149,14): error CS0168: The variable 'hvoA' is declared but never used [C:\fw-mounts\C\Users\johnm\Documents\repos\fw-worktrees\agent-2\Src\xWorks\xWorksTests\xWorksTests.csproj]
C:\fw-mounts\C\Users\johnm\Documents\repos\fw-worktrees\agent-2\Src\xWorks\xWorksTests\MacroListenerTests.cs(149,30): error CS0168: The variable 'ichE' is declared but never used [C:\fw-mounts\C\Users\johnm\Documents\repos\fw-worktrees\agent-2\Src\xWorks\xWorksTests\xWorksTests.csproj]
C:\fw-mounts\C\Users\johnm\Documents\repos\fw-worktrees\agent-2\Src\xWorks\xWorksTests\MacroListenerTests.cs(163,8): error CS0168: The variable 'ichA' is declared but never used [C:\fw-mounts\C\Users\johnm\Documents\repos\fw-worktrees\agent-2\Src\xWorks\xWorksTests\xWorksTests.csproj]
C:\fw-mounts\C\Users\johnm\Documents\repos\fw-worktrees\agent-2\Src\xWorks\xWorksTests\MacroListenerTests.cs(163,14): error CS0168: The variable 'hvoA' is declared but never used [C:\fw-mounts\C\Users\johnm\Documents\repos\fw-worktrees\agent-2\Src\xWorks\xWorksTests\xWorksTests.csproj]
C:\fw-mounts\C\Users\johnm\Documents\repos\fw-worktrees\agent-2\Src\xWorks\xWorksTests\MacroListenerTests.cs(163,30): error CS0168: The variable 'ichE' is declared but never used [C:\fw-mounts\C\Users\johnm\Documents\repos\fw-worktrees\agent-2\Src\xWorks\xWorksTests\xWorksTests.csproj]
C:\fw-mounts\C\Users\johnm\Documents\repos\fw-worktrees\agent-2\Src\xWorks\xWorksTests\CssGeneratorTests.cs(3316,17): error CS0219: The variable 'counterIncrement' is assigned but its value is never used [C:\fw-mounts\C\Users\johnm\Documents\repos\fw-worktrees\agent-2\Src\xWorks\xWorksTests\xWorksTests.csproj]
C:\fw-mounts\C\Users\johnm\Documents\repos\fw-worktrees\agent-2\Src\xWorks\xWorksTests\ConfiguredXHTMLGeneratorTests.cs(9133,8): error CS0219: The variable 'letterHeaderXPath' is assigned but its value is never used [C:\fw-mounts\C\Users\johnm\Documents\repos\fw-worktrees\agent-2\Src\xWorks\xWorksTests\xWorksTests.csproj]
C:\fw-mounts\C\Users\johnm\Documents\repos\fw-worktrees\agent-2\Src\xWorks\xWorksTests\ConfiguredXHTMLGeneratorTests.cs(10534,20): error CS0649: Field 'CollatorForTest.collator' is never assigned to, and will always have its default value null [C:\fw-mounts\C\Users\johnm\Documents\repos\fw-worktrees\agent-2\Src\xWorks\xWorksTests\xWorksTests.csproj]
C:\fw-mounts\C\Users\johnm\Documents\repos\fw-worktrees\agent-2\Src\xWorks\xWorksTests\MacroListenerTests.cs(239,15): error CS0649: Field 'MacroF2.BeEnabled' is never assigned to, and will always have its default value false [C:\fw-mounts\C\Users\johnm\Documents\repos\fw-worktrees\agent-2\Src\xWorks\xWorksTests\xWorksTests.csproj]
C:\fw-mounts\C\Users\johnm\Documents\repos\fw-worktrees\agent-2\Src\xWorks\xWorksTests\MacroListenerTests.cs(301,14): error CS0649: Field 'MockSelection.EndWs' is never assigned to, and will always have its default value 0 [C:\fw-mounts\C\Users\johnm\Documents\repos\fw-worktrees\agent-2\Src\xWorks\xWorksTests\xWorksTests.csproj]
C:\fw-mounts\C\Users\johnm\Documents\repos\fw-worktrees\agent-2\Src\xWorks\xWorksTests\MacroListenerTests.cs(302,14): error CS0649: Field 'MockSelection.AnchorWs' is never assigned to, and will always have its default value 0 [C:\fw-mounts\C\Users\johnm\Documents\repos\fw-worktrees\agent-2\Src\xWorks\xWorksTests\xWorksTests.csproj]
C:\fw-mounts\C\Users\johnm\Documents\repos\fw-worktrees\agent-2\Src\xWorks\xWorksTests\DictionaryDetailsControllerTests.cs(27,20): error CS0649: Field 'DictionaryDetailsControllerTests.m_mediator' is never assigned to, and will always have its default value null [C:\fw-mounts\C\Users\johnm\Documents\repos\fw-worktrees\agent-2\Src\xWorks\xWorksTests\xWorksTests.csproj]
C:\fw-mounts\C\Users\johnm\Documents\repos\fw-worktrees\agent-2\Src\xWorks\xWorksTests\DictionaryConfigurationMigrators\PreHistoricMigratorTests.cs(29,20): error CS0649: Field 'PreHistoricMigratorTests.m_mediator' is never assigned to, and will always have its default value null [C:\fw-mounts\C\Users\johnm\Documents\repos\fw-worktrees\agent-2\Src\xWorks\xWorksTests\xWorksTests.csproj]
C:\fw-mounts\C\Users\johnm\Documents\repos\fw-worktrees\agent-2\Src\xWorks\xWorksTests\ConfiguredXHTMLGeneratorReversalTests.cs(28,44): error CS0414: The field 'ConfiguredXHTMLGeneratorReversalTests.strComp' is assigned but its value is never used [C:\fw-mounts\C\Users\johnm\Documents\repos\fw-worktrees\agent-2\Src\xWorks\xWorksTests\xWorksTests.csproj]
  MGATests -> C:\fw-mounts\C\Users\johnm\Documents\repos\fw-worktrees\agent-2\Output\Debug\MGATests.dll
  Sfm2XmlTests -> C:\fw-mounts\C\Users\johnm\Documents\repos\fw-worktrees\agent-2\Output\Debug\Sfm2XmlTests.dll
  FxtDllTests -> C:\fw-mounts\C\Users\johnm\Documents\repos\fw-worktrees\agent-2\Output\Debug\FxtDllTests.dll
C:\fw-mounts\C\Users\johnm\Documents\repos\fw-worktrees\agent-2\Src\Common\FieldWorks\FieldWorksTests\ProjectIDTests.cs(22,31): error CS0414: The field 'ProjectIDTests.m_defaultBepType' is assigned but its value is never used [C:\fw-mounts\C\Users\johnm\Documents\repos\fw-worktrees\agent-2\Src\Common\FieldWorks\FieldWorksTests\FieldWorksTests.csproj]
  LexTextDllTests -> C:\fw-mounts\C\Users\johnm\Documents\repos\fw-worktrees\agent-2\Output\Debug\LexTextDllTests.dll
  FwParatextLexiconPlugin -> C:\fw-mounts\C\Users\johnm\Documents\repos\fw-worktrees\agent-2\Output\Debug\FwParatextLexiconPlugin.dll
  LexEdDllTests -> C:\fw-mounts\C\Users\johnm\Documents\repos\fw-worktrees\agent-2\Output\Debug\LexEdDllTests.dll
  XAmpleManagedWrapperTests -> C:\fw-mounts\C\Users\johnm\Documents\repos\fw-worktrees\agent-2\Output\Debug\XAmpleManagedWrapperTests.dll
  FrameworkTests -> C:\fw-mounts\C\Users\johnm\Documents\repos\fw-worktrees\agent-2\Output\Debug\FrameworkTests.dll
  SilSidePaneTests -> C:\fw-mounts\C\Users\johnm\Documents\repos\fw-worktrees\agent-2\Output\Debug\SilSidePaneTests.dll
  xCoreTests -> C:\fw-mounts\C\Users\johnm\Documents\repos\fw-worktrees\agent-2\Output\Debug\xCoreTests.dll
  FlexPathwayPlugin -> C:\fw-mounts\C\Users\johnm\Documents\repos\fw-worktrees\agent-2\Output\Debug\FlexPathwayPlugin.dll
  FdoUiTests -> C:\fw-mounts\C\Users\johnm\Documents\repos\fw-worktrees\agent-2\Output\Debug\FdoUiTests.dll
  CacheLightTests -> C:\fw-mounts\C\Users\johnm\Documents\repos\fw-worktrees\agent-2\Output\Debug\CacheLightTests.dll
  ScriptureUtilsTests -> C:\fw-mounts\C\Users\johnm\Documents\repos\fw-worktrees\agent-2\Output\Debug\ScriptureUtilsTests.dll
CSC : warning CS2002: Source file 'C:\fw-mounts\C\Users\johnm\Documents\repos\fw-worktrees\agent-2\Src\AssemblyInfoForTests.cs' specified multiple times [C:\fw-mounts\C\Users\johnm\Documents\repos\fw-worktrees\agent-2\Src\ManagedVwWindow\ManagedVwWindowTests\ManagedVwWindowTests.csproj]
CSC : warning CS2002: Source file 'C:\fw-mounts\C\Users\johnm\Documents\repos\fw-worktrees\agent-2\Src\AssemblyInfoForTests.cs' specified multiple times [C:\fw-mounts\C\Users\johnm\Documents\repos\fw-worktrees\agent-2\Src\ParatextImport\ParatextImportTests\ParatextImportTests.csproj]
  ManagedVwWindowTests -> C:\fw-mounts\C\Users\johnm\Documents\repos\fw-worktrees\agent-2\Output\Debug\ManagedVwWindowTests.dll
  ParatextImportTests -> C:\fw-mounts\C\Users\johnm\Documents\repos\fw-worktrees\agent-2\Output\Debug\ParatextImportTests.dll
CSC : warning CS2002: Source file 'C:\fw-mounts\C\Users\johnm\Documents\repos\fw-worktrees\agent-2\Src\AssemblyInfoForTests.cs' specified multiple times [C:\fw-mounts\C\Users\johnm\Documents\repos\fw-worktrees\agent-2\Src\Common\SimpleRootSite\SimpleRootSiteTests\SimpleRootSiteTests.csproj]
C:\fw-mounts\C\Users\johnm\Documents\repos\fw-worktrees\agent-2\Src\Common\SimpleRootSite\SimpleRootSiteTests\SimpleRootSiteTests_IsSelectionVisibleTests.cs(98,23): error CS0649: Field 'ScrollTestsBase.m_rootb' is never assigned to, and will always have its default value null [C:\fw-mounts\C\Users\johnm\Documents\repos\fw-worktrees\agent-2\Src\Common\SimpleRootSite\SimpleRootSiteTests\SimpleRootSiteTests.csproj]
CSC : warning CS2002: Source file 'C:\fw-mounts\C\Users\johnm\Documents\repos\fw-worktrees\agent-2\Src\AssemblyInfoForTests.cs' specified multiple times [C:\fw-mounts\C\Users\johnm\Documents\repos\fw-worktrees\agent-2\Src\LexText\FlexPathwayPlugin\FlexPathwayPluginTests\FlexPathwayPluginTests.csproj]
  FlexPathwayPluginTests -> C:\fw-mounts\C\Users\johnm\Documents\repos\fw-worktrees\agent-2\Output\Debug\FlexPathwayPluginTests.dll
CSC : warning CS2002: Source file 'C:\fw-mounts\C\Users\johnm\Documents\repos\fw-worktrees\agent-2\Src\AssemblyInfoForTests.cs' specified multiple times [C:\fw-mounts\C\Users\johnm\Documents\repos\fw-worktrees\agent-2\Src\FwParatextLexiconPlugin\FwParatextLexiconPluginTests\FwParatextLexiconPluginTests.csproj]
  FwParatextLexiconPluginTests -> C:\fw-mounts\C\Users\johnm\Documents\repos\fw-worktrees\agent-2\Output\Debug\FwParatextLexiconPluginTests.dll

Build FAILED.

CSC : warning CS2002: Source file 'C:\fw-mounts\C\Users\johnm\Documents\repos\fw-worktrees\agent-2\Src\AssemblyInfoForTests.cs' specified multiple times [C:\fw-mounts\C\Users\johnm\Documents\repos\fw-worktrees\agent-2\Src\Common\FwUtils\FwUtilsTests\FwUtilsTests.csproj]
CSC : warning CS2002: Source file 'C:\fw-mounts\C\Users\johnm\Documents\repos\fw-worktrees\agent-2\Src\AssemblyInfoForTests.cs' specified multiple times [C:\fw-mounts\C\Users\johnm\Documents\repos\fw-worktrees\agent-2\Src\LexText\ParserCore\ParserCoreTests\ParserCoreTests.csproj]
CSC : warning CS2002: Source file 'C:\fw-mounts\C\Users\johnm\Documents\repos\fw-worktrees\agent-2\Src\AssemblyInfoForTests.cs' specified multiple times [C:\fw-mounts\C\Users\johnm\Documents\repos\fw-worktrees\agent-2\Src\Common\ViewsInterfaces\ViewsInterfacesTests\ViewsInterfacesTests.csproj]
CSC : warning CS2002: Source file 'C:\fw-mounts\C\Users\johnm\Documents\repos\fw-worktrees\agent-2\Src\AssemblyInfoForTests.cs' specified multiple times [C:\fw-mounts\C\Users\johnm\Documents\repos\fw-worktrees\agent-2\Src\Common\RootSite\RootSiteTests\RootSiteTests.csproj]
CSC : warning CS2002: Source file 'C:\fw-mounts\C\Users\johnm\Documents\repos\fw-worktrees\agent-2\Src\AssemblyInfoForTests.cs' specified multiple times [C:\fw-mounts\C\Users\johnm\Documents\repos\fw-worktrees\agent-2\Src\Common\Controls\Widgets\WidgetsTests\WidgetsTests.csproj]
CSC : warning CS2002: Source file 'C:\fw-mounts\C\Users\johnm\Documents\repos\fw-worktrees\agent-2\Src\AssemblyInfoForTests.cs' specified multiple times [C:\fw-mounts\C\Users\johnm\Documents\repos\fw-worktrees\agent-2\Src\FdoUi\FdoUiTests\FdoUiTests.csproj]
CSC : warning CS2002: Source file 'C:\fw-mounts\C\Users\johnm\Documents\repos\fw-worktrees\agent-2\Src\AssemblyInfoForTests.cs' specified multiple times [C:\fw-mounts\C\Users\johnm\Documents\repos\fw-worktrees\agent-2\Src\Common\Controls\FwControls\FwControlsTests\FwControlsTests.csproj]
CSC : warning CS2002: Source file 'C:\fw-mounts\C\Users\johnm\Documents\repos\fw-worktrees\agent-2\Src\AssemblyInfoForTests.cs' specified multiple times [C:\fw-mounts\C\Users\johnm\Documents\repos\fw-worktrees\agent-2\Src\XCore\xCoreTests\xCoreTests.csproj]
CSC : warning CS2002: Source file 'C:\fw-mounts\C\Users\johnm\Documents\repos\fw-worktrees\agent-2\Src\AssemblyInfoForTests.cs' specified multiple times [C:\fw-mounts\C\Users\johnm\Documents\repos\fw-worktrees\agent-2\Src\FwCoreDlgs\FwCoreDlgControls\FwCoreDlgControlsTests\FwCoreDlgControlsTests.csproj]
CSC : warning CS2002: Source file 'C:\fw-mounts\C\Users\johnm\Documents\repos\fw-worktrees\agent-2\Src\AssemblyInfoForTests.cs' specified multiple times [C:\fw-mounts\C\Users\johnm\Documents\repos\fw-worktrees\agent-2\Src\Common\Filters\FiltersTests\FiltersTests.csproj]
CSC : warning CS2002: Source file 'C:\fw-mounts\C\Users\johnm\Documents\repos\fw-worktrees\agent-2\Src\AssemblyInfoForTests.cs' specified multiple times [C:\fw-mounts\C\Users\johnm\Documents\repos\fw-worktrees\agent-2\Src\Common\Framework\FrameworkTests\FrameworkTests.csproj]
C:\BuildTools\MSBuild\Current\Bin\amd64\Microsoft.Common.CurrentVersion.targets(2555,5): warning MSB3836: The explicit binding redirect on "SIL.Core, Culture=neutral, PublicKeyToken=cab3c8c5232dfcf2" conflicts with an autogenerated binding redirect. Consider removing it from the application configuration file or disabling autogenerated binding redirects. The build will replace it with: "<bindingRedirect oldVersion="0.0.0.0-17.0.0.0" newVersion="17.0.0.0" xmlns="urn:schemas-microsoft-com:asm.v1" />". [C:\fw-mounts\C\Users\johnm\Documents\repos\fw-worktrees\agent-2\Src\Paratext8Plugin\ParaText8PluginTests\Paratext8PluginTests.csproj]
CSC : warning CS2002: Source file 'C:\fw-mounts\C\Users\johnm\Documents\repos\fw-worktrees\agent-2\Src\AssemblyInfoForTests.cs' specified multiple times [C:\fw-mounts\C\Users\johnm\Documents\repos\fw-worktrees\agent-2\Src\Paratext8Plugin\ParaText8PluginTests\Paratext8PluginTests.csproj]
CSC : warning CS2002: Source file 'C:\fw-mounts\C\Users\johnm\Documents\repos\fw-worktrees\agent-2\Src\AssemblyInfoForTests.cs' specified multiple times [C:\fw-mounts\C\Users\johnm\Documents\repos\fw-worktrees\agent-2\Src\FXT\FxtDll\FxtDllTests\FxtDllTests.csproj]
CSC : warning CS2002: Source file 'C:\fw-mounts\C\Users\johnm\Documents\repos\fw-worktrees\agent-2\Src\AssemblyInfoForTests.cs' specified multiple times [C:\fw-mounts\C\Users\johnm\Documents\repos\fw-worktrees\agent-2\Src\LexText\Morphology\MGA\MGATests\MGATests.csproj]
CSC : warning CS2002: Source file 'C:\fw-mounts\C\Users\johnm\Documents\repos\fw-worktrees\agent-2\Src\AssemblyInfoForTests.cs' specified multiple times [C:\fw-mounts\C\Users\johnm\Documents\repos\fw-worktrees\agent-2\Src\FwCoreDlgs\FwCoreDlgsTests\FwCoreDlgsTests.csproj]
CSC : warning CS2002: Source file 'C:\fw-mounts\C\Users\johnm\Documents\repos\fw-worktrees\agent-2\Src\AssemblyInfoForTests.cs' specified multiple times [C:\fw-mounts\C\Users\johnm\Documents\repos\fw-worktrees\agent-2\Src\UnicodeCharEditor\UnicodeCharEditorTests\UnicodeCharEditorTests.csproj]
CSC : warning CS2002: Source file 'C:\fw-mounts\C\Users\johnm\Documents\repos\fw-worktrees\agent-2\Src\AssemblyInfoForTests.cs' specified multiple times [C:\fw-mounts\C\Users\johnm\Documents\repos\fw-worktrees\agent-2\Src\ManagedVwWindow\ManagedVwWindowTests\ManagedVwWindowTests.csproj]
CSC : warning CS2002: Source file 'C:\fw-mounts\C\Users\johnm\Documents\repos\fw-worktrees\agent-2\Src\AssemblyInfoForTests.cs' specified multiple times [C:\fw-mounts\C\Users\johnm\Documents\repos\fw-worktrees\agent-2\Src\ParatextImport\ParatextImportTests\ParatextImportTests.csproj]
CSC : warning CS2002: Source file 'C:\fw-mounts\C\Users\johnm\Documents\repos\fw-worktrees\agent-2\Src\AssemblyInfoForTests.cs' specified multiple times [C:\fw-mounts\C\Users\johnm\Documents\repos\fw-worktrees\agent-2\Src\Common\SimpleRootSite\SimpleRootSiteTests\SimpleRootSiteTests.csproj]
CSC : warning CS2002: Source file 'C:\fw-mounts\C\Users\johnm\Documents\repos\fw-worktrees\agent-2\Src\AssemblyInfoForTests.cs' specified multiple times [C:\fw-mounts\C\Users\johnm\Documents\repos\fw-worktrees\agent-2\Src\LexText\FlexPathwayPlugin\FlexPathwayPluginTests\FlexPathwayPluginTests.csproj]
CSC : warning CS2002: Source file 'C:\fw-mounts\C\Users\johnm\Documents\repos\fw-worktrees\agent-2\Src\AssemblyInfoForTests.cs' specified multiple times [C:\fw-mounts\C\Users\johnm\Documents\repos\fw-worktrees\agent-2\Src\FwParatextLexiconPlugin\FwParatextLexiconPluginTests\FwParatextLexiconPluginTests.csproj]
C:\fw-mounts\C\Users\johnm\Documents\repos\fw-worktrees\agent-2\Src\LexText\ParserCore\ParserCoreTests\M3ToXAmpleTransformerTests.cs(51,8): error CS0414: The field 'M3ToXAmpleTransformerTests.m_fResultMatchesExpected' is assigned but its value is never used [C:\fw-mounts\C\Users\johnm\Documents\repos\fw-worktrees\agent-2\Src\LexText\ParserCore\ParserCoreTests\ParserCoreTests.csproj]
C:\fw-mounts\C\Users\johnm\Documents\repos\fw-worktrees\agent-2\Src\LexText\LexTextControls\LexTextControlsTests\LiftExportTests.cs(668,21): error CS0168: The variable 'possibility' is declared but never used [C:\fw-mounts\C\Users\johnm\Documents\repos\fw-worktrees\agent-2\Src\LexText\LexTextControls\LexTextControlsTests\LexTextControlsTests.csproj]
C:\fw-mounts\C\Users\johnm\Documents\repos\fw-worktrees\agent-2\Src\LexText\LexTextControls\LexTextControlsTests\LiftMergerTests.cs(3128,13): error CS0168: The variable 'span' is declared but never used [C:\fw-mounts\C\Users\johnm\Documents\repos\fw-worktrees\agent-2\Src\LexText\LexTextControls\LexTextControlsTests\LexTextControlsTests.csproj]
C:\fw-mounts\C\Users\johnm\Documents\repos\fw-worktrees\agent-2\Src\LexText\LexTextControls\LexTextControlsTests\LiftMergerTests.cs(3210,13): error CS0168: The variable 'text' is declared but never used [C:\fw-mounts\C\Users\johnm\Documents\repos\fw-worktrees\agent-2\Src\LexText\LexTextControls\LexTextControlsTests\LexTextControlsTests.csproj]
C:\fw-mounts\C\Users\johnm\Documents\repos\fw-worktrees\agent-2\Src\LexText\LexTextControls\LexTextControlsTests\LiftMergerTests.cs(3248,13): error CS0168: The variable 'text' is declared but never used [C:\fw-mounts\C\Users\johnm\Documents\repos\fw-worktrees\agent-2\Src\LexText\LexTextControls\LexTextControlsTests\LexTextControlsTests.csproj]
C:\fw-mounts\C\Users\johnm\Documents\repos\fw-worktrees\agent-2\Src\LexText\LexTextControls\LexTextControlsTests\LiftMergerTests.cs(3249,13): error CS0168: The variable 'span' is declared but never used [C:\fw-mounts\C\Users\johnm\Documents\repos\fw-worktrees\agent-2\Src\LexText\LexTextControls\LexTextControlsTests\LexTextControlsTests.csproj]
C:\fw-mounts\C\Users\johnm\Documents\repos\fw-worktrees\agent-2\Src\LexText\LexTextControls\LexTextControlsTests\LiftExportTests.cs(1850,16): error CS0649: Field 'LiftExportTests.DontExpectNewlinesCorrected' is never assigned to, and will always have its default value false [C:\fw-mounts\C\Users\johnm\Documents\repos\fw-worktrees\agent-2\Src\LexText\LexTextControls\LexTextControlsTests\LexTextControlsTests.csproj]
C:\fw-mounts\C\Users\johnm\Documents\repos\fw-worktrees\agent-2\Src\Common\Controls\Widgets\WidgetsTests\FwTextBoxTests.cs(22,20): error CS0169: The field 'FwTextBoxTests.m_stylesheet' is never used [C:\fw-mounts\C\Users\johnm\Documents\repos\fw-worktrees\agent-2\Src\Common\Controls\Widgets\WidgetsTests\WidgetsTests.csproj]
C:\fw-mounts\C\Users\johnm\Documents\repos\fw-worktrees\agent-2\Src\Common\Controls\Widgets\WidgetsTests\FwListBoxTests.cs(22,20): error CS0169: The field 'FwListBoxTests.m_stylesheet' is never used [C:\fw-mounts\C\Users\johnm\Documents\repos\fw-worktrees\agent-2\Src\Common\Controls\Widgets\WidgetsTests\WidgetsTests.csproj]
C:\fw-mounts\C\Users\johnm\Documents\repos\fw-worktrees\agent-2\Src\Common\Controls\FwControls\FwControlsTests\ObtainProjectMethodTests.cs(140,8): error CS0219: The variable 'flags' is assigned but its value is never used [C:\fw-mounts\C\Users\johnm\Documents\repos\fw-worktrees\agent-2\Src\Common\Controls\FwControls\FwControlsTests\FwControlsTests.csproj]
C:\fw-mounts\C\Users\johnm\Documents\repos\fw-worktrees\agent-2\Src\XCore\xCoreInterfaces\xCoreInterfacesTests\PropertyTableTests.cs(191,11): error CS0168: The variable 'bestValue' is declared but never used [C:\fw-mounts\C\Users\johnm\Documents\repos\fw-worktrees\agent-2\Src\XCore\xCoreInterfaces\xCoreInterfacesTests\xCoreInterfacesTests.csproj]
C:\fw-mounts\C\Users\johnm\Documents\repos\fw-worktrees\agent-2\Src\XCore\xCoreInterfaces\xCoreInterfacesTests\PropertyTableTests.cs(192,32): error CS0168: The variable 'bestSettings' is declared but never used [C:\fw-mounts\C\Users\johnm\Documents\repos\fw-worktrees\agent-2\Src\XCore\xCoreInterfaces\xCoreInterfacesTests\xCoreInterfacesTests.csproj]
C:\fw-mounts\C\Users\johnm\Documents\repos\fw-worktrees\agent-2\Src\XCore\xCoreInterfaces\xCoreInterfacesTests\PropertyTableTests.cs(203,9): error CS0168: The variable 'gpba' is declared but never used [C:\fw-mounts\C\Users\johnm\Documents\repos\fw-worktrees\agent-2\Src\XCore\xCoreInterfaces\xCoreInterfacesTests\xCoreInterfacesTests.csproj]
C:\fw-mounts\C\Users\johnm\Documents\repos\fw-worktrees\agent-2\Src\XCore\xCoreInterfaces\xCoreInterfacesTests\PropertyTableTests.cs(207,8): error CS0168: The variable 'gpia' is declared but never used [C:\fw-mounts\C\Users\johnm\Documents\repos\fw-worktrees\agent-2\Src\XCore\xCoreInterfaces\xCoreInterfacesTests\xCoreInterfacesTests.csproj]
C:\fw-mounts\C\Users\johnm\Documents\repos\fw-worktrees\agent-2\Src\XCore\xCoreInterfaces\xCoreInterfacesTests\PropertyTableTests.cs(211,11): error CS0168: The variable 'gpsa' is declared but never used [C:\fw-mounts\C\Users\johnm\Documents\repos\fw-worktrees\agent-2\Src\XCore\xCoreInterfaces\xCoreInterfacesTests\xCoreInterfacesTests.csproj]
C:\fw-mounts\C\Users\johnm\Documents\repos\fw-worktrees\agent-2\Src\XCore\xCoreInterfaces\xCoreInterfacesTests\PropertyTableTests.cs(216,9): error CS0168: The variable 'lpba' is declared but never used [C:\fw-mounts\C\Users\johnm\Documents\repos\fw-worktrees\agent-2\Src\XCore\xCoreInterfaces\xCoreInterfacesTests\xCoreInterfacesTests.csproj]
C:\fw-mounts\C\Users\johnm\Documents\repos\fw-worktrees\agent-2\Src\XCore\xCoreInterfaces\xCoreInterfacesTests\PropertyTableTests.cs(220,8): error CS0168: The variable 'lpia' is declared but never used [C:\fw-mounts\C\Users\johnm\Documents\repos\fw-worktrees\agent-2\Src\XCore\xCoreInterfaces\xCoreInterfacesTests\xCoreInterfacesTests.csproj]
C:\fw-mounts\C\Users\johnm\Documents\repos\fw-worktrees\agent-2\Src\XCore\xCoreInterfaces\xCoreInterfacesTests\PropertyTableTests.cs(224,11): error CS0168: The variable 'lpsa' is declared but never used [C:\fw-mounts\C\Users\johnm\Documents\repos\fw-worktrees\agent-2\Src\XCore\xCoreInterfaces\xCoreInterfacesTests\xCoreInterfacesTests.csproj]
C:\fw-mounts\C\Users\johnm\Documents\repos\fw-worktrees\agent-2\Src\XCore\xCoreInterfaces\xCoreInterfacesTests\PropertyTableTests.cs(230,9): error CS0168: The variable 'ugpba' is declared but never used [C:\fw-mounts\C\Users\johnm\Documents\repos\fw-worktrees\agent-2\Src\XCore\xCoreInterfaces\xCoreInterfacesTests\xCoreInterfacesTests.csproj]
C:\fw-mounts\C\Users\johnm\Documents\repos\fw-worktrees\agent-2\Src\XCore\xCoreInterfaces\xCoreInterfacesTests\PropertyTableTests.cs(237,8): error CS0168: The variable 'ulpia' is declared but never used [C:\fw-mounts\C\Users\johnm\Documents\repos\fw-worktrees\agent-2\Src\XCore\xCoreInterfaces\xCoreInterfacesTests\xCoreInterfacesTests.csproj]
C:\fw-mounts\C\Users\johnm\Documents\repos\fw-worktrees\agent-2\Src\XCore\xCoreInterfaces\xCoreInterfacesTests\PropertyTableTests.cs(248,9): error CS0168: The variable 'bpba' is declared but never used [C:\fw-mounts\C\Users\johnm\Documents\repos\fw-worktrees\agent-2\Src\XCore\xCoreInterfaces\xCoreInterfacesTests\xCoreInterfacesTests.csproj]
C:\fw-mounts\C\Users\johnm\Documents\repos\fw-worktrees\agent-2\Src\Paratext8Plugin\ParaText8PluginTests\ParatextDataIntegrationTests.cs(24,48): error CS0649: Field 'MockScriptureProvider._potentialScriptureProvider' is never assigned to, and will always have its default value null [C:\fw-mounts\C\Users\johnm\Documents\repos\fw-worktrees\agent-2\Src\Paratext8Plugin\ParaText8PluginTests\Paratext8PluginTests.csproj]
C:\fw-mounts\C\Users\johnm\Documents\repos\fw-worktrees\agent-2\Src\FwCoreDlgs\FwCoreDlgsTests\FwNewLangProjectModelTests.cs(126,12): error CS0168: The variable 'errorMessage' is declared but never used [C:\fw-mounts\C\Users\johnm\Documents\repos\fw-worktrees\agent-2\Src\FwCoreDlgs\FwCoreDlgsTests\FwCoreDlgsTests.csproj]
C:\fw-mounts\C\Users\johnm\Documents\repos\fw-worktrees\agent-2\Src\FwCoreDlgs\FwCoreDlgsTests\CharContextCtrlTests.cs(28,37): error CS0649: Field 'DummyScrInventory.m_references' is never assigned to, and will always have its default value null [C:\fw-mounts\C\Users\johnm\Documents\repos\fw-worktrees\agent-2\Src\FwCoreDlgs\FwCoreDlgsTests\FwCoreDlgsTests.csproj]
C:\fw-mounts\C\Users\johnm\Documents\repos\fw-worktrees\agent-2\Src\FwCoreDlgs\FwCoreDlgsTests\TestWSContainer.cs(14,35): error CS0169: The field 'TestWSContainer._writingSystemContainerImplementation' is never used [C:\fw-mounts\C\Users\johnm\Documents\repos\fw-worktrees\agent-2\Src\FwCoreDlgs\FwCoreDlgsTests\FwCoreDlgsTests.csproj]
C:\fw-mounts\C\Users\johnm\Documents\repos\fw-worktrees\agent-2\Src\LexText\Discourse\DiscourseTests\ConstituentChartDatabaseTests.cs(19,66): error CS0649: Field 'ConstituentChartDatabaseTests.m_allOccurrences' is never assigned to, and will always have its default value null [C:\fw-mounts\C\Users\johnm\Documents\repos\fw-worktrees\agent-2\Src\LexText\Discourse\DiscourseTests\DiscourseTests.csproj]
C:\fw-mounts\C\Users\johnm\Documents\repos\fw-worktrees\agent-2\Src\LexText\Discourse\DiscourseTests\ConstChartRowDecoratorTests.cs(32,16): error CS0414: The field 'ConstChartRowDecoratorTests.m_PDF' is assigned but its value is never used [C:\fw-mounts\C\Users\johnm\Documents\repos\fw-worktrees\agent-2\Src\LexText\Discourse\DiscourseTests\DiscourseTests.csproj]
C:\fw-mounts\C\Users\johnm\Documents\repos\fw-worktrees\agent-2\Src\xWorks\xWorksTests\DictionaryConfigManagerTests.cs(440,19): error CS0168: The variable 'item' is declared but never used [C:\fw-mounts\C\Users\johnm\Documents\repos\fw-worktrees\agent-2\Src\xWorks\xWorksTests\xWorksTests.csproj]
C:\fw-mounts\C\Users\johnm\Documents\repos\fw-worktrees\agent-2\Src\xWorks\xWorksTests\DictionaryConfigManagerTests.cs(476,19): error CS0168: The variable 'item' is declared but never used [C:\fw-mounts\C\Users\johnm\Documents\repos\fw-worktrees\agent-2\Src\xWorks\xWorksTests\xWorksTests.csproj]
C:\fw-mounts\C\Users\johnm\Documents\repos\fw-worktrees\agent-2\Src\xWorks\xWorksTests\DictionaryConfigurationModelTests.cs(429,33): error CS0168: The variable 'model' is declared but never used [C:\fw-mounts\C\Users\johnm\Documents\repos\fw-worktrees\agent-2\Src\xWorks\xWorksTests\xWorksTests.csproj]
C:\fw-mounts\C\Users\johnm\Documents\repos\fw-worktrees\agent-2\Src\xWorks\xWorksTests\MacroListenerTests.cs(149,8): error CS0168: The variable 'ichA' is declared but never used [C:\fw-mounts\C\Users\johnm\Documents\repos\fw-worktrees\agent-2\Src\xWorks\xWorksTests\xWorksTests.csproj]
C:\fw-mounts\C\Users\johnm\Documents\repos\fw-worktrees\agent-2\Src\xWorks\xWorksTests\MacroListenerTests.cs(149,14): error CS0168: The variable 'hvoA' is declared but never used [C:\fw-mounts\C\Users\johnm\Documents\repos\fw-worktrees\agent-2\Src\xWorks\xWorksTests\xWorksTests.csproj]
C:\fw-mounts\C\Users\johnm\Documents\repos\fw-worktrees\agent-2\Src\xWorks\xWorksTests\MacroListenerTests.cs(149,30): error CS0168: The variable 'ichE' is declared but never used [C:\fw-mounts\C\Users\johnm\Documents\repos\fw-worktrees\agent-2\Src\xWorks\xWorksTests\xWorksTests.csproj]
C:\fw-mounts\C\Users\johnm\Documents\repos\fw-worktrees\agent-2\Src\xWorks\xWorksTests\MacroListenerTests.cs(163,8): error CS0168: The variable 'ichA' is declared but never used [C:\fw-mounts\C\Users\johnm\Documents\repos\fw-worktrees\agent-2\Src\xWorks\xWorksTests\xWorksTests.csproj]
C:\fw-mounts\C\Users\johnm\Documents\repos\fw-worktrees\agent-2\Src\xWorks\xWorksTests\MacroListenerTests.cs(163,14): error CS0168: The variable 'hvoA' is declared but never used [C:\fw-mounts\C\Users\johnm\Documents\repos\fw-worktrees\agent-2\Src\xWorks\xWorksTests\xWorksTests.csproj]
C:\fw-mounts\C\Users\johnm\Documents\repos\fw-worktrees\agent-2\Src\xWorks\xWorksTests\MacroListenerTests.cs(163,30): error CS0168: The variable 'ichE' is declared but never used [C:\fw-mounts\C\Users\johnm\Documents\repos\fw-worktrees\agent-2\Src\xWorks\xWorksTests\xWorksTests.csproj]
C:\fw-mounts\C\Users\johnm\Documents\repos\fw-worktrees\agent-2\Src\xWorks\xWorksTests\CssGeneratorTests.cs(3316,17): error CS0219: The variable 'counterIncrement' is assigned but its value is never used [C:\fw-mounts\C\Users\johnm\Documents\repos\fw-worktrees\agent-2\Src\xWorks\xWorksTests\xWorksTests.csproj]
C:\fw-mounts\C\Users\johnm\Documents\repos\fw-worktrees\agent-2\Src\xWorks\xWorksTests\ConfiguredXHTMLGeneratorTests.cs(9133,8): error CS0219: The variable 'letterHeaderXPath' is assigned but its value is never used [C:\fw-mounts\C\Users\johnm\Documents\repos\fw-worktrees\agent-2\Src\xWorks\xWorksTests\xWorksTests.csproj]
C:\fw-mounts\C\Users\johnm\Documents\repos\fw-worktrees\agent-2\Src\xWorks\xWorksTests\ConfiguredXHTMLGeneratorTests.cs(10534,20): error CS0649: Field 'CollatorForTest.collator' is never assigned to, and will always have its default value null [C:\fw-mounts\C\Users\johnm\Documents\repos\fw-worktrees\agent-2\Src\xWorks\xWorksTests\xWorksTests.csproj]
C:\fw-mounts\C\Users\johnm\Documents\repos\fw-worktrees\agent-2\Src\xWorks\xWorksTests\MacroListenerTests.cs(239,15): error CS0649: Field 'MacroF2.BeEnabled' is never assigned to, and will always have its default value false [C:\fw-mounts\C\Users\johnm\Documents\repos\fw-worktrees\agent-2\Src\xWorks\xWorksTests\xWorksTests.csproj]
C:\fw-mounts\C\Users\johnm\Documents\repos\fw-worktrees\agent-2\Src\xWorks\xWorksTests\MacroListenerTests.cs(301,14): error CS0649: Field 'MockSelection.EndWs' is never assigned to, and will always have its default value 0 [C:\fw-mounts\C\Users\johnm\Documents\repos\fw-worktrees\agent-2\Src\xWorks\xWorksTests\xWorksTests.csproj]
C:\fw-mounts\C\Users\johnm\Documents\repos\fw-worktrees\agent-2\Src\xWorks\xWorksTests\MacroListenerTests.cs(302,14): error CS0649: Field 'MockSelection.AnchorWs' is never assigned to, and will always have its default value 0 [C:\fw-mounts\C\Users\johnm\Documents\repos\fw-worktrees\agent-2\Src\xWorks\xWorksTests\xWorksTests.csproj]
C:\fw-mounts\C\Users\johnm\Documents\repos\fw-worktrees\agent-2\Src\xWorks\xWorksTests\DictionaryDetailsControllerTests.cs(27,20): error CS0649: Field 'DictionaryDetailsControllerTests.m_mediator' is never assigned to, and will always have its default value null [C:\fw-mounts\C\Users\johnm\Documents\repos\fw-worktrees\agent-2\Src\xWorks\xWorksTests\xWorksTests.csproj]
C:\fw-mounts\C\Users\johnm\Documents\repos\fw-worktrees\agent-2\Src\xWorks\xWorksTests\DictionaryConfigurationMigrators\PreHistoricMigratorTests.cs(29,20): error CS0649: Field 'PreHistoricMigratorTests.m_mediator' is never assigned to, and will always have its default value null [C:\fw-mounts\C\Users\johnm\Documents\repos\fw-worktrees\agent-2\Src\xWorks\xWorksTests\xWorksTests.csproj]
C:\fw-mounts\C\Users\johnm\Documents\repos\fw-worktrees\agent-2\Src\xWorks\xWorksTests\ConfiguredXHTMLGeneratorReversalTests.cs(28,44): error CS0414: The field 'ConfiguredXHTMLGeneratorReversalTests.strComp' is assigned but its value is never used [C:\fw-mounts\C\Users\johnm\Documents\repos\fw-worktrees\agent-2\Src\xWorks\xWorksTests\xWorksTests.csproj]
C:\fw-mounts\C\Users\johnm\Documents\repos\fw-worktrees\agent-2\Src\Common\FieldWorks\FieldWorksTests\ProjectIDTests.cs(22,31): error CS0414: The field 'ProjectIDTests.m_defaultBepType' is assigned but its value is never used [C:\fw-mounts\C\Users\johnm\Documents\repos\fw-worktrees\agent-2\Src\Common\FieldWorks\FieldWorksTests\FieldWorksTests.csproj]
C:\fw-mounts\C\Users\johnm\Documents\repos\fw-worktrees\agent-2\Src\Common\SimpleRootSite\SimpleRootSiteTests\SimpleRootSiteTests_IsSelectionVisibleTests.cs(98,23): error CS0649: Field 'ScrollTestsBase.m_rootb' is never assigned to, and will always have its default value null [C:\fw-mounts\C\Users\johnm\Documents\repos\fw-worktrees\agent-2\Src\Common\SimpleRootSite\SimpleRootSiteTests\SimpleRootSiteTests.csproj]
    22 Warning(s)
    47 Error(s)

Time Elapsed 00:01:05.88
docker.exe : MSBuild failed during FieldWorks Solution with exit code 1

At 
C:\Users\johnm\Documents\repos\fw-worktrees\agent-2\Build\Agent\FwContainerHelpers.psm1:255 
char:5
+     & docker exec $containerName cmd /S /C "C:\scripts\VsDevShell.cmd ...
+     ~~~~~~~~~~~~~~~~~~~~~~~~~~~~~~~~~~~~~~~~~~~~~~~~~~~~~~~~~~~~~~~~~
    + CategoryInfo          : NotSpecified: (MSBuild failed ...h exit code 1
:String) [], RemoteException
    + FullyQualifiedErrorId : NativeCommandError
 
docker.exe : At C:\fw-mounts\C\Users\johnm\Documents\repos\fw-worktrees\agent-2\Build\Agent\

At 
C:\Users\johnm\Documents\repos\fw-worktrees\agent-2\Build\Agent\FwContainerHelpers.psm1:255 
char:5
+     & docker exec $containerName cmd /S /C "C:\scripts\VsDevShell.cmd ...
+     ~~~~~~~~~~~~~~~~~~~~~~~~~~~~~~~~~~~~~~~~~~~~~~~~~~~~~~~~~~~~~~~~~
    + CategoryInfo          : NotSpecified: (At C:\fw-mounts...\Build\Agent\
:String) [], RemoteException
    + FullyQualifiedErrorId : NativeCommandError
 
docker.exe : FwBuildEnvironment.psm1:180 char:9

At 
C:\Users\johnm\Documents\repos\fw-worktrees\agent-2\Build\Agent\FwContainerHelpers.psm1:255 
char:5
+     & docker exec $containerName cmd /S /C "C:\scripts\VsDevShell.cmd ...
+     ~~~~~~~~~~~~~~~~~~~~~~~~~~~~~~~~~~~~~~~~~~~~~~~~~~~~~~~~~~~~~~~~~
    + CategoryInfo          : NotSpecified: (FwBuildEnvironment.psm1:180 char:9
:String) [], RemoteException
    + FullyQualifiedErrorId : NativeCommandError
 
docker.exe : +         throw $errorMsg

At 
C:\Users\johnm\Documents\repos\fw-worktrees\agent-2\Build\Agent\FwContainerHelpers.psm1:255 
char:5
+     & docker exec $containerName cmd /S /C "C:\scripts\VsDevShell.cmd ...
+     ~~~~~~~~~~~~~~~~~~~~~~~~~~~~~~~~~~~~~~~~~~~~~~~~~~~~~~~~~~~~~~~~~
    + CategoryInfo          : NotSpecified: (+         throw $errorMsg
:String) [], RemoteException
    + FullyQualifiedErrorId : NativeCommandError
 
docker.exe : +         ~~~~~~~~~~~~~~~

At 
C:\Users\johnm\Documents\repos\fw-worktrees\agent-2\Build\Agent\FwContainerHelpers.psm1:255 
char:5
+     & docker exec $containerName cmd /S /C "C:\scripts\VsDevShell.cmd ...
+     ~~~~~~~~~~~~~~~~~~~~~~~~~~~~~~~~~~~~~~~~~~~~~~~~~~~~~~~~~~~~~~~~~
    + CategoryInfo          : NotSpecified: (+         ~~~~~~~~~~~~~~~
:String) [], RemoteException
    + FullyQualifiedErrorId : NativeCommandError
 
docker.exe :     + CategoryInfo          : OperationStopped: (MSBuild failed ...ith exit co 

At 
C:\Users\johnm\Documents\repos\fw-worktrees\agent-2\Build\Agent\FwContainerHelpers.psm1:255 
char:5
+     & docker exec $containerName cmd /S /C "C:\scripts\VsDevShell.cmd ...
+     ~~~~~~~~~~~~~~~~~~~~~~~~~~~~~~~~~~~~~~~~~~~~~~~~~~~~~~~~~~~~~~~~~
    + CategoryInfo          : NotSpecified: (    + CategoryI....ith exit co 
:String) [], RemoteException
    + FullyQualifiedErrorId : NativeCommandError
 
docker.exe :    de 1:String) [], RuntimeException

At 
C:\Users\johnm\Documents\repos\fw-worktrees\agent-2\Build\Agent\FwContainerHelpers.psm1:255 
char:5
+     & docker exec $containerName cmd /S /C "C:\scripts\VsDevShell.cmd ...
+     ~~~~~~~~~~~~~~~~~~~~~~~~~~~~~~~~~~~~~~~~~~~~~~~~~~~~~~~~~~~~~~~~~
    + CategoryInfo          : NotSpecified: (   de 1:String) [], RuntimeException
:String) [], RemoteException
    + FullyQualifiedErrorId : NativeCommandError
 
docker.exe :     + FullyQualifiedErrorId : MSBuild failed during FieldWorks Solution with e 

At 
C:\Users\johnm\Documents\repos\fw-worktrees\agent-2\Build\Agent\FwContainerHelpers.psm1:255 
char:5
+     & docker exec $containerName cmd /S /C "C:\scripts\VsDevShell.cmd ...
+     ~~~~~~~~~~~~~~~~~~~~~~~~~~~~~~~~~~~~~~~~~~~~~~~~~~~~~~~~~~~~~~~~~
    + CategoryInfo          : NotSpecified: (    + FullyQual...ution with e 
:String) [], RemoteException
    + FullyQualifiedErrorId : NativeCommandError
 
docker.exe :    xit code 1

At 
C:\Users\johnm\Documents\repos\fw-worktrees\agent-2\Build\Agent\FwContainerHelpers.psm1:255 
char:5
+     & docker exec $containerName cmd /S /C "C:\scripts\VsDevShell.cmd ...
+     ~~~~~~~~~~~~~~~~~~~~~~~~~~~~~~~~~~~~~~~~~~~~~~~~~~~~~~~~~~~~~~~~~
    + CategoryInfo          : NotSpecified: (   xit code 1
:String) [], RemoteException
    + FullyQualifiedErrorId : NativeCommandError
 
docker.exe :  

At 
C:\Users\johnm\Documents\repos\fw-worktrees\agent-2\Build\Agent\FwContainerHelpers.psm1:255 
char:5
+     & docker exec $containerName cmd /S /C "C:\scripts\VsDevShell.cmd ...
+     ~~~~~~~~~~~~~~~~~~~~~~~~~~~~~~~~~~~~~~~~~~~~~~~~~~~~~~~~~~~~~~~~~
    + CategoryInfo          : NotSpecified: ( 
:String) [], RemoteException
    + FullyQualifiedErrorId : NativeCommandError
 
