LHSName					"SIL-Unicode50PUA-2006"
RHSName					"Unicode50"
LHSDescription			"Unicode 3.2 with SIL PUA values"
RHSDescription			"Unicode 5.0"
Version					"1.0"
Contact					"mailto:lorna_priest@sil.org"
RegistrationAuthority	"SIL International"
RegistrationName		"PUAtoUnicode50"

; 2006-08-14	LP	added Unicode 5.0 chars
; 2005-10-06	LP	added U+01B7 U+230A U+230B U+02C0 U+0308
; 2005-10-03	LP	added Unicode 4.1 chars
; 2004-07-21	JK	created

pass(Unicode)

U+F134	<>	LEFT_FLOOR ; U+230A
U+F135	<>	RIGHT_FLOOR ; U+230B

U+F171	<>	COMBINING_MACRON_ACUTE ; U+1DC4
U+F172	<>	COMBINING_GRAVE_MACRON ; U+1DC5
U+F173	<>	COMBINING_MACRON_GRAVE ; U+1DC6
U+F174	<>	COMBINING_ACUTE_MACRON ; U+1DC7
U+F175	<>	COMBINING_GRAVE_ACUTE_GRAVE ; U+1DC8
U+F177	<>	COMBINING_DOUBLE_MACRON
U+F178	<>	COMBINING_LATIN_SMALL_LETTER_R_BELOW ; U+1DCA
U+F179	<>	COMBINING_ACUTE_GRAVE_ACUTE ; U+1DC9
U+F17A	<>	COMBINING_DIAERESIS ; U+0308

U+F180	<>	MODIFIER_LETTER_SMALL_M

U+F182	<>	MODIFIER_LETTER_SMALL_ENG
U+F183	<>	MODIFIER_LETTER_SMALL_A
U+F184	<>	MODIFIER_LETTER_SMALL_TURNED_A
U+F185	<>	MODIFIER_LETTER_SMALL_ALPHA
U+F186	<>	MODIFIER_LETTER_SMALL_B
U+F187	<>	MODIFIER_LETTER_SMALL_D
U+F188	<>	MODIFIER_LETTER_SMALL_E
U+F189	<>	MODIFIER_LETTER_SMALL_SCHWA
U+F18A	<>	MODIFIER_LETTER_SMALL_OPEN_E

U+F18C	<>	MODIFIER_LETTER_SMALL_G
U+F18D	<>	MODIFIER_LETTER_SMALL_K
U+F18E	<>	MODIFIER_LETTER_SMALL_O
U+F18F	<>	MODIFIER_LETTER_SMALL_OPEN_O
U+F190	<>	MODIFIER_LETTER_SMALL_P
U+F191	<>	MODIFIER_LETTER_SMALL_T
U+F192	<>	MODIFIER_LETTER_SMALL_U
U+F193	<>	MODIFIER_LETTER_SMALL_TURNED_M
U+F194	<>	MODIFIER_LETTER_SMALL_V
U+F195	<>	MODIFIER_LETTER_GRAVE_ACCENT ; U+02CB
U+F196	<>	MODIFIER_LETTER_VERTICAL_LINE ; U+02C8
U+F197	<>	MODIFIER_LETTER_ACUTE_ACCENT ; U+02CA
U+F198	<>	MODIFIER_LETTER_DOT_VERTICAL_BAR ; U+A717
U+F199	<>	MODIFIER_LETTER_DOT_SLASH ; U+A718
U+F19A	<>	MODIFIER_LETTER_DOT_HORIZONTAL_BAR ; U+A719
U+F19B	<>	MODIFIER_LETTER_LOWER_RIGHT_CORNER_ANGLE ; U+A71A
U+F200	<>	LATIN_LETTER_SMALL_CAPITAL_A
U+F201	<>	LATIN_SMALL_LETTER_D_WITH_CURL
U+F202	<>	LATIN_LETTER_SMALL_CAPITAL_E
U+F203	<>	LATIN_SMALL_LETTER_L_WITH_CURL
U+F204	<>	LATIN_SMALL_LETTER_N_WITH_CURL
U+F205	<>	LATIN_SMALL_LETTER_T_WITH_CURL
U+F206	<>	LATIN_SMALL_LETTER_TURNED_H_WITH_FISHHOOK
U+F207	<>	LATIN_SMALL_LETTER_TURNED_H_WITH_FISHHOOK_AND_TAIL
U+F170	<>	COMBINING_SNAKE_BELOW ; U+1DC2
U+F176	<>	COMBINING_DOUBLE_BREVE_BELOW ; U+035C
U+F181	<>	MODIFIER_LETTER_SMALL_N_WITH_LEFT_HOOK ; U+1DAE
U+F18B	<>	MODIFIER_LETTER_SMALL_REVERSED_OPEN_E ; U+1D9F
U+F1A0	<>	MODIFIER_LETTER_SMALL_TURNED_ALPHA ; U+1D9B
U+F1A2	<>	MODIFIER_LETTER_SMALL_C_WITH_CURL ; U+1D9D
U+F1A5	<>	MODIFIER_LETTER_SMALL_F ; U+1DA0
U+F1A6	<>	MODIFIER_LETTER_SMALL_SCRIPT_G ; U+1DA2
U+F1A7	<>	MODIFIER_LETTER_SMALL_I_WITH_STROKE ; U+1DA4
U+F1A8	<>	MODIFIER_LETTER_SMALL_CAPITAL_I ; U+1DA6
U+F1A9	<>	MODIFIER_LETTER_SMALL_DOTLESS_J_WITH_STROKE ; U+1DA1
U+F1AA	<>	MODIFIER_LETTER_SMALL_L_WITH_RETROFLEX_HOOK ; U+1DA9
U+F1AC	<>	MODIFIER_LETTER_SMALL_BARRED_O ; U+1DB1
U+F1AF	<>	MODIFIER_LETTER_SMALL_ESH ; U+1DB4
U+F1B0	<>	MODIFIER_LETTER_SMALL_U_BAR ; U+1DB6
U+F1B1	<>	MODIFIER_LETTER_SMALL_UPSILON ; U+1DB7
U+F1B2	<>	MODIFIER_LETTER_SMALL_TURNED_M_WITH_LONG_LEG ; U+1DAD
U+F1B3	<>	MODIFIER_LETTER_SMALL_TURNED_V ; U+1DBA
U+F1B6	<>	MODIFIER_LETTER_SMALL_Z ; U+1DBB
U+F1B7	<>	MODIFIER_LETTER_SMALL_Z_WITH_CURL ; U+1DBD
U+F1B8	<>	MODIFIER_LETTER_SMALL_EZH ; U+1DBE
U+F1B9	<>	MODIFIER_LETTER_SMALL_C ; U+1D9C
U+F1BA	<>	MODIFIER_LETTER_SMALL_ETH ; U+1D9E
U+F1BB	<>	MODIFIER_LETTER_SMALL_TURNED_H ; U+1DA3
U+F1BD	<>	MODIFIER_LETTER_SMALL_J_WITH_CROSSED_TAIL ; U+1DA8
U+F1BE	<>	MODIFIER_LETTER_SMALL_L_WITH_PALATAL_HOOK ; U+1DAA
U+F1BF	<>	MODIFIER_LETTER_SMALL_CAPITAL_L ; U+1DAB
U+F1C0	<>	MODIFIER_LETTER_SMALL_M_WITH_HOOK ; U+1DAC
U+F1C1	<>	MODIFIER_LETTER_SMALL_N_WITH_RETROFLEX_HOOK ; U+1DAF
U+F1C2	<>	MODIFIER_LETTER_SMALL_CAPITAL_N ; U+1DB0
U+F1C3	<>	MODIFIER_LETTER_SMALL_PHI ; U+1DB2
U+F1C4	<>	MODIFIER_LETTER_SMALL_S_WITH_HOOK ; U+1DB3
U+F1C5	<>	MODIFIER_LETTER_SMALL_T_WITH_PALATAL_HOOK ; U+1DB5
U+F1C6	<>	MODIFIER_LETTER_SMALL_V_WITH_HOOK ; U+1DB9
U+F1C7	<>	MODIFIER_LETTER_SMALL_Z_WITH_RETROFLEX_HOOK ; U+1DBC
U+F1C8	<>	MODIFIER_LETTER_GLOTTAL_STOP ; U+02C0
U+F1C9	<>	MODIFIER_LETTER_SMALL_THETA ; U+1DBF
U+F1CA	<>	MODIFIER_LETTER_SMALL_IOTA ; U+1DA5
U+F1CB	<>	MODIFIER_LETTER_SMALL_CAPITAL_I_WITH_STROKE ; U+1DA7
U+F1CC	<>	MODIFIER_LETTER_SMALL_CAPITAL_U ; U+1DB8
U+F1D0	<>	MODIFIER_LETTER_EXTRA_HIGH_LEFT_STEM_TONE_BAR ; U+A712
U+F1D1	<>	MODIFIER_LETTER_HIGH_LEFT_STEM_TONE_BAR ; U+A713
U+F1D2	<>	MODIFIER_LETTER_MID_LEFT_STEM_TONE_BAR ; U+A714
U+F1D3	<>	MODIFIER_LETTER_LOW_LEFT_STEM_TONE_BAR ; U+A715
U+F1D4	<>	MODIFIER_LETTER_EXTRA_LOW_LEFT_STEM_TONE_BAR ; U+A716
U+F1D5	<>	MODIFIER_LETTER_EXTRA_HIGH_DOTTED_TONE_BAR ; U+A708
U+F1D6	<>	MODIFIER_LETTER_HIGH_DOTTED_TONE_BAR ; U+A709
U+F1D7	<>	MODIFIER_LETTER_MID_DOTTED_TONE_BAR ; U+A70A
U+F1D8	<>	MODIFIER_LETTER_LOW_DOTTED_TONE_BAR ; U+A70B
U+F1D9	<>	MODIFIER_LETTER_EXTRA_LOW_DOTTED_TONE_BAR ; U+A70C
U+F1DA	<>	MODIFIER_LETTER_EXTRA_HIGH_DOTTED_LEFT_STEM_TONE_BAR ; U+A70D
U+F1DB	<>	MODIFIER_LETTER_HIGH_DOTTED_LEFT_STEM_TONE_BAR ; U+A70E
U+F1DC	<>	MODIFIER_LETTER_MID_DOTTED_LEFT_STEM_TONE_BAR ; U+A70F
U+F1DD	<>	MODIFIER_LETTER_LOW_DOTTED_LEFT_STEM_TONE_BAR ; U+A710
U+F1DE	<>	MODIFIER_LETTER_EXTRA_LOW_DOTTED_LEFT_STEM_TONE_BAR ; U+A711
U+F1DF	<>	MODIFIER_LETTER_CHINESE_TONE_YIN_PING ; U+A700
U+F1E0	<>	MODIFIER_LETTER_CHINESE_TONE_YIN_SHANG ; U+A702
U+F1E1	<>	MODIFIER_LETTER_CHINESE_TONE_YIN_QU ; U+A704
U+F1E2	<>	MODIFIER_LETTER_CHINESE_TONE_YIN_RU ; U+A706
U+F1E3	<>	MODIFIER_LETTER_CHINESE_TONE_YANG_PING ; U+A701
U+F1E4	<>	MODIFIER_LETTER_CHINESE_TONE_YANG_SHANG ; U+A703
U+F1E5	<>	MODIFIER_LETTER_CHINESE_TONE_YANG_QU ; U+A705
U+F1E6	<>	MODIFIER_LETTER_CHINESE_TONE_YANG_RU ; U+A707
U+F20A	<>	LATIN_CAPITAL_LETTER_B_WITH_STROKE ; U+0243
U+F20B	<>	LATIN_SMALL_LETTER_C_WITH_STROKE ; U+023C
U+F20C	<>	LATIN_SMALL_LETTER_D_WITH_HOOK_AND_TAIL ; U+1D91
U+F20E	<>	LATIN_SMALL_LETTER_L_WITH_DOUBLE_BAR ; U+2C61
U+F20F	<>	LATIN_CAPITAL_LETTER_L_WITH_DOUBLE_BAR ; U+2C60
U+F210	<>	LATIN_SMALL_LETTER_P_WITH_STROKE ; U+1D7D
U+F211	<>	LATIN_SMALL_LETTER_Q_WITH_HOOK_TAIL ; U+024B
U+F212	<>	LATIN_CAPITAL_LETTER_SMALL_Q_WITH_HOOK_TAIL ; U+024A
U+F213	<>	LATIN_SMALL_LETTER_R_WITH_STROKE ; U+024D
U+F214	<>	LATIN_CAPITAL_LETTER_R_WITH_STROKE ; U+024C
U+F215	<>	LATIN_CAPITAL_LETTER_R_WITH_TAIL ; U+2C64
U+F216	<>	LATIN_SMALL_LETTER_ESH_WITH_RETROFLEX_HOOK ; U+1D98
U+F217	<>	LATIN_CAPITAL_LETTER_EZH ; U+01B7
U+F218	<>	LATIN_CAPITAL_LETTER_U_BAR ; U+0244
U+F219	<>	LATIN_CAPITAL_LETTER_TURNED_V ; U+0245
U+F21C	<>	LATIN_SMALL_LETTER_EZH_WITH_RETROFLEX_HOOK ; U+1D9A
U+F21E	<>	LATIN_SMALL_LETTER_GLOTTAL_STOP ; U+0242
U+F21F	<>	LATIN_CAPITAL_LETTER_L_WITH_BAR ; U+023D
U+F220	<>	LATIN_SMALL_LETTER_E_WITH_STROKE ; U+0247
U+F221	<>	LATIN_CAPITAL_LETTER_E_WITH_STROKE ; U+0246
U+F222	<>	LATIN_SMALL_LETTER_H_WITH_DESCENDER ; U+2C68
U+F223	<>	LATIN_CAPITAL_LETTER_H_WITH_DESCENDER ; U+2C67
U+F224	<>	LATIN_SMALL_LETTER_B_WITH_PALATAL_HOOK ; U+1D80
U+F226	<>	LATIN_SMALL_LETTER_D_WITH_PALATAL_HOOK ; U+1D81
U+F227	<>	LATIN_SMALL_LETTER_F_WITH_PALATAL_HOOK ; U+1D82
U+F228	<>	LATIN_SMALL_LETTER_G_WITH_PALATAL_HOOK ; U+1D83
U+F229	<>	LATIN_SMALL_LETTER_K_WITH_PALATAL_HOOK ; U+1D84
U+F22A	<>	LATIN_SMALL_LETTER_L_WITH_PALATAL_HOOK ; U+1D85
U+F22B	<>	LATIN_SMALL_LETTER_M_WITH_PALATAL_HOOK ; U+1D86
U+F22C	<>	LATIN_SMALL_LETTER_N_WITH_PALATAL_HOOK ; U+1D87
U+F22D	<>	LATIN_SMALL_LETTER_P_WITH_PALATAL_HOOK ; U+1D88
U+F22E	<>	LATIN_SMALL_LETTER_R_WITH_PALATAL_HOOK ; U+1D89
U+F22F	<>	LATIN_SMALL_LETTER_S_WITH_PALATAL_HOOK ; U+1D8A
U+F230	<>	LATIN_SMALL_LETTER_ESH_WITH_PALATAL_HOOK ; U+1D8B
U+F231	<>	LATIN_SMALL_LETTER_V_WITH_PALATAL_HOOK ; U+1D8C
U+F232	<>	LATIN_SMALL_LETTER_X_WITH_PALATAL_HOOK ; U+1D8D
U+F233	<>	LATIN_SMALL_LETTER_Z_WITH_PALATAL_HOOK ; U+1D8E
U+F236	<>	LATIN_SMALL_LETTER_A_WITH_RETROFLEX_HOOK ; U+1D8F
U+F237	<>	LATIN_SMALL_LETTER_ALPHA_WITH_RETROFLEX_HOOK ; U+1D90
U+F238	<>	LATIN_SMALL_LETTER_E_WITH_RETROFLEX_HOOK ; U+1D92
U+F239	<>	LATIN_SMALL_LETTER_OPEN_E_WITH_RETROFLEX_HOOK ; U+1D93
U+F23A	<>	LATIN_SMALL_LETTER_REVERSED_OPEN_E_WITH_RETROFLEX_HOOK ; U+1D94
U+F23B	<>	LATIN_SMALL_LETTER_SCHWA_WITH_RETROFLEX_HOOK ; U+1D95
U+F23C	<>	LATIN_SMALL_LETTER_I_WITH_RETROFLEX_HOOK ; U+1D96
U+F23D	<>	LATIN_SMALL_LETTER_OPEN_O_WITH_RETROFLEX_HOOK ; U+1D97
U+F23E	<>	LATIN_SMALL_LETTER_U_WITH_RETROFLEX_HOOK ; U+1D99
U+F23F	<>	LATIN_SMALL_CAPITAL_LETTER_U_WITH_STROKE ; U+1D7E
U+F240	<>	LATIN_SMALL_LETTER_DB_DIGRAPH ; U+0238
U+F241	<>	LATIN_SMALL_LETTER_QP_DIGRAPH ; U+0239
U+F242	<>	LATIN_CAPITAL_LETTER_L_WITH_MIDDLE_TILDE ; U+2C62
U+F243	<>	LATIN_SMALL_LETTER_Y_WITH_STROKE ; U+024F
U+F244	<>	LATIN_CAPITAL_LETTER_Y_WITH_STROKE ; U+024E
U+F249	<>	LATIN_SMALL_LETTER_B_WITH_MIDDLE_TILDE ; U+1D6C
U+F24A	<>	LATIN_SMALL_LETTER_D_WITH_MIDDLE_TILDE ; U+1D6D
U+F24B	<>	LATIN_SMALL_LETTER_F_WITH_MIDDLE_TILDE ; U+1D6E
U+F24C	<>	LATIN_SMALL_LETTER_M_WITH_MIDDLE_TILDE ; U+1D6F
U+F24D	<>	LATIN_SMALL_LETTER_N_WITH_MIDDLE_TILDE ; U+1D70
U+F24E	<>	LATIN_SMALL_LETTER_P_WITH_MIDDLE_TILDE ; U+1D71
U+F24F	<>	LATIN_SMALL_LETTER_R_WITH_MIDDLE_TILDE ; U+1D72
U+F250	<>	LATIN_SMALL_LETTER_R_WITH_FISHHOOK_AND_MIDDLE_TILDE ; U+1D73
U+F251	<>	LATIN_SMALL_LETTER_S_WITH_MIDDLE_TILDE ; U+1D74
U+F252	<>	LATIN_SMALL_LETTER_T_WITH_MIDDLE_TILDE ; U+1D75
U+F253	<>	LATIN_SMALL_LETTER_Z_WITH_MIDDLE_TILDE ; U+1D76
U+F254	<>	LATIN_SMALL_CAPITAL_LETTER_I_WITH_STROKE ; U+1D7B
U+F255	<>	LATIN_SMALL_LETTER_UPSILON_WITH_STROKE ; U+1D7F
U+F256	<>	LATIN_SMALL_LETTER_S_WITH_SWASH_TAIL ; U+023F
U+F257	<>	LATIN_SMALL_LETTER_Z_WITH_SWASH_TAIL ; U+0240
U+F25C	<>	LATIN_CAPITAL_LETTER_P_WITH_STROKE ; U+2C63
U+F25D	<>	LATIN_SMALL_LETTER_IOTA_WITH_STROKE ; U+1D7C
U+F25E	<>	LATIN_SMALL_LETTER_V_WITH_CURL ; U+2C74
U+F260	<>	LATIN_SMALL_LETTER_J_WITH_STROKE ; U+0249
U+F261	<>	LATIN_CAPITAL_LETTER_J_WITH_STROKE ; U+0248
U+F262	<>	LATIN_SMALL_LETTER_K_WITH_DESCENDER ; U+2C6A
U+F263	<>	LATIN_CAPITAL_LETTER_K_WITH_DESCENDER ; U+2C69
U+F264	<>	 LATIN_SMALL_LETTER_Z_WITH_DESCENDER ; U+2C6C
U+F265	<>	LATIN_CAPITAL_LETTER_Z_WITH_DESCENDER ; U+2C6B

U+F320	<>	CYRILLIC_CAPITAL_LETTER_GHE_WITH_DESCENDER ; U+04F6
U+F321	<>	CYRILLIC_SMALL_LETTER_GHE_WITH_DESCENDER ; U+04F7
U+F322	<>	CYRILLIC_CAPITAL_LETTER_EL_WITH_HOOK ; U+0512
U+F323	<>	CYRILLIC_SMALL_LETTER_EL_WITH_HOOK ; U+0513
U+F324	<>	CYRILLIC_CAPITAL_LETTER_HA_WITH_HOOK ; U+04FC
U+F325	<>	CYRILLIC_SMALL_LETTER_HA_WITH_HOOK ; U+04FD
U+F328	<>	CYRILLIC_CAPITAL_LETTER_HA_WITH_STROKE ; U+04FE
U+F329	<>	CYRILLIC_SMALL_LETTER_HA_WITH_STROKE ; U+04FF
U+F32A	<>	CYRILLIC_CAPITAL_LETTER_REVERSED_ZE ; U+0510
U+F32B	<>	CYRILLIC_SMALL_LETTER_REVERSED_ZE ; U+0511
