; SAGIPS.MAP
; Copyright 2006 SIL International

; Mapping table for South Asia Group's SAG_IPA Super font

; Ver 1.0 sps 02-Oct-2006

EncodingName            "SIL-SAG-IPA_Super"
DescriptiveName         "SAG-IPA Super"
Version                 "1.0"
Contact                 "mailto:steve_smith@sall.com"
RegistrationAuthority   "SIL International"
RegistrationName        "SAG-IPA Super"

;Class Definitions for diacritics
UniClass [uDia] = (U+0300 U+0301 U+0302 U+0303 U+0304 U+0306 U+0307 U+0308 \
				   U+030B U+030C U+030F U+031A U+0361)
UniClass [lDia] = (U+0318 U+0319 U+031C U+031D U+031E U+031F U+0323 U+0324 U+0325 \
				   U+0329 U+032A U+032C U+032F U+0330 U+0331 U+0339 U+0348 U+1DC2)

;Class definitions for Character width. o-width is the default
UniClass [iWid] = (U+0069 U+006A U+0072 U+0268 U+026A U+0279 U+027D U+027E)
UniClass [oWidHigh] = (U+0062 U+0064 U+0068 U+006B U+00F0 U+0127 U+0253 U+0256 U+0257 \
					   U+0260 U+0267 U+026E U+0278 U+028E U+0294 U+0295 U+03B2 U+03B8)
UniClass [iWidHigh] = (U+0066 U+006C U+0074 U+026C U+026D U+027A U+0283 U+0284 U+0288 U+1D98)

; Characters with descender take lower version of combining double stroke and snake
UniClass [Descender] = (U+0278 U+03B2 U+00E7 U+0260 U+026E U+0271 U+0283 U+0292 U+0267 U+0067 \
						U+006A U+0070 U+0071 U+0079 U+027D U+1D98 U+1D9A U+0282 U+0288 U+0256 \
						U+027B U+026D U+025F U+029D U+0284 U+0263 U+014B)

define Pre_Ctx_IWidth_lDia [iWid] [lDia]? _
define Pre_Ctx_OWidthHigh_lDia [oWidHigh] [lDia]? _
define Pre_Ctx_IWidthHigh_lDia [iWidHigh] [lDia]? _
define Pre_Ctx_IWidth_uDia [iWid] [uDia]? _

ByteClass [CTL] = (   0x00 .. 0x1f   )
UniClass  [CTL] = ( U+0000 .. U+001f )
[CTL]	<>	[CTL]

0x20	<>	U+0020	; space  --  space
0x21	<>	U+02D0	; modifier_letter_triangular_colon  --  SILID 9063
0x22	<>	U+2197	; north_east_arrow  --  SILID 0058
0x23	<>	U+2198	; south_east_arrow  --  SILID 0057
0x24	<>	U+02CC	; modifier_letter_low_vertical_line  --  SILID 9093
0x25	<>	U+02C8	; modifier_letter_vertical_line  --  SILID 9094*
0x26	<>	U+0361	; combining_double_inverted_breve  --  SILID 9152
0x27	<>	U+0027	; apostrophe  --  quoteright = SILID 9038* (mapped as codepage 1252 character)
0x28	<>	U+0028	; left_parenthesis  --  parenleft = SILID 9026*
0x29	<>	U+0029	; right_parenthesis  --  parenright = SILID 9027*
0x2A	<>	U+002A	; asterisk  --  asterisk = SILID 9032
0x2B	<>	U+002B	; plus_sign  --  SILID 0037*
0x2C	<>	U+002C	; comma  --  comma = SILID 9011*
0x2D	<>	U+002D	; hyphen_minus  --  hyphen = SILID 9022*
0x2E	<>	U+002E	; full_stop  --  period = SILID 9010*
0x2F	<>	U+002F	; solidus  --  slash = SILID 9030*
0x30	<>	U+0030	; digit_zero  --  zero = SILID 9000*
0x31	<>	U+0031	; digit_one  --  one = SILID 9001*
0x32	<>	U+0032	; digit_two  --  two = SILID 9002*
0x33	<>	U+0033	; digit_three  --  three = SILID 9003*
0x34	<>	U+0034	; digit_four  --  four = SILID 9004*
0x35	<>	U+0035	; digit_five  --  five = SILID 9005*
0x36	<>	U+0036	; digit_six  --  six = SILID 9006*
0x37	<>	U+0037	; digit_seven  --  seven = SILID 9007*
0x38	<>	U+0038	; digit_eight  --  eight = SILID 9008*
0x39	<>	U+0039	; digit_nine  --  nine = SILID 9009*
0x3A	<>	U+003A	; colon  --  colon = SILID 9013
0x3B	<>	U+029F	; latin_letter_small_capital_l  --  SILID 3015*
0x3C	<>	U+0278	; latin_small_letter_phi  --  SILID 1119*
0x3D	<>	U+02D1	; modifier_letter_half_triangular_colon  --  SILID 9064
0x3E	<>	U+0276	; latin_letter_small_capital_oe  --  SILID 3319*
0x3F	<>	U+003F	; question_mark  --  question = SILID 9014*
0x40	<>	U+031A	; combining_left_angle_above  --  SILID 9086
0x41	<>	U+0251	; latin_small_letter_alpha  --  SILID 1002*
0x42	<>	U+03B2	; greek_small_letter_beta  --  SILID 2603
0x43	<>	U+00E7	; latin_small_letter_c_with_cedilla  --  SILID 7104
0x44	<>	U+00F0	; latin_small_letter_eth  --  SILID 8105*
0x45	<>	U+025B	; latin_small_letter_open_e  --  SILID 1007*
0x46	<>	U+0264	; latin_small_letter_rams_horn  --  SILID 1529
0x47	<>	U+0262	; latin_letter_small_capital_g  --  SILID 3009*
0x48	<>	U+0294	; latin_letter_glottal_stop  --  SILID 1041*
0x49	<>	U+026A	; latin_letter_small_capital_i  --  SILID 1711*
0x4A	<>	U+2192	; rightwards_arrow  --  SILID 0052
0x4B	<>	U+0260	; latin_small_letter_g_with_hook  --  SILID 1609
0x4C	<>	U+026E	; latin_small_letter_lezh  --  SILID 1715
0x4D	<>	U+0271	; latin_small_letter_m_with_hook  --  SILID 1417
0x4E	<>	U+0274	; latin_letter_small_capital_n  --  SILID 3018*
0x4F	<>	U+00F8	; latin_small_letter_o_with_stroke  --  oslash = SILID 7219
0x50	<>	U+0275	; latin_small_letter_barred_o  --  SILID 7019*
0x51	<>	U+00E6	; latin_small_letter_ae  --  ae = SILID 1501*
0x52	<>	U+027E	; latin_small_letter_r_with_fishhook  --  SILID 1513
0x53	<>	U+0283	; latin_small_letter_esh  --  SILID 1024*
0x54	<>	U+03B8	; greek_small_letter_theta  --  SILID 1519*
0x55	<>	U+028A	; latin_small_letter_upsilon  --  SILID 1128*
0x56	<>	U+028B	; latin_small_letter_v_with_hook  --  SILID 1028*
0x57	<>	U+028D	; latin_small_letter_turned_w  --  SILID 1130
0x58	<>	U+03C7	; greek_small_letter_chi  --  SILID 2432
0x59	<>	U+028F	; latin_letter_small_capital_y  --  SILID 3033*
0x5A	<>	U+0292	; latin_small_letter_ezh  --  SILID 1035*
0x5B	<>	U+005B	; left_square_bracket  --  bracketleft = SILID 9028
0x5C	<>	U+005C	; reverse_solidus  --  backslash = SILID 9031*
0x5D	<>	U+005D	; right_square_bracket  --  bracketright = SILID 9029
0x5E	<>	U+005E	; circumflex_accent  --  SILID 0194* (mapped as codepage 1252 character)
0x5F	<>	U+005F	; low_line  --  SILID 9075* (mapped as codepage 1252 character)
0x60	<>	U+0267	; latin_small_letter_heng_with_hook  --  SILID 1510
0x61	<>	U+0061	; latin_small_letter_a  --  a = SILID 1001*
0x62	<>	U+0062	; latin_small_letter_b  --  b = SILID 1003
0x63	<>	U+0063	; latin_small_letter_c  --  c = SILID 1004*
0x64	<>	U+0064	; latin_small_letter_d  --  d = SILID 1005*
0x65	<>	U+0065	; latin_small_letter_e  --  e = SILID 1006*
0x66	<>	U+0066	; latin_small_letter_f  --  f = SILID 1008
0x67	<>	U+0067	; latin_small_letter_g  --  g = SILID 1409 [1409 is single-story glyph - sps]
0x68	<>	U+0068	; latin_small_letter_h  --  h = SILID 1010*
0x69	<>	U+0069	; latin_small_letter_i  --  i = SILID 1011*
0x6A	<>	U+006A	; latin_small_letter_j  --  j = SILID 1013*
0x6B	<>	U+006B	; latin_small_letter_k  --  k = SILID 1014
0x6C	<>	U+006C	; latin_small_letter_l  --  l = SILID 1015*
0x6D	<>	U+006D	; latin_small_letter_m  --  m = SILID 1017*
0x6E	<>	U+006E	; latin_small_letter_n  --  n = SILID 1018
0x6F	<>	U+006F	; latin_small_letter_o  --  o = SILID 1019*
0x70	<>	U+0070	; latin_small_letter_p  --  p = SILID 1020*
0x71	<>	U+0071	; latin_small_letter_q  --  q = SILID 1021
0x72	<>	U+0072	; latin_small_letter_r  --  r = SILID 1022*
0x73	<>	U+0073	; latin_small_letter_s  --  s = SILID 1023*
0x74	<>	U+0074	; latin_small_letter_t  --  t = SILID 1026
0x75	<>	U+0075	; latin_small_letter_u  --  u = SILID 1027
0x76	<>	U+0076	; latin_small_letter_v  --  v = SILID 1029*
0x77	<>	U+0077	; latin_small_letter_w  --  w = SILID 1030*
0x78	<>	U+0078	; latin_small_letter_x  --  x = SILID 1032*
0x79	<>	U+0079	; latin_small_letter_y  --  y = SILID 1033*
0x7A	<>	U+007A	; latin_small_letter_z  --  z = SILID 1034
0x7B	<>	U+0280	; latin_letter_small_capital_r  --  SILID 3022*
0x7C	<>	U+007C	; vertical_line  --  bar = SILID 9055*
0x7D	<>	U+027D	; latin_small_letter_r_with_tail  --  SILID 1522
0x7E	<>	U+027A	; latin_small_letter_turned_r_with_long_leg  --  SILID 1622
;0x7F	<>		;   --  .notdef
0x80	<>	U+0153	; latin_small_ligature_oe  --  oe = SILID 1319
0x81	<>	U+0268	; latin_small_letter_i_with_stroke  --  SILID 7011
0x82	<>	U+0069	/ _ [lDia]? [uDia] ; latin_small_letter_i  --  SILID 1411*
0x83	<>	U+0268	/ _ [lDia]? [uDia] ; latin_small_letter_i_with_stroke  --  SILID 7411*
0x84	<>	U+0259	; latin_small_letter_schwa  --  SILID 1106*
0x85	<>	U+025C	; latin_small_letter_reversed_open_e  --  SILID 1207*
0x86	<>	U+0250	; latin_small_letter_turned_a  --  SILID 1101
0x87	<>	U+0289	; latin_small_letter_u_bar  --  SILID 7027
0x88	<>	U+026F	; latin_small_letter_turned_m  --  SILID 1117
0x89	<>	U+028C	; latin_small_letter_turned_v  --  SILID 1129
0x8A	<>	U+0254	; latin_small_letter_open_o  --  SILID 1104
0x8B	<>	U+0252	; latin_small_letter_turned_alpha  --  SILID 1202
0x8C	<>	U+025A	; latin_small_letter_schwa_with_hook  --  SILID 1406
0x8D	<>	U+0299	; latin_letter_small_capital_b  --  SILID 3003*
0x8E	<>	U+0253	; latin_small_letter_b_with_hook  --  SILID 1403
0x8F	<>	U+0295	; latin_letter_pharyngeal_voiced_fricative  --  SILID 1241*
0x90	<>	U+026C	; latin_small_letter_l_with_belt  --  SILID 1615
0x91	<>	U+0279	; latin_small_letter_turned_r  --  SILID 1122*
0x92	<>	U+0257	; latin_small_letter_d_with_hook  --  SILID 1405
0x93	<>	U+1D98	; latin_small_letter_esh_with_retroflex_hook  --  SILID 1824*
0x94	<>	U+1D9A	; latin_small_letter_ezh_with_retroflex_hook  --  SILID 1535*
0x95	<>	U+0273	; latin_small_letter_n_with_retroflex_hook  --  SILID 1518
0x96	<>	U+0282	; latin_small_letter_s_with_hook  --  SILID 1524
0x97	<>	U+0290	; latin_small_letter_z_with_retroflex_hook  --  SILID 1334
0x98	<>	U+0288	; latin_small_letter_t_with_retroflex_hook  --  SILID 1426
0x99	<>	U+0256	; latin_small_letter_d_with_tail  --  SILID 1605
0x9A	<>	U+027B	; latin_small_letter_turned_r_with_hook  --  SILID 1222*
0x9B	<>	U+026D	; latin_small_letter_l_with_retroflex_hook  --  SILID 1415
0x9C	<>	U+025F	; latin_small_letter_dotless_j_with_stroke  --  SILID 7013*
0x9D	<>	U+0272	; latin_small_letter_n_with_left_hook  --  SILID 1618
0x9E	<>	U+029D	; latin_small_letter_j_with_crossed_tail  --  SILID 1613
0x9F	<>	U+006A	/ _ [lDia]? [uDia] ; latin_small_letter_j  --  SILID 1413*
;0xA0	<>		;   --  .notdef
0xA1	<>	U+028E	; latin_small_letter_turned_y  --  SILID 1133
0xA2	<>	U+0284	; latin_small_letter_dotless_j_with_stroke_and_hook  --  SILID 7113
0xA3	<>	U+0263	; latin_small_letter_gamma  --  SILID 1433
0xA4	<>	U+014B	; latin_small_letter_eng  --  SILID 1418
0xA5	<>	U+0270	; latin_small_letter_turned_m_with_long_leg  --  SILID 1517
0xA6	<>	U+0281	; latin_letter_small_capital_inverted_r  --  SILID 3122*
0xA7	<>	U+029B	; latin_letter_small_capital_g_with_hook  --  SILID 3609*
0xA8	<>	U+0127	; latin_small_letter_h_with_stroke  --  SILID 7010*
0xA9	<>	U+0266	; latin_small_letter_h_with_hook  --  SILID 1410
0xAA	<>	U+0265	; latin_small_letter_turned_h  --  SILID 1110
0xAB	<>	U+0255	; latin_small_letter_c_with_curl  --  SILID 1504
0xAC	<>	U+0291	; latin_small_letter_z_with_curl  --  SILID 1134
0xAD	<>	U+200A	; hair_space  --  composite: SILID 0130*
0xAE	<>	U+0329	; combining_vertical_line_below  --  SILID 6658
0xAF	<>	U+0308	; combining_diaeresis  --  SILID 6004

; The following diacritics have multiple positional variants in SAG-IPA Super,
; for different base characters. The default is o-width. Others are i-width,
; high o-width and high i-width. Not all diacritics have all variants.

0xB0	<>	U+0304	; combining_macron  --  SILID 6009*
0xB1	<>	U+0304	/ Pre_Ctx_IWidth_lDia     ; i-width combining macron
0xB2	<>	U+0304	/ Pre_Ctx_OWidthHigh_lDia ; high o-width combining_macron
0xB3	<>	U+0304	/ Pre_Ctx_IWidthHigh_lDia ; high i-width combining_macron

0xB4	<>	U+0301	; combining_acute_accent  --  SILID 6002
0xB5	<>	U+0301	/ Pre_Ctx_IWidth_lDia     ; i-width acute_accent
;0xB6	<>		;   --  .notdef
;0xB7	<>		;   --  .notdef
0xB8	<>	U+0301	/ Pre_Ctx_OWidthHigh_lDia ; high o-width combining_acute_accent
0xB9	<>	U+0301	/ Pre_Ctx_IWidthHigh_lDia ; high i-width combining_acute_accent

0xBA	<>	U+0300	; combining_grave_accent  --  SILID 6003
0xBB	<>	U+0300	/ Pre_Ctx_IWidth_lDia     ; i-width combining_grave_accent
0xBC	<>	U+0300	/ Pre_Ctx_OWidthHigh_lDia ; high o-width combining_grave_accent
0xBD	<>	U+0300	/ Pre_Ctx_IWidthHigh_lDia ; high i-width combining_grave_accent

0xBE	<>	U+030B	; combining_double_acute_accent  --  SILID 6010
0xBF	<>	U+030B	/ Pre_Ctx_IWidth_lDia     ; i-width combining_double_acute_accent
0xC0	<>	U+030B	/ Pre_Ctx_OWidthHigh_lDia ; high o-width combining_double_acute_accent
0xC1	<>	U+030B	/ Pre_Ctx_IWidthHigh_lDia ; high i-width combining_double_acute_accent


0xC2	<>	U+030F	; combining_double_grave_accent  --  SILID 6069
0xC3	<>	U+030F	/ Pre_Ctx_IWidth_lDia     ; i-width combining_double_grave_accent
0xC4	<>	U+030F	/ Pre_Ctx_OWidthHigh_lDia ; high o-width combining_double_grave_accent
0xC5	<>	U+030F	/ Pre_Ctx_IWidthHigh_lDia ; high i-width combining_double_grave_accent

0xC6	<>	U+030C	; combining_caron  --  SILID 6006
0xC7	<>	U+030C	/ Pre_Ctx_IWidth_lDia     ; i-width combining_caron
0xC8	<>	U+030C	/ Pre_Ctx_OWidthHigh_lDia ; high o-width combining_caron
0xC9	<>	U+030C	/ Pre_Ctx_IWidthHigh_lDia ; high i-width combining_caron

0xCA	<>	U+0302	; combining_circumflex_accent  --  SILID 6005
0xCB	<>	U+0302	/ Pre_Ctx_IWidth_lDia     ; i-width combining_circumflex_accent
0xCC	<>	U+0302	/ Pre_Ctx_OWidthHigh_lDia ; high o-width combining_circumflex_accent
0xCD	<>	U+0302	/ Pre_Ctx_IWidthHigh_lDia ; high i-width combining_circumflex_accent

0xCE	<>	U+0306	; combining_breve  --  SILID 6007
0xCF	<>	U+0306	/ Pre_Ctx_IWidth_lDia  ; i-width combining_breve

0xD0	<>	U+0303	; combining_tilde  --  SILID 6001
0xD1	<>	U+0303	/ Pre_Ctx_IWidth_lDia  ; i-width combining_tilde

0xD2	<>	U+0307	; combining_dot_above  --  SILID 6013

0xD3	<>	U+0334	; combining_tilde_overlay  --  SILID 6401*
0xD4	<>	U+02DE	; modifier_letter_rhotic_hook  --  SILID 6162*

0xD5	<>	U+0324	; combining_diaeresis_below  --  SILID 6604
0xD6	<>	U+0324	/ Pre_Ctx_IWidth_lDia   ; i-width combining_diaeresis_below

0xD7	<>	U+0330	; combining_tilde_below  --  SILID 6601
0xD8	<>	U+0330	/ Pre_Ctx_IWidth_lDia   ; i-width combining_tilde_below

0xD9	<>	U+032C	; combining_caron_below  --  SILID 6606

0xDA	<>	U+031F	; combining_plus_sign_below  --  SILID 6639
0xDB	<>	U+031F	/ Pre_Ctx_IWidth_lDia   ; i-width combining_plus_sign_below

0xDC	<>	U+0318	; combining_left_tack_below  --  SILID 6667
0xDD	<>	U+0318	/ Pre_Ctx_IWidth_lDia   ; i-width combining_left_tack_below

0xDE	<>	U+0319	; combining_right_tack_below  --  SILID 6668
0xDF	<>	U+0319	/ Pre_Ctx_IWidth_lDia   ; i-width combining_right_tack_below

0xE0	<>	U+031D	; combining_up_tack_below  --  SILID 6666
0xE1	<>	U+031D	/ Pre_Ctx_IWidth_lDia   ; i-width combining_up_tack_below

0xE2	<>	U+031E	; combining_down_tack_below  --  SILID 6665
0xE3	<>	U+031E	/ Pre_Ctx_IWidth_lDia   ; i-width combining_down_tack_below

0xE4	<>	U+0331	; combining_macron_below  --  SILID 6609*
0xE5	<>	U+0331	/ Pre_Ctx_IWidth_lDia   ; i-width combining_macron_below

0xE6	<>	U+032A	; combining_bridge_below  --  SILID 6642
0xE7	<>	U+033B	; combining_square_below  --  SILID 6663
0xE8	<>	U+033A	; combining_inverted_bridge_below  --  SILID 6670

0xE9	<>	U+0325	; combining_ring_below  --  SILID 6617
0xEA	<>	U+0325	/ Pre_Ctx_IWidth_lDia   ; i-width combining_ring_below

0xEB	<>	U+032F	; combining_inverted_breve_below  --  SILID 6608
0xEC	<>	U+032F	/ Pre_Ctx_IWidth_lDia   ; i-width combining_inverted_breve_below

0xED	<>	U+031C	; combining_left_half_ring_below  --  SILID 6673
0xEE	<>	U+0339	; combining_right_half_ring_below --  SILID 6674

0xEF	<>	U+0348	; combining_double_vertical_line_below  --  SILID 6637
0xF0	<>	U+0348	/ [Descender] [uDia]? _ ; low combining_double_vertical_line_below

0xF1	<>	U+1DC2	; combining_snake_below  --  SILID 6638*
0xF2	<>	U+1DC2	/ [Descender] [uDia]? _ ; low combining_snake_below

0xF3	<>	U+0323	; combining_dot_below  --  SILID 6613
0xF4	<>	U+0323	/ Pre_Ctx_IWidth_lDia   ; i-width combining_dot_below

0xF5	<>	U+02B0	; modifier_letter_small_h  --  SILID 1810*
0xF6	<>	U+2071	; superscript_latin_small_letter_i  --  SILID 1811*
0xF7	<>	U+02B2	; modifier_letter_small_j  --  SILID 1813*
0xF8	<>	U+1D58	; modifier_letter_small_u  --  SILID 1827*
0xF9	<>	U+02B7	; modifier_letter_small_w  --  SILID 1830*
0xFA	<>	U+02B8	; modifier_letter_small_y  --  SILID 1833*
0xFB	<>	U+2070	; superscript_zero  --  SILID 9800*
0xFC	<>	U+00B9	; superscript_one  --  SILID 9801*
0xFD	<>	U+00B2	; superscript_two  --  SILID 9802*
0xFE	<>	U+00B3	; superscript_three  --  SILID 9803*
0xFF	<>	U+2074	; superscript_four  --  SILID 9804*
