; Winscript Oriya.map
;Copyright (c) 2002 NLCI

; Mapping table for NLCI's Winscript Oriya font version 05
; New version by rde based on vijaya_kumar@kastanet.org Winscript  Oriya map:

EncodingName			"NLCI-Oriya"
DescriptiveName		    "Winscript Oriya"
Version			        "1.01"
Contact			        "mailto:vijaya_kumar@kastanet.org"
RegistrationAuthority	"NLCI"
RegistrationName		"Oriya-Winscript"

RHSFlags			(ExpectsNFC)

; ********************************
;Pass Break Letters
;*********************************
pass(byte)
232 > 233
234 > 235
238 > 237
239 > 240
217 <>  224 222
216 <> 224 223
218 <> 224 222 220
219 <> 224 223 220
252 <> 224 215

; ********************************
;Pass Remove space
;*********************************
pass(byte)

class[sin_spa_char] = (80 83 85 87 93 95 36 97 102 107 ) ; space 254
class[dou_spa_char] = (81 82 88 91 ) ; space 254 254
class[sin_spa_double_char254] = (114 116 120) ; space 254
class[sin_spa_double_char164] = (162 163) ; space 164
class[sin_spa_double_char165] = (171 172 173) ; space 165
class[sin_spa_double_char188] = (189 190 191 192 193 194 195 196 197 198 199 ) ; space 188
class[sin_spa_double_char198] = (200 199 201 ) ; space 198
[dou_spa_char] = dou_spa_char1 254 254  <> @dou_spa_char1
[sin_spa_char] = sin_spa_char1 254 <> @sin_spa_char1
[sin_spa_double_char254] = sin_spa_double_char254_1 254 <> @sin_spa_double_char254_1
[sin_spa_double_char164] = sin_spa_double_char164_1 164 <> @sin_spa_double_char164_1
[sin_spa_double_char165] = sin_spa_double_char165_1 165  <> @sin_spa_double_char165_1
[sin_spa_double_char188] = sin_spa_double_char188_1 188 <> @sin_spa_double_char188_1
[sin_spa_double_char198] = sin_spa_double_char198_1 198 <> @sin_spa_double_char198_1

; ********************************
;Pass Change Order
;*********************************
pass(byte)

class[cons] = (76 .. 109 )
class[double_cons] = (37 38 42 43 60 61 62 110 .. 126 158 161 .. 163 166 .. 187 189 .. 197 199 .. 201)
class[virama_ra] = (205)
class[ra] = (224)
class[nukta]= (207 213)
class[vow] = (210 )

class[back_letter] = (208 223 215)
; 210 [cons] = cons1 224 <> 224 @cons1 210
[vow]?= vow1 [cons] = cons1 [ra]?= ra1 [virama_ra] ? = virama_ra1 [nukta] ?= nukta1 [back_letter] ? = back_letter1 <>  @ra1 @cons1 @virama_ra1  @vow1 @back_letter1 @nukta1
[vow]?= vow1 [double_cons] = double_cons1 [ra]?= ra1 [virama_ra] ? = virama_ra1 [nukta] ?= nukta1 [back_letter] ? = back_letter1 <>  @ra1 @double_cons1 @virama_ra1 @vow1 @back_letter1 @nukta1
[cons] = cons1 224  <> 224  @cons1
254 >
164 >
165 >
188 >
198 >


; ********************************
;Pass Byte to Unicode
;*********************************
pass(Byte_Unicode)

ByteClass[CTL] = ( 0 .. 31 127 )
UniClass[CTL]  = ( 0 .. 31 127 )
ByteClass [digit] = ( 48 .. 57 )
UniClass[digit] = (U+0b66 .. U+0b6f)
ByteClass[tdigit] = (128 .. 137)
UniClass [tdigit] = ( U+0030 .. U+0039)

[CTL] <> [CTL]
[digit] <> [digit]
[tdigit] <> [tdigit]


88 207 	<> oriya_letter_rra
89 207 	<> oriya_letter_rha




32	<>	space
33	<>	exclamation_mark
34	<>	quotation_mark
;35	<>	number_sign
36	<>	oriya_letter_pha
37	<>	oriya_letter_nya Oriya_sign_virama Oriya_letter_jha
38	<>	oriya_letter_nya Oriya_sign_virama Oriya_letter_ja
39	<>	apostrophe
40	<>	left_parenthesis
41	<>	right_parenthesis
42	<>	oriya_letter_nga Oriya_sign_virama Oriya_letter_ka
43	<>	oriya_letter_nga Oriya_sign_virama Oriya_letter_ga
44	<>	comma
45	<>	hyphen_minus
46	<>	full_stop
47	<>	solidus
58	<>	colon
59	<>	semicolon
60	<>	oriya_letter_nga Oriya_sign_virama Oriya_letter_kha
61	<>	oriya_letter_nga Oriya_sign_virama Oriya_letter_gha
62	<>	oriya_letter_ma Oriya_sign_virama Oriya_letter_PA
63	<>	question_mark

;VOWELS

64 	<> Oriya_letter_a
65	<> Oriya_letter_aa
66	<> Oriya_letter_i
67 	<> Oriya_letter_ii
68	<> Oriya_letter_u
69	<> Oriya_letter_uu
70	<> Oriya_letter_vocalic_r
71	<> Oriya_letter_vocalic_rr
138	<> Oriya_letter_vocalic_l
139	<> Oriya_letter_vocalic_ll
72 	<> Oriya_letter_e
73	<> Oriya_letter_ai
74	<> Oriya_letter_o
75 	<> Oriya_letter_au

; Consonants
76	<> Oriya_letter_ka
77	<> Oriya_letter_kha
78 	<> Oriya_letter_ga
79	<> Oriya_letter_gha
80	<> Oriya_letter_nga
81	<> Oriya_letter_ca
82	<> Oriya_letter_cha
83	<> Oriya_letter_ja
84 	<> Oriya_letter_jha
85	<> Oriya_letter_nya
86	<> Oriya_letter_tta
87	<> Oriya_letter_ttha
88	<> Oriya_letter_dda
89	<> Oriya_letter_ddha
90	<> Oriya_letter_nna
91	<> Oriya_letter_ta
92	<> Oriya_letter_tha
93	<> Oriya_letter_da
94	<> Oriya_letter_dha
95	<> Oriya_letter_na
96	<> Oriya_letter_pa
97	<> Oriya_letter_ba
98	<> Oriya_letter_bha
99	<> Oriya_letter_ma
100	<> Oriya_letter_ya
101	<> Oriya_letter_ra
102	<> Oriya_letter_lla
103	<> U+0b13 U+0b4d U+0b35 ; Oriya_letter_va
104	<> Oriya_letter_sha
105 	<> Oriya_letter_ssa
106	<> Oriya_letter_sa
107	<> Oriya_letter_ha
108 <>  oriya_letter_ka Oriya_sign_virama Oriya_letter_ssa
109 	<> Oriya_letter_la
110	<> oriya_letter_ca Oriya_sign_virama Oriya_letter_ca
111	<> oriya_letter_ca Oriya_sign_virama Oriya_letter_ca
112	<> oriya_letter_tta Oriya_sign_virama Oriya_letter_tta
113 157	<> oriya_letter_nya Oriya_sign_virama Oriya_letter_cha
113 	<> oriya_letter_nya Oriya_sign_virama Oriya_letter_ca
114	<> oriya_letter_ta Oriya_sign_virama Oriya_letter_ta
115	<> oriya_letter_ja Oriya_sign_virama Oriya_letter_nya
116	> oriya_letter_na Oriya_sign_virama Oriya_letter_da
117	<> oriya_letter_na Oriya_sign_virama Oriya_letter_da
118	<> oriya_letter_ba Oriya_sign_virama Oriya_letter_da
119	<> oriya_letter_da Oriya_sign_virama Oriya_letter_dha
120	<> oriya_letter_na Oriya_sign_virama Oriya_letter_tha
121	<> oriya_letter_sa Oriya_sign_virama Oriya_letter_tha
122	<> oriya_letter_ba Oriya_sign_virama Oriya_letter_ba
; 123	<> oriya_letter_ Oriya_sign_virama Oriya_letter_
124	<> U+0b13 U+0b4d U+0b35 Oriya_sign_candrabindu
125 	<> oriya_letter_nya Oriya_sign_virama Oriya_letter_cha
126	<> oriya_letter_ta Oriya_sign_virama Oriya_letter_ta


153	<> oriya_letter_nya Oriya_sign_virama Oriya_letter_ca
158	<> oriya_letter_ka Oriya_sign_virama Oriya_letter_dha
161	<> oriya_letter_da Oriya_sign_virama Oriya_letter_bha
162	<> oriya_letter_ka Oriya_sign_virama Oriya_letter_la
163	<> oriya_letter_ka Oriya_sign_virama Oriya_letter_ka
166	<> oriya_letter_ka Oriya_sign_virama Oriya_letter_ta
167	<> oriya_letter_na Oriya_sign_virama Oriya_letter_na
168	<> oriya_letter_nna Oriya_sign_virama Oriya_letter_dda
169	<> oriya_letter_pa Oriya_sign_virama Oriya_letter_ta
170 	<> oriya_letter_sa Oriya_sign_virama Oriya_letter_ta
171	<> oriya_letter_na Oriya_sign_virama Oriya_letter_ta
172	<> oriya_letter_nna Oriya_sign_virama Oriya_letter_ddha
173	<> oriya_letter_ma Oriya_sign_virama Oriya_letter_pa
174	<> oriya_letter_ma Oriya_sign_virama Oriya_letter_ma
175  <> oriya_letter_yya
176	<> oriya_letter_la Oriya_sign_virama Oriya_letter_ka
;177
178	<> oriya_letter_sa Oriya_sign_virama Oriya_letter_ka
;179
180	<> oriya_letter_ssa Oriya_sign_virama Oriya_letter_ka
181	<> oriya_letter_ka Oriya_sign_virama Oriya_letter_sa
182	<> oriya_letter_nna Oriya_sign_virama Oriya_letter_ttha
183 	<> oriya_letter_sa Oriya_sign_virama Oriya_letter_Kha
184	<> oriya_letter_sa Oriya_sign_virama Oriya_letter_pa
185	<> oriya_letter_ssa Oriya_sign_virama Oriya_letter_pa
186	<> oriya_letter_ssa Oriya_sign_virama Oriya_letter_ttha
;187
;188
189 	<> oriya_letter_ssa Oriya_sign_virama Oriya_letter_tta
190  	<> oriya_letter_sha Oriya_sign_virama Oriya_letter_ca
 191	<> oriya_letter_pa Oriya_sign_virama Oriya_letter_sa
192	<> oriya_letter_nna Oriya_sign_virama Oriya_letter_nna
193 	<> oriya_letter_lla Oriya_sign_virama Oriya_letter_sa
; 194 	<> oriya_letter_ Oriya_sign_virama Oriya_letter_
195 	<> oriya_letter_nna Oriya_sign_virama Oriya_letter_ta
; 196 	<> oriya_letter_ Oriya_sign_virama Oriya_letter_
197  	<> oriya_letter_da Oriya_sign_virama Oriya_letter_da
;198 	<> oriya_letter_ Oriya_sign_virama Oriya_letter_
;199 	<> oriya_letter_ Oriya_sign_virama Oriya_letter_
200 	<> oriya_letter_ssa Oriya_sign_virama Oriya_letter_pha
201	<> oriya_letter_sa Oriya_sign_virama Oriya_letter_pha


;Vowel Signs

210 223 	<> oriya_vowel_sign_ai
210 208 <> oriya_vowel_sign_o
210 215 <> oriya_vowel_sign_au

202 	<> oriya_vowel_sign_u
203 	<> oriya_vowel_sign_uu
204 	<> oriya_vowel_sign_vocalic_r
205  	<> oriya_sign_virama oriya_letter_ra
206	<> oriya_sign_avagraha
207  	<> oriya_sign_nukta
208 	<> oriya_vowel_sign_aa
209 	<> oriya_vowel_sign_ii
211 	<> oriya_vowel_sign_ai
212 	<> oriya_sign_virama oriya_letter_ya
213 	<> oriya_sign_anusvara
214 	<> oriya_sign_anusvara
215 	<> oriya_vowel_sign_au

;216 17 18 19
220	<> oriya_sign_candrabindu
221	<> oriya_sign_candrabindu
222 	<> oriya_vowel_sign_i
224 	<> oriya_letter_ra oriya_sign_virama
210 	<> oriya_vowel_sign_e

;225 26
231 	<> Oriya_sign_virama U+200c
233 	<> Oriya_sign_virama oriya_letter_ba
235	<> Oriya_sign_virama oriya_letter_ma
236 	<> Oriya_sign_virama oriya_letter_la
237 	<> Oriya_sign_virama oriya_letter_lla
240 	<> oriya_sign_virama oriya_letter_na
242 	<> oriya_sign_virama oriya_letter_ta
250 	<> oriya_sign_virama oriya_letter_ddha
251 	<> oriya_isshar
