 ภ
บ ภÝ
บฟ ภÝข
ป ภÞ
ปฟ ภÞข
ปย ภÞก
ฝ ภแ
พ ภโ
ฟ ภข
ย ภก
ร ภ่
รฝ ภ่ภแ
ร๕ฝ ภ่ภ้แ
ร๕þ ภ่ภฺ้
ร๕þส ภ่ภ้ๅข
รþ ภ่ภฺ
รþส ภ่ภๅข
รþ ภ่ต
รþ ภ่ศ
รกþþฝ ภ่อ่ฦๅ
รกþ ภ่อ
รกþþส ภ่อๅข
รง ภ่า
รชþร ภ่ี่
รซþพ ภ่ึโ
รญ ภุ่
รตþþ ภ่มฺ
รุþ ภ่ผ
รูร ภ่ฝ่
รÛ ภ่ฟ
รÛฝ ภ่ฟแ
ร๛ร ภ่ษ่
ส ภแข
ฮ ภๆข
Ü ภฺก
์ ภÜข
๏ ภ่ฯ
๏บ ภ่ฯÝ
๏ฝ ภ่ฯแ
๏ร ภ่ฯ่
๏þฝ ภ่ฯๅ
๕ ภ้
๕น ภ้Û
๕บ ภ้Ý
๕ป ภ้Þ
๕ปฟ ภ้Þข
๕ปย ภ้Þก
๕ฝ ภ้แ
๕พ ภ้โ
๕ฟ ภ้ข
๕ย ภ้ก
๕รกþ ภ้่อ
๕ส ภ้แข
๕Ü ภฺ้ก
๕๋ ภ้Ûข
๕์ ภ้Üข
๕๙ ภ้ๆ
๕๚ ภ้Ü
๕þ ภฺ้
๕þฝ ภ้ๅ
๕þฟ ภฺ้ข
๕þส ภ้ๅข
๙ ภๆ
๚ ภÜ
þ ภฺ
þฝ ภๅ
þฟ ภฺข
þส ภๅข
 ค
ฟ คข
ม ฎ
มฟ ฎข
มภ ฎฃ
ย คก
Ü ฅก
þ ฅ
þฝ ฐ
þฝภ ฐฃ
þฝย ฐก
þพ ฑ
þพฟ ฑข
þพภ ฑฃ
þพย ฑก
þฟ ฅข
þภ ฅฃ
þม ฒ
þส ฐข
 ฆ
ฟ ฆข
ฟฤ งข
ย ฆก
ฤ ง
ฤภ งฃ
ฤย งก
ฤ๕ ง้
๕ ฆ้
 จ
ฟ จข
ย จก
… ฉ
…ฟ ฉข
…ย ฉก
 ช
ฟ ชข
ย ชก
๕ ช้
 ฌ
ฝ ญ
ฝภ ญฃ
ฝย ญก
ฟ ฌข
ย ฌก
ส ญข
บล ณÝ
บลฟ ณÝข
บลย ณÝก
บลฤ ฯ่ณÝ
ปล ณÞ
ปลฟ ณÞข
ปลย ณÞก
ผล ณ฿
ผลฟ ณ฿ข
ฝล ณแ
ฝลฟ ณแข
ฝลย ณแก
ฝลฤ ฯ่ณแ
ฝล๔ ฯ่ณแข
พล ณโ
พลฟ ณโข
ฟล ณข
ล ณ
ลม ณใ
ลย ณก
ลฤ ฯ่ณ
ลฤร ฯ่ณ่
ลฤ๕ ฯ่ณ้
ลฮ ณๆข
ลÜ ณฺก
ล์ ณÜข
ล๕ ณ้
ล๕น ณ้Û
ล๕บ ณ้Ý
ล๕ฝ ณ้แ
ล๕พ ณ้โ
ล๕ร ณ้่
ล๕รล๕ ณ้่ณ้
ล๕รþ ณ้่ฬ
ล๕รฅþ ณ้่ั
ล๕รฌþ๚ ณ้่ืÜ
ล๕รทþ ณ้่ย
ล๕รนฅþ ณ้่ัÛ
ล๕๋ ณ้Ûข
ล๕๙ ณ้ๆ
ล๕๚ ณ้Ü
ล๕þ ณฺ้
ล๕þส ณ้ๅข
ล๙ ณๆ
ล๚ ณÜ
ล๚ฤ ฯ่ณÜ
ลþ ณฺ
ลþฝ ณๅ
ลþฝย ณๅก
ลþฟ ณฺข
ลþภ ณฺฃ
ลþม ณ็
ลþมฟ ณ็ข
ลþฤ ฯ่ณฺ
ลþฤฝ ฯ่ณๅ
ลþฤส ฯ่ณๅข
ลþส ณๅข
๙ ด่ภๆ
þ ด่ด
þ๚ ด่ดÜ
þþ ด่ดฺ
þþ ด่ธฺ
รฅþร ด่น่ั่
รฅþ๙ ด่น่ัๆ
๚ ด่นÜ
þ๚ ด่ฦÜ
þþฝ ด่ฦๅ
þภ ด่ศฃ
þ ด่ส
þ ด่ฬ
þ๚ ด่ฬÜ
þþส ด่ฬๅข
กþ ด่อ
กþป ด่อÞ
กþฝ ด่อแ
กþภ ด่อฃ
กþ๙ ด่อๆ
กþþ ด่อฺ
กþþฟ ด่อฺข
กþþส ด่อๅข
ฅþร ด่ั่
ฅþþ ด่ัฺ
จþþ ด่ิฺ
ชþþฝ ด่ี่สๅ
ชþ ด่ี
ชþพ ด่ีโ
ชþ๚ ด่ีÜ
ชþþ ด่ีฺ
ซþ๚ ด่ึÜ
ซþþฟ ด่ึฺข
ฌþ ด่ื
ฌþ๚ ด่ืÜ
ญ ดุ่
ญþฝ ดุ่ๅ
ตþ ด่ม
ทþ ด่ย
ทþฝ ด่ยแ
ทþ๚ ด่ยÜ
ทþþ ด่ยฺ
ทþþฝ ด่ยๅ
ทþþส ด่ยๅข
ฯ ด่ฯ
ฯบ ด่ฯÝ
ฯพ ด่ฯโ
ฯร ด่ฯ่
ู ด่ฝ
Ûþ ด่ฟฺ
Ü ดก
โþ ด่ณ่ึ
๛ลภ ด่ษฃ
þ ด
þบ ดÝ
þบฟ ดÝข
þบย ดÝก
þป ดÞ
þปฟ ดÞข
þปย ดÞก
þผ ด฿
þฝ ดแ
þฝย ดแก
þฝฤ ฯ่ดแ
þพ ดโ
þพฟ ดโข
þฟ ดข
þร ด่
þฤ ฯ่ด
þส ดแข
þÜ ดฺก
þ์ ดÜข
þ๕ ด้
þ๕น ด้Û
þ๕บ ด้Ý
þ๕ป ด้Þ
þ๕พ ด้โ
þ๕ฟ ด้ข
þ๕รกþþ ด้่อฺ
þ๕รจþþ ด้่ิฺ
þ๕รชþ ด้่ี
þ๕รฌþ ด้่ื
þ๕รทþ ด้่ย
þ๕รทþþส ด้่ยๅข
þ๕Ü ดฺ้ก
þ๕๚ ด้Ü
þ๕þ ดฺ้
þ๕þส ด้ๅข
þ๙ ดๆ
þ๚ ดÜ
þ๚ฤ ฯ่ดÜ
þþ ดฺ
þþฝ ดๅ
þþฝภ ดๅฃ
þþฟ ดฺข
þþฤ ฯ่ดฺ
þþฤฝ ฯ่ดๅ
þþฤส ฯ่ดๅข
þþส ดๅข
ล ต่ณ
þþฝ ต่ต่ฦๅ
ฅþฝ ต่ต่ัแ
ฅþþฝ ต่ต่ัๅ
ฯฝ ต่ต่ฯแ
þ ต่ต
þบ ต่ตÝ
þป ต่ตÞ
þฝ ต่ตแ
þร ต่ต่
þส ต่ตแข
þ๚ ต่ตÜ
þþ ต่ตฺ
þ ต่ถ
þ๚ ต่ถÜ
 ต่ท
รฅþ ต่ท่ั
๚ ต่ทÜ
þ ต่ทฺ
þส ต่ทๅข
รฅþร ต่น่ั่
๙ ต่นๆ
ญþ ต่บฺุ่
ุþþ ต่บ่ผฺ
þ ต่บ
þพ ต่บโ
þส ต่บแข
þ๕ ต่บ้
þ๚ ต่บÜ
þþ ต่บฺ
þ ต่ร
þ๚ ต่รÜ
þþส ต่รๅข
กþ ต่ล่อ
จþþ ต่ล่ิฺ
þ ต่ล
þฟ ต่ลข
þ๚ ต่ลÜ
þþ ต่ลฺ
þþฝ ต่ลๅ
þฝ ต่ฦ่ธแ
กþÜ ต่ฦ่อฺก
กþþ ต่ฦ่อฺ
þ ต่ฦ
þบ ต่ฦÝ
þฝ ต่ฦแ
þร ต่ฦ่
þ๚ ต่ฦÜ
þþ ต่ฦฺ
þþฝ ต่ฦๅ
þþส ต่ฦๅข
þþ ต่ศฺ
þ๚ ต่สÜ
þþ ต่สฺ
ฯ ต่ห่ฯ
ฯþ ต่ห่ฯฺ
þ ต่ห
þป ต่หÞ
þþ ต่หฺ
กþร ต่ฬ่อ่
þ ต่ฬ
þบ ต่ฬÝ
þฝ ต่ฬแ
þพฟ ต่ฬโข
þฟ ต่ฬข
þร ต่ฬ่
þ๚ ต่ฬÜ
þþ ต่ฬฺ
þþส ต่ฬๅข
กþฝ ต่อ่ฦแ
กþ ต่อ
กþบ ต่อÝ
กþป ต่อÞ
กþปฤ ฯ่ต่อÞ
กþฝ ต่อแ
กþฟ ต่อข
กþร ต่อ่
กþฤ ฯ่ต่อ
กþฤร ฯ่ต่อ่
กþ๚ ต่อÜ
กþþ ต่อฺ
กþþฝ ต่อๅ
กþþส ต่อๅข
ฅþ ต่ั
ฅþบ ต่ัÝ
ฅþป ต่ัÞ
ฅþฝ ต่ัแ
ฅþพ ต่ัโ
ฅþพฟ ต่ัโข
ฅþส ต่ัแข
ฅþ๙ ต่ัๆ
ฅþ๚ ต่ัÜ
ฅþþ ต่ัฺ
ฅþþฝ ต่ัๅ
ฅþþส ต่ัๅข
จþ ต่ิ
จþป ต่ิÞ
จþฝ ต่ิแ
จþพ ต่ิโ
จþฟ ต่ิข
จþþ ต่ิฺ
ฌþ ต่ื
ฌþร ต่ื่
ญ ตุ่
ญบฤ ฯ่ตุ่Ý
ญฝ ตุ่แ
ญร ตุ่่
ญรþบ ตุ่่ฦÝ
ญรฌþร ตุ่่ื่
ญรูฝ ตุ่่ฝแ
ญรูร ตุ่่ฝ่
ญรูรþฝ ตุ่่ฝ่ฬแ
ญฤร ฯ่ตุ่่
ญþ ตฺุ่
ตþ ต่ม
ตþþ ต่มฺ
ตþþส ต่มๅข
ทฯ ต่ย่ฯ
ทþþ ต่ยฺ
ธ ต่ฤ
ธฝ ต่ฤแ
ธ๚ ต่ฤÜ
ธþ ต่ฤฺ
ธþฝ ต่ฤๅ
ฯ ต่ฯ
ฯบ ต่ฯÝ
ฯป ต่ฯÞ
ฯฝ ต่ฯแ
ฯพ ต่ฯโ
ฯพฟ ต่ฯโข
ฯฟ ต่ฯข
ฯย ต่ฯก
ฯส ต่ฯแข
ฯÜ ต่ฯฺก
ฯ๚ ต่ฯÜ
ฯþ ต่ฯฺ
ฯþฝ ต่ฯๅ
ฯþฟ ต่ฯฺข
ฯþส ต่ฯๅข
ุþส ต่ผแข
ู ต่ฝ
ูร ต่ฝ่
Û ต่ฟ
Ûฝ ต่ฟแ
Ûร ต่ฟ่
Û๕ ต่ฟ้
Û๕๚ ต่ฟ้Ü
Û๕þฝ ต่ฟ้ๅ
Ü ตก
þ ต
þบ ตÝ
þบฟ ตÝข
þบย ตÝก
þบฤ ฯ่ตÝ
þป ตÞ
þปฟ ตÞข
þปย ตÞก
þปฤ ฯ่ตÞ
þผ ต฿
þฝ ตแ
þฝฤ ฯ่ตแ
þพ ตโ
þพฟ ตโข
þฟ ตข
þฟฤ ฯ่ตข
þภ ตฃ
þร ต่
þรง ต่า
þฤ ฯ่ต
þฤร ฯ่ต่
þฤฯ ฯ่ต่ฯ
þฤฯฝ ฯ่ต่ฯแ
þฤ๕๚ ฯ่ต้Ü
þส ตแข
þฮ ตๆข
þÜ ตฺก
þ์ ตÜข
þ๕ ต้
þ๕น ต้Û
þ๕บ ต้Ý
þ๕พ ต้โ
þ๕๙ ต้ๆ
þ๕๚ ต้Ü
þ๕þ ตฺ้
þ๕þส ต้ๅข
þ๙ ตๆ
þ๙ย ตๆก
þ๚ ตÜ
þ๚ภ ตÜฃ
þ๚ฤ ฯ่ตÜ
þ๚๔ ฯ่ตÜข
þþ ตฺ
þþฝ ตๅ
þþฝภ ตๅฃ
þþฟ ตฺข
þþภ ตฺฃ
þþม ต็
þþฤ ฯ่ตฺ
þþฤฝ ฯ่ตๅ
þþฤส ฯ่ตๅข
þþส ตๅข
þþ๔ ฯ่ตฺข
þ๚ ถ่ถÜ
þ ถ่ฦ
þฝ ถ่ฦแ
กþ ถ่อ
กþþ ถ่อฺ
ฅþ ถ่ั
ฅþþฝ ถ่ัๅ
จþ ถ่ิ
จþฤ ฯ่ถ่ิ
ชþþ ถ่ีฺ
ซþþ ถ่ึฺ
ญบ ถุ่Ý
ญþฝ ถุ่ๅ
ตþ๚ ถ่มÜ
ธ ถ่ฤ
ฯ ถ่ฯ
ฯบ ถ่ฯÝ
ฯฝ ถ่ฯแ
ฯ๚ ถ่ฯÜ
ฯþ ถ่ฯฺ
ฯþฝ ถ่ฯๅ
ฯþส ถ่ฯๅข
þ ถ
þบ ถÝ
þบฟ ถÝข
þบย ถÝก
þป ถÞ
þปฟ ถÞข
þปย ถÞก
þผ ถ฿
þฝ ถแ
þพ ถโ
þฟ ถข
þร ถ่
þฤ ฯ่ถ
þส ถแข
þฮ ถๆข
þ์ ถÜข
þ๕ ถ้
þ๙ ถๆ
þ๚ ถÜ
þþ ถฺ
þþฝ ถๅ
þþฟ ถฺข
þþฤ ฯ่ถฺ
þþฤฝ ฯ่ถๅ
þþส ถๅข
 ท
บ ทÝ
ผ ท฿
ฝ ทแ
ฝฤ ฯ่ทแ
พ ทโ
ร ท่
รล ท่ณ
รลþ ท่ณฺ
รลþฝ ท่ณๅ
รþ ท่ต
รþฤ ฯ่ท่ต
รþ๕ ท่ต้
รþ๚ ท่ตÜ
รþþ ท่ตฺ
รþþฝ ท่ตๅ
รþþส ท่ตๅข
รþ ท่ถ
รþþ ท่ถฺ
ร ท่ท
รบ ท่ทÝ
รฝ ท่ทแ
รร ท่ท่
รรฃ ท่ท่ฯ
รรฃฝ ท่ท่ฯแ
รรฅþบ ท่ท่ัÝ
รรฅþþฝ ท่ท่ัๅ
รþฝ ท่ทๅ
รþ ท่ธ
รþ ท่ฦ่ฦ
รþ ท่ฦ
รþþ ท่ฦฺ
รþ ท่ศ
รþ ท่ฬ
รþบ ท่ฬÝ
รกþร ท่อ่
รฃ ท่ฯ
รฃฝ ท่ฯแ
รฃþฝ ท่ฯๅ
รฅþ ท่ั
รฅþบ ท่ัÝ
รฅþฝ ท่ัแ
รฅþþฝ ท่ัๅ
รซþ ท่ึ
รฌþฤร ฯ่ท่ื่
รฒ ท่ฯÝ
รธ ท่ฤ
รูฝ ท่ฝแ
รูร ท่ฝ่
รูรþ ท่ฝ่ต
ร๛ลþฝ ท่ษๅ
ฤ ฯ่ท
ฤร ฯ่ท่
ส ทแข
๚ ทÜ
þ ทฺ
þฝ ทๅ
þฤฝ ฯ่ทๅ
ฝล ธ่ณแ
ล ธ่ณ
ลþฝ ธ่ณๅ
þบ ธ่ถÝ
þ ธ่ธ
þบ ธ่ธÝ
þป ธ่ธÞ
þฝ ธ่ธแ
þฟ ธ่ธข
þร ธ่ธ่
þส ธ่ธแข
þ๚ ธ่ธÜ
þþ ธ่ธฺ
þþฝ ธ่ธๅ
þþส ธ่ธๅข
 ธ่น
บ ธ่นÝ
บฟ ธ่นÝข
ป ธ่นÞ
ผ ธ่น฿
ผฟ ธ่น฿ข
ฝ ธ่นแ
ฟ ธ่นข
ร ธ่น่
รฅþ ธ่น่ั
รจþ ธ่น่ิ
รจþþ ธ่น่ิฺ
รธรþ ธ่น่ฤ่ล
ฤ ฯ่ธ่น
๏ ธ่น่ฯ
๚ ธ่นÜ
þ ธ่นฺ
þฤ ฯ่ธ่นฺ
þส ธ่นๅข
þ ธ่ร
þฝ ธ่ฬ่หแ
กฅþฝ ธ่อ่ธ่ัแ
กฅþþฝ ธ่อ่ธ่ัๅ
กญฝ ธ่อ่ศุ่แ
กฅþ ธ่อ่ั
กฅþร ธ่อ่ั่
กูþฝ ธ่อ่ฝๅ
กþ ธ่อ
กþบ ธ่อÝ
กþป ธ่อÞ
กþปฟ ธ่อÞข
กþร ธ่อ่
กþ๙ ธ่อๆ
กþþ ธ่อฺ
กþþฝ ธ่อๅ
กþþฟ ธ่อฺข
กþþส ธ่อๅข
ฅþ ธ่ั
ฅþบ ธ่ัÝ
ฅþฝ ธ่ัแ
ฅþร ธ่ั่
ฅþþฝ ธ่ัๅ
จþþ ธ่ิฺ
จþþฟ ธ่ิฺข
ฌูฝ ธ่ื่ฝแ
ฌþร ธ่ื่
ญ ธุ่
ญฝ ธุ่แ
ญฝฤ ฯ่ธุ่แ
ญร ธุ่่
ญรญ ธุ่่ธุ่
ญรþ ธุ่่ฦ
ญรþฝ ธุ่่ฦแ
ญรþþฝ ธุ่่ฦๅ
ญฤ ฯ่ธุ่
ญฤร ฯ่ธุ่่
ญฤรกþร ฯ่ธุ่่อ่
ญฤรฅþþฝ ฯ่ธุ่่ัๅ
ญþฝ ธุ่ๅ
ฏþฝ ธุ่่ฬแ
ฦ ธ่ณ่
ฦลþส ธ่ณ่ณๅข
ฦþþฝ ธ่ณ่ฦๅ
ฦþ ธ่ณ่ฬ
ฦกþ ธ่ณ่อ
ฦฌญ ธ่ณ่ืุ่
ฦฌþร ธ่ณ่ื่
ฦทþ ธ่ณ่ย
ฯ ธ่ฯ
ฯบ ธ่ฯÝ
ฯฝ ธ่ฯแ
ฯรทþฝ ธ่ฯ่ธ่ยแ
ฯร ธ่ฯ่น
ฯรþ ธ่ฯ่นฺ
ฯรกูþฝ ธ่ฯ่อ่ศ่ฝๅ
ฯรกฌู ธ่ฯ่อ่ื่ฝ
ฯรกþþฝ ธ่ฯ่อๅ
ฯรูร ธ่ฯ่ฝ่
ฯþ ธ่ฯฺ
ฯþฝ ธ่ฯๅ
ู ธ่ฝ
ูบ ธ่ฝÝ
ูฝ ธ่ฝแ
ูร ธ่ฝ่
ูรฅกþร ธ่ฝ่ั่อ่
ูรฅþฝ ธ่ฝ่ัแ
ูรฌþร ธ่ฝ่ื่
ู๏บ ธ่ฝ่ฯÝ
ู๏รฌþร ธ่ฝ่ฯ่ื่
ู๏þฝ ธ่ฝ่ฯๅ
ูþฝ ธ่ฝๅ
Û ธ่ฟ
Ûฝ ธ่ฟแ
Û๕ ธ่ฟ้
Ûþฝ ธ่ฟๅ
Ü ธก
เÛ๏ ธุ่่อ่ฟ่ฯ
เþร ธุ่่อ่
ํฃþฝ ธุ่่ฯๅ
ý ธ่ี่ฯ
ýþ ธ่ี่ฯฺ
þ ธ
þบ ธÝ
þบฟ ธÝข
þบย ธÝก
þบฤ ฯ่ธÝ
þป ธÞ
þปฟ ธÞข
þปย ธÞก
þผ ธ฿
þฝ ธแ
þฝฤ ฯ่ธแ
þฝ๔ ฯ่ธแข
þพ ธโ
þพฟ ธโข
þฟ ธข
þภ ธฃ
þม ธใ
þร ธ่
þฤ ฯ่ธ
þฤฯþฝ ฯ่ธ่ฯๅ
þส ธแข
þฮ ธๆข
þÜ ธฺก
þ์ ธÜข
þ๙ ธๆ
þ๚ ธÜ
þ๚ฤ ฯ่ธÜ
þþ ธฺ
þþฝ ธๅ
þþฟ ธฺข
þþม ธ็
þþฤ ฯ่ธฺ
þþฤฝ ฯ่ธๅ
þþฤส ฯ่ธๅข
þþส ธๅข
 น
บ นÝ
บภ นÝฃ
ป นÞ
ปฟ นÞข
ปย นÞก
ฝ นแ
ฝฤ ฯ่นแ
พ นโ
พฟ นโข
ฟ นข
ภ นฃ
ย นก
ร น่
รรþ๚ น่ภ่หÜ
รร น่น่
รรูร น่น่ฝ่
รþ น่ห
รþ๚ น่หÜ
รþร น่ฬ่
รกฅþฝ น่อ่ธ่ัแ
รกฌูร น่อ่ื่ฝ่
รกþ น่อ
รกþฝ น่อแ
รกþþ น่อฺ
รฅþ น่ั
รฅþบ น่ัÝ
รฅþฝ น่ัแ
รฅþร น่ั่
รฅþþฝ น่ัๅ
รจþþ น่ิฺ
รซซþร น่ึ่ึ่
รซþ น่ึ
รซþร น่ึ่
รซþ๙ น่ึๆ
รญ นุ่
รญบ นุ่Ý
รญฝ นุ่แ
รญรฃþฝ นุ่่ฯๅ
รญþฝ นุ่ๅ
รตชþร น่ม่ี่
รตþร น่ม่
รุþร น่ผ่
รฺร น่พ่
รÛ น่ฟ
ร๛ลþ น่ษฺ
ฤ ฯ่น
ส นแข
ฮ นๆข
Ü นฺก
์ นÜข
๏ น่ฯ
๏บ น่ฯÝ
๏ฝ น่ฯแ
๏รกฌู น่ฯ่อ่ื่ฝ
๏þฝ น่ฯๅ
๕ น้
๙ นๆ
๚ นÜ
๚ฤ ฯ่นÜ
þ นฺ
þฝ นๅ
þฟ นฺข
þฤ ฯ่นฺ
þฤส ฯ่นๅข
þส นๅข
ญ บ่ตุ่
จþ บ่บ่ิ
þ บ่บ
þบ บ่บÝ
þป บ่บÞ
þฝ บ่บแ
þพ บ่บโ
þ๕ บ่บ้
þ๚ บ่บÜ
þþ บ่บฺ
þþฝ บ่บๅ
þþส บ่บๅข
þ บ่ป
þร บ่ฦ่
þ๚ บ่ฦÜ
þ บ่ศ
þþ บ่ศฺ
þ บ่ส
þฝ บ่สแ
þþ บ่สฺ
þ บ่ฬ
þฝ บ่ฬแ
þส บ่ฬแข
þ๚ บ่ฬÜ
þþ บ่ฬฺ
þþฝ บ่ฬๅ
กþ บ่อ
กþบ บ่อÝ
กþป บ่อÞ
กþปฟ บ่อÞข
กþปย บ่อÞก
กþฝ บ่อแ
กþฟ บ่อข
กþฤ ฯ่บ่อ
กþÜ บ่อฺก
กþ๙ บ่อๆ
กþ๚ บ่อÜ
กþþ บ่อฺ
กþþฝ บ่อๅ
กþþฤ ฯ่บ่อฺ
กþþส บ่อๅข
ฅþ บ่ั
จþ บ่ิ
จþþ บ่ิฺ
จþþม บ่ิ็
ชþ๕ บ่ี้
ฌจþ บ่ื่ิ
ฌþ บ่ื
ญร บุ่่
ทฯ บ่ย่ฯ
ธþ บ่ฤฺ
ฦู บ่ณ่ฝ
ฯ บ่ฯ
ฯþ บ่ฯฺ
ุþþ บ่ผ่ศฺ
ุþ บ่ผ
ุþฝ บ่ผแ
ุþฝฤ ฯ่บ่ผแ
ุþฟ บ่ผข
ุþ๚ บ่ผÜ
ุþþ บ่ผฺ
ุþþฝ บ่ผๅ
ุþþฟ บ่ผฺข
ุþþฤ ฯ่บ่ผฺ
ุþþส บ่ผๅข
Û บ่ฟ
Ûฝ บ่ฟแ
Ûฤ ฯ่บ่ฟ
Û๕ บ่ฟ้
Ü บก
๛ร๛ล บ่ษ่ษ
þ บ
þบ บÝ
þบภ บÝฃ
þบฤ ฯ่บÝ
þป บÞ
þปฟ บÞข
þปย บÞก
þปฤ ฯ่บÞ
þผ บ฿
þฝ บแ
þฝฤ ฯ่บแ
þฝ๔ ฯ่บแข
þพ บโ
þพฟ บโข
þฟ บข
þฟฤ ฯ่บข
þม บใ
þร บ่
þฤ ฯ่บ
þฤ๕ ฯ่บ้
þฤ๕บ ฯ่บ้Ý
þฤ๕ฝ ฯ่บ้แ
þฤ๕๚ ฯ่บ้Ü
þฤ๕þ ฯ่บฺ้
þส บแข
þÜ บฺก
þ์ บÜข
þ๕ บ้
þ๕น บ้Û
þ๕บ บ้Ý
þ๕ป บ้Þ
þ๕ฝ บ้แ
þ๕พ บ้โ
þ๕ฟ บ้ข
þ๕รþ บ้่บ
þ๕รþ๕ บ้่บ้
þ๕รþþ บ้่สฺ
þ๕รþ บ้่ฬ
þ๕รþþส บ้่ฬๅข
þ๕รกþþ บ้่อฺ
þ๕ส บ้แข
þ๕๋ บ้Ûข
þ๕๕รกþþ บ้้่อฺ
þ๕๚ บ้Ü
þ๕þ บฺ้
þ๕þฝ บ้ๅ
þ๕þส บ้ๅข
þ๙ บๆ
þ๚ บÜ
þ๚ฤ ฯ่บÜ
þ๚๔ ฯ่บÜข
þþ บฺ
þþฝ บๅ
þþฟ บฺข
þþม บ็
þþฤ ฯ่บฺ
þþฤฝ ฯ่บๅ
þþฤส ฯ่บๅข
þþส บๅข
ร ป่น่
þร ป่ฦ่
กþþฝ ป่อๅ
จþ ป่ิ
ชฺร ป่ี่พ่
Ü ปก
þ ป
þบ ปÝ
þบฟ ปÝข
þบย ปÝก
þป ปÞ
þปฟ ปÞข
þปย ปÞก
þฝ ปแ
þพ ปโ
þฟ ปข
þร ป่
þฤ ฯ่ป
þส ปแข
þฮ ปๆข
þÜ ปฺก
þ์ ปÜข
þ๕ ป้
þ๙ ปๆ
þ๚ ปÜ
þþ ปฺ
þþฝ ปๅ
þþฟ ปฺข
þþม ป็
þþฤ ฯ่ปฺ
þþส ปๅข
– ก้
ล ร่ณ
þ ร่ร
þบ ร่รÝ
þþ ร่รฺ
กþ ร่อ
กþบ ร่อÝ
กþป ร่อÞ
กþฟ ร่อข
กþร ร่อ่
กþฤ ฯ่ร่อ
กþþ ร่อฺ
กþþฝ ร่อๅ
กþþฤ ฯ่ร่อฺ
กþþฤส ฯ่ร่อๅข
กþþส ร่อๅข
จþ ร่ิ
จþร ร่ิ่
จþ๚ ร่ิÜ
จþþ ร่ิฺ
ฌþ ร่ื
ฌþฤ ฯ่ร่ื
ญ รุ่
ญþฝ รุ่ๅ
ทþบ ร่ยÝ
ฯ ร่ฯ
ฯบ ร่ฯÝ
ฯป ร่ฯÞ
ฯฝ ร่ฯแ
ฯพ ร่ฯโ
ฯรกþ ร่ฯ่อ
ฯ๚ ร่ฯÜ
ฯþ ร่ฯฺ
ฯþฝ ร่ฯๅ
Ûรþ๙ ร่ฟ่สๆ
๛ลþฝ ร่ษๅ
þ ร
þบ รÝ
þบฟ รÝข
þบฤ ฯ่รÝ
þป รÞ
þปฟ รÞข
þปฤ ฯ่รÞ
þผ ร฿
þฝ รแ
þฝฤ ฯ่รแ
þพ รโ
þพฟ รโข
þฟ รข
þฟฤ ฯ่รข
þร ร่
þฤ ฯ่ร
þฤภ ฯ่รฃ
þส รแข
þฮ รๆข
þÜ รฺก
þ์ รÜข
þ๕ ร้
þ๙ รๆ
þ๙ฤ ฯ่รๆ
þ๚ รÜ
þ๚ย รÜก
þ๚ฤ ฯ่รÜ
þþ รฺ
þþฝ รๅ
þþฟ รฺข
þþม ร็
þþฤ ฯ่รฺ
þþฤฝ ฯ่รๅ
þþฤส ฯ่รๅข
þþส รๅข
þþ๔ ฯ่รฺข
þร ล่ล่ล่ล่
þร ล่ล่ล่
þ๚ ล่ล่ลÜ
ธ๚ ล่ล่ฤÜ
þ๚ ล่ลÜ
กþþ ล่ฦ่อฺ
þ ล่ฦ
þ ล่ฬ
þþ ล่ฬฺ
กกþ ล่อ่อ
กþ ล่อ
กþบ ล่อÝ
กþป ล่อÞ
กþฝ ล่อแ
กþฟ ล่อข
กþฤ ฯ่ล่อ
กþ๚ ล่อÜ
กþþ ล่อฺ
กþþฟ ล่อฺข
กþþฤส ฯ่ล่อๅข
กþþส ล่อๅข
จกþ ล่ิ่อ
จþ ล่ิ
จþฟ ล่ิข
จþฤ ฯ่ล่ิ
จþ๚ ล่ิÜ
จþþ ล่ิฺ
จþþฤ ฯ่ล่ิฺ
จþþ๔ ฯ่ล่ิฺข
ธ ล่ฤ
ธร ล่ฤ่
ธฤ ฯ่ล่ฤ
ธ๚ ล่ฤÜ
ธþ ล่ฤฺ
ธþฝ ล่ฤๅ
ธþฟ ล่ฤฺข
ธþฤ ฯ่ล่ฤฺ
ธþส ล่ฤๅข
ธþ๔ ฯ่ล่ฤฺข
ฯ ล่ฯ
ฯบ ล่ฯÝ
ฯป ล่ฯÞ
ฯรกþป ล่ฯ่อÞ
ฯรกþþ ล่ฯ่อฺ
ฯรจþ ล่ฯ่ิ
ฯ๚ ล่ฯÜ
ฯþ ล่ฯฺ
ฯþฟ ล่ฯฺข
ฯþส ล่ฯๅข
Û๕þ ล่ฟฺ้
Ü ลก
โþ ล่ณ่ึ
þ ล
þบ ลÝ
þบฟ ลÝข
þบย ลÝก
þป ลÞ
þปฟ ลÞข
þผ ล฿
þฝ ลแ
þพ ลโ
þฟ ลข
þฟฤ ฯ่ลข
þภ ลฃ
þร ล่
þฤ ฯ่ล
þส ลแข
þฮ ลๆข
þÜ ลฺก
þ์ ลÜข
þ๕ ล้
þ๙ ลๆ
þ๚ ลÜ
þ๚ฤ ฯ่ลÜ
þþ ลฺ
þþฝ ลๅ
þþฟ ลฺข
þþฤ ฯ่ลฺ
þþฤฝ ฯ่ลๅ
þþฤส ฯ่ลๅข
þþส ลๅข
ฝล ฦ่ณแ
ล ฦ่ณ
ล๕ ฦ่ณ้
ล๚ ฦ่ณÜ
ลþ ฦ่ณฺ
ลþฝ ฦ่ณๅ
ลþม ฦ่ณ็
þþ ฦ่ดฺ
þฝ ฦ่ต่ฦแ
ฅþ ฦ่ต่ั
ฅþฝ ฦ่ต่ัแ
ฅþþฝ ฦ่ต่ัๅ
ฌูร ฦ่ต่ื่ฝ่
ฌþร ฦ่ต่ื่
ญร ฦ่ตุ่่
ทþ ฦ่ต่ย
ฯ ฦ่ต่ฯ
ฯบ ฦ่ต่ฯÝ
ฯฝ ฦ่ต่ฯแ
ูรญร ฦ่ต่ฝุ่่
Ûþฝ ฦ่ต่ฟๅ
þ ฦ่ต
þบ ฦ่ตÝ
þฝ ฦ่ตแ
þร ฦ่ต่
þþ ฦ่ตฺ
þþฝ ฦ่ตๅ
þ ฦ่ถ
þบ ฦ่ถÝ
þ๚ ฦ่ถÜ
 ฦ่ท
บ ฦ่ทÝ
ฝ ฦ่ทแ
รฃ ฦ่ท่ฯ
รฃฝ ฦ่ท่ฯแ
รฃþฝ ฦ่ท่ฯๅ
รฅþ ฦ่ท่ั
รฅþบ ฦ่ท่ัÝ
þฝ ฦ่ทๅ
กฅþþฝ ฦ่ธ่อ่ธ่ัๅ
กþร ฦ่ธ่อ่
ฅþบ ฦ่ธ่ัÝ
ฅþþฝ ฦ่ธ่ัๅ
ฌþบ ฦ่ธ่ืÝ
ญ ฦ่ธุ่
ญฝ ฦ่ธุ่แ
ญร ฦ่ธุ่่
ญþฝ ฦ่ธุ่ๅ
ฯฝ ฦ่ธ่ฯแ
ูบ ฦ่ธ่ฝÝ
ูร ฦ่ธ่ฝ่
þ ฦ่ธ
þบ ฦ่ธÝ
þฝ ฦ่ธแ
þฝฤ ฯ่ฦ่ธแ
þร ฦ่ธ่
þþ ฦ่ธฺ
þþฝ ฦ่ธๅ
þþส ฦ่ธๅข
 ฦ่น
๙ ฦ่นๆ
กþป ฦ่บ่อÞ
ุþþ ฦ่บ่ผฺ
þ ฦ่บ
þบ ฦ่บÝ
þป ฦ่บÞ
þฝ ฦ่บแ
þ๕ ฦ่บ้
þ๕þ ฦ่บฺ้
þ๚ ฦ่บÜ
þþ ฦ่บฺ
þþฝ ฦ่บๅ
þบ ฦ่ปÝ
ฯฝ ฦ่ร่ฯแ
ฯพ ฦ่ร่ฯโ
þ ฦ่ร
þฝ ฦ่รแ
þ๚ ฦ่รÜ
þþ ฦ่รฺ
þþฝ ฦ่รๅ
þþส ฦ่รๅข
กþ ฦ่ล่อ
กþ๚ ฦ่ล่อÜ
กþþ ฦ่ล่อฺ
ฯ ฦ่ล่ฯ
ฯ๚ ฦ่ล่ฯÜ
ฯþส ฦ่ล่ฯๅข
þ ฦ่ล
þบ ฦ่ลÝ
þฝ ฦ่ลแ
þส ฦ่ลแข
þ๙ ฦ่ลๆ
þ๚ ฦ่ลÜ
þþ ฦ่ลฺ
þþฝ ฦ่ลๅ
þþส ฦ่ลๅข
þ ฦ่ฦ่บ
กþ ฦ่ฦ่ล่อ
ทþ ฦ่ฦ่ย
þ ฦ่ฦ
þบ ฦ่ฦÝ
þป ฦ่ฦÞ
þฝ ฦ่ฦแ
þร ฦ่ฦ่
þ์ ฦ่ฦÜข
þ๙ ฦ่ฦๆ
þ๚ ฦ่ฦÜ
þþ ฦ่ฦฺ
þþฝ ฦ่ฦๅ
þþส ฦ่ฦๅข
ฅþฝ ฦ่ศ่ัแ
ฯ ฦ่ศ่ฯ
ฯþ ฦ่ศ่ฯฺ
þ ฦ่ศ
þบ ฦ่ศÝ
þþ ฦ่ศฺ
þþฝ ฦ่ศๅ
þ ฦ่ส
þบ ฦ่สÝ
þฝ ฦ่สแ
þþฝ ฦ่สๅ
þþส ฦ่สๅข
þ ฦ่ฬ
þบ ฦ่ฬÝ
þป ฦ่ฬÞ
þผ ฦ่ฬ฿
þฝ ฦ่ฬแ
þฝฤ ฯ่ฦ่ฬแ
þส ฦ่ฬแข
þ๚ ฦ่ฬÜ
þþ ฦ่ฬฺ
þþฝ ฦ่ฬๅ
þþฟ ฦ่ฬฺข
þþส ฦ่ฬๅข
กกþร ฦ่อ่ฬ่อ่
กþร ฦ่อ่ฬ่
กþ ฦ่อ
กþบ ฦ่อÝ
กþป ฦ่อÞ
กþฝ ฦ่อแ
กþร ฦ่อ่
กþฤ ฯ่ฦ่อ
กþ๙ ฦ่อๆ
กþ๚ ฦ่อÜ
กþþ ฦ่อฺ
กþþฝ ฦ่อๅ
กþþฟ ฦ่อฺข
กþþส ฦ่อๅข
ฅกþร ฦ่ั่อ่
ฅþ ฦ่ั
ฅþฝ ฦ่ัแ
ฅþฝฤ ฯ่ฦ่ัแ
ฅþþฝ ฦ่ัๅ
จฯ๚ ฦ่ิ่ฯÜ
จþ ฦ่ิ
จþบ ฦ่ิÝ
จþฝ ฦ่ิแ
จþพ ฦ่ิโ
จþฟ ฦ่ิข
จþส ฦ่ิแข
จþþ ฦ่ิฺ
จþþฝ ฦ่ิๅ
ชþ ฦ่ี
ชþร ฦ่ี่
ชþ๚ ฦ่ีÜ
ชþþ ฦ่ีฺ
ชþþฝ ฦ่ีๅ
ฌล๚ ฦ่ื่ณÜ
ฌฝ ฦ่ื่ทแ
ฌþ ฦ่ื่ศ
ฌþฝ ฦ่ื่ศแ
ฌþพ ฦ่ื่ศโ
ฌþ๚ ฦ่ื่ศÜ
ฌþþฝ ฦ่ื่ศๅ
ฌฅþ ฦ่ื่ั
ฌจþฝ ฦ่ื่ิแ
ฌญบ ฦ่ืุ่Ý
ฌู ฦ่ื่ฝ
ฌูบ ฦ่ื่ฝÝ
ฌูฝ ฦ่ื่ฝแ
ฌูร ฦ่ื่ฝ่
ฌูส ฦ่ื่ฝแข
ฌู๏ ฦ่ื่ฝ่ฯ
ฌู๏บ ฦ่ื่ฝ่ฯÝ
ฌู๏ป ฦ่ื่ฝ่ฯÞ
ฌู๏ฝ ฦ่ื่ฝ่ฯแ
ฌู๏þฝ ฦ่ื่ฝ่ฯๅ
ฌู๚ ฦ่ื่ฝÜ
ฌูþ ฦ่ื่ฝฺ
ฌþ ฦ่ื
ฌþบ ฦ่ืÝ
ฌþป ฦ่ืÞ
ฌþฝ ฦ่ืแ
ฌþพ ฦ่ืโ
ฌþร ฦ่ื่
ฌþฤ ฯ่ฦ่ื
ฌþฤร ฯ่ฦ่ื่
ฌþส ฦ่ืแข
ฌþ์ ฦ่ืÜข
ฌþ๚ ฦ่ืÜ
ฌþþ ฦ่ืฺ
ฌþþฝ ฦ่ืๅ
ฌþþส ฦ่ืๅข
ญ ฦุ่
ญบ ฦุ่Ý
ญฝ ฦุ่แ
ญพ ฦุ่โ
ญพฟ ฦุ่โข
ญฟ ฦุ่ข
ญร ฦุ่่
ญส ฦุ่แข
ญÜ ฦฺุ่ก
ญ์ ฦุ่Üข
ญ๚ ฦุ่Ü
ญþ ฦฺุ่
ญþฝ ฦุ่ๅ
ญþฟ ฦฺุ่ข
ญþส ฦุ่ๅข
ทþบ ฦ่ย่ศÝ
ทกþ ฦ่ย่อ
ทกþฝ ฦ่ย่อแ
ทกþþ ฦ่ย่อฺ
ทจกþ ฦ่ย่ิ่อ
ทจþ ฦ่ย่ิ
ทฯ ฦ่ย่ฯ
ทฯฝ ฦ่ย่ฯแ
ทฯรกþ ฦ่ย่ฯ่อ
ทฯรกþþฝ ฦ่ย่ฯ่อๅ
ทฯ๚ ฦ่ย่ฯÜ
ทฯþ ฦ่ย่ฯฺ
ทฯþฝ ฦ่ย่ฯๅ
ทฯþส ฦ่ย่ฯๅข
ทþ ฦ่ย
ทþบ ฦ่ยÝ
ทþป ฦ่ยÞ
ทþฝ ฦ่ยแ
ทþฟ ฦ่ยข
ทþภ ฦ่ยฃ
ทþร ฦ่ย่
ทþฤ ฯ่ฦ่ย
ทþ๚ ฦ่ยÜ
ทþþ ฦ่ยฺ
ทþþฝ ฦ่ยๅ
ทþþฟ ฦ่ยฺข
ทþþส ฦ่ยๅข
ธ ฦ่ฤ
ธบ ฦ่ฤÝ
ธป ฦ่ฤÞ
ธฝ ฦ่ฤแ
ธฝฤ ฯ่ฦ่ฤแ
ธพ ฦ่ฤโ
ธร ฦ่ฤ่
ธรกþ ฦ่ฤ่อ
ธรกþþฝ ฦ่ฤ่อๅ
ธส ฦ่ฤแข
ธ์ ฦ่ฤÜข
ธ๙ ฦ่ฤๆ
ธ๚ ฦ่ฤÜ
ธþ ฦ่ฤฺ
ธþฝ ฦ่ฤๅ
ธþฟ ฦ่ฤฺข
ธþส ฦ่ฤๅข
ฦ ฦ่ณ่
ฦþþฝ ฦ่ณ่ฦๅ
ฦกþบ ฦ่ณ่อÝ
ฦกþร ฦ่ณ่อ่
ฦฅþป ฦ่ณ่ัÞ
ฦจþþ ฦ่ณ่ิฺ
ฦชþ ฦ่ณ่ี
ฦฌþร ฦ่ณ่ื่
วลบ ฦ่ณ่ฯÝ
วล๚ ฦ่ณ่ฯÜ
วลþฝ ฦ่ณ่ฯๅ
วลþฟ ฦ่ณ่ฯฺข
อ ฦ่ฤ่ฯ
อฝ ฦ่ฤ่ฯแ
อ๚ ฦ่ฤ่ฯÜ
อþ ฦ่ฤ่ฯฺ
อþฝ ฦ่ฤ่ฯๅ
อþฟ ฦ่ฤ่ฯฺข
อþส ฦ่ฤ่ฯๅข
ฯ ฦ่ฯ
ฯฝ ฦ่ฯแ
ฯรทþ ฦ่ฯ่ย
ฯรธรจþ ฦ่ฯ่ฤ่ิ
ึ ฦ่ฤ่ล
ึ๚ ฦ่ฤ่ลÜ
ึþ ฦ่ฤ่ลฺ
ื ฦ่ฤ่ิ
ื๚ ฦ่ฤ่ิÜ
ืþ ฦ่ฤ่ิฺ
ืþฝ ฦ่ฤ่ิๅ
ืþส ฦ่ฤ่ิๅข
ุþ ฦ่ผ่ธ
ู ฦ่ฝ
ูบ ฦ่ฝÝ
ูป ฦ่ฝÞ
ูฝ ฦ่ฝแ
ูพ ฦ่ฝโ
ูพฟ ฦ่ฝโข
ูร ฦ่ฝ่
ูรกþร ฦ่ฝ่อ่
ูรฌþ ฦ่ฝ่ื
ูรฌþร ฦ่ฝ่ื่
ูรญรฃþฝ ฦ่ฝุ่่ฯๅ
ูรญรฅกþร ฦ่ฝุ่่ั่อ่
ูรญþฝ ฦ่ฝุ่ๅ
ูส ฦ่ฝแข
ู๏ ฦ่ฝ่ฯ
ู๏บ ฦ่ฝ่ฯÝ
ู๏ป ฦ่ฝ่ฯÞ
ู๏ฝ ฦ่ฝ่ฯแ
ู๏พ ฦ่ฝ่ฯโ
ู๏รกþร ฦ่ฝ่ฯ่อ่
ู๏๚ ฦ่ฝ่ฯÜ
ู๏þ ฦ่ฝ่ฯฺ
ู๏þฝ ฦ่ฝ่ฯๅ
ู๚ ฦ่ฝÜ
ูþ ฦ่ฝฺ
ูþฝ ฦ่ฝๅ
ูþส ฦ่ฝๅข
ฺ ฦ่พ
Û ฦ่ฟ
Ûบ ฦ่ฟÝ
Ûฝ ฦ่ฟแ
Ûพ ฦ่ฟโ
Ûฟ ฦ่ฟข
Ûร ฦ่ฟ่
Ûรฅþฝ ฦ่ฟ่ัแ
Ûรฌþร ฦ่ฟ่ื่
Ûรญรฃ ฦ่ฟุ่่ฯ
Ûรญþฝ ฦ่ฟุ่ๅ
Ûฤรูร ฯ่ฦ่ฟ่ฝ่
Û๏ ฦ่ฟ่ฯ
Û๏บ ฦ่ฟ่ฯÝ
Û๏ฝ ฦ่ฟ่ฯแ
Û๏รกþร ฦ่ฟ่ฯ่อ่
Û๏๚ ฦ่ฟ่ฯÜ
Û๏þ ฦ่ฟ่ฯฺ
Û๏þฝ ฦ่ฟ่ฯๅ
Û๚ ฦ่ฟÜ
Ûþ ฦ่ฟฺ
Ûþฝ ฦ่ฟๅ
Ûþส ฦ่ฟๅข
Ü ฦก
๎þ ฦ่ย่ย
๛ฝล ฦ่ษแ
๛ฝลฟ ฦ่ษแข
๛รกþป ฦ่ษ่อÞ
๛รฃฝ ฦ่ษ่ฯแ
๛รฃส ฦ่ษ่ฯแข
๛รฃþ ฦ่ษ่ฯฺ
๛รฅþบ ฦ่ษ่ัÝ
๛รฅþฝ ฦ่ษ่ัแ
๛ล ฦ่ษ
๛ล๚ ฦ่ษÜ
๛ลþ ฦ่ษฺ
๛ลþฝ ฦ่ษๅ
þ ฦ
þบ ฦÝ
þบฟ ฦÝข
þบย ฦÝก
þป ฦÞ
þปฟ ฦÞข
þปย ฦÞก
þปฤ ฯ่ฦÞ
þผ ฦ฿
þฝ ฦแ
þฝย ฦแก
þฝฤ ฯ่ฦแ
þฝ๔ ฯ่ฦแข
þพ ฦโ
þพฟ ฦโข
þพภ ฦโฃ
þฟ ฦข
þภ ฦฃ
þร ฦ่
þฤ ฯ่ฦ
þฤผ ฯ่ฦ฿
þฤร ฯ่ฦ่
þส ฦแข
þฮ ฦๆข
þÜ ฦฺก
þ์ ฦÜข
þ๕ ฦ้
þ๕รÛ ฦ้่ฟ
þ๙ ฦๆ
þ๚ ฦÜ
þ๚ฤ ฯ่ฦÜ
þþ ฦฺ
þþฝ ฦๅ
þþฟ ฦฺข
þþภ ฦฺฃ
þþม ฦ็
þþฤ ฯ่ฦฺ
þþฤฝ ฯ่ฦๅ
þþฤส ฯ่ฦๅข
þþส ฦๅข
þþ๔ ฯ่ฦฺข
ล ศ่ณ
ฝ ศ่ทแ
þ๚ ศ่รÜ
þþ ศ่รฺ
þ ศ่ฦ
þฝ ศ่ฦแ
þ๚ ศ่ฦÜ
þþ ศ่ฦฺ
þþฝ ศ่ฦๅ
þþส ศ่ฦๅข
กþร ศ่ศ่อ่
ฅกþร ศ่ศ่ั่อ่
ฅþฝ ศ่ศ่ัแ
ฯฝ ศ่ศ่ฯแ
ฯþฝ ศ่ศ่ฯๅ
þ ศ่ศ
þบ ศ่ศÝ
þป ศ่ศÞ
þฝ ศ่ศแ
þร ศ่ศ่
þส ศ่ศแข
þ๙ ศ่ศๆ
þ๚ ศ่ศÜ
þþ ศ่ศฺ
þþฝ ศ่ศๅ
þþส ศ่ศๅข
ํฃ ศ่สุ่่ฯ
þร ศ่ส่
þþฝ ศ่สๅ
รÛ ศ่ห่ภ่ฟ
þฝ ศ่ฬแ
กþ ศ่อ
กþบ ศ่อÝ
กþป ศ่อÞ
กþปย ศ่อÞก
กþฟ ศ่อข
กþร ศ่อ่
กþþ ศ่อฺ
กþþฝ ศ่อๅ
กþþฤ ฯ่ศ่อฺ
ฅกþร ศ่ั่อ่
ฅþ ศ่ั
ฅþบ ศ่ัÝ
ฅþป ศ่ัÞ
ฅþฝ ศ่ัแ
ฅþพ ศ่ัโ
ฅþฟ ศ่ัข
ฅþส ศ่ัแข
ฅþ๚ ศ่ัÜ
ฅþþ ศ่ัฺ
ฅþþฝ ศ่ัๅ
ฅþþฟ ศ่ัฺข
ฅþþม ศ่ั็
จþÜ ศ่ิฺก
จþþ ศ่ิฺ
จþþฟ ศ่ิฺข
ชþ ศ่ี
ชþฟ ศ่ีข
ฌกญþฝ ศ่ื่อ่ธุ่ๅ
ฌกฅฅþ ศ่ื่อ่ั่ั
ฌกþร ศ่ื่อ่
ฌทþ ศ่ื่ย
ฌูฝ ศ่ื่ฝแ
ฌþ ศ่ื
ฌþบ ศ่ืÝ
ฌþป ศ่ืÞ
ฌþฝ ศ่ืแ
ฌþร ศ่ื่
ฌþ๚ ศ่ืÜ
ฌþþ ศ่ืฺ
ญ ศุ่
ญบ ศุ่Ý
ญฝ ศุ่แ
ญร ศุ่่
ญรฌþร ศุ่่ื่
ญรูรญฝ ศุ่่ฝุ่แ
ญþฝ ศุ่ๅ
ญþฤฝ ฯ่ศุ่ๅ
ตþ ศ่ม
ทกþ ศ่ย่อ
ทฯ ศ่ย่ฯ
ทþ ศ่ย
ทþบ ศ่ยÝ
ทþฝ ศ่ยแ
ทþฟ ศ่ยข
ทþ๚ ศ่ยÜ
ทþþ ศ่ยฺ
ทþþฝ ศ่ยๅ
ทþþฟ ศ่ยฺข
ทþþส ศ่ยๅข
ธฝ ศ่ฤแ
ธ๚ ศ่ฤÜ
ฯ ศ่ฯ
ฯบ ศ่ฯÝ
ฯป ศ่ฯÞ
ฯผ ศ่ฯ฿
ฯฝ ศ่ฯแ
ฯพ ศ่ฯโ
ฯฟ ศ่ฯข
ฯส ศ่ฯแข
ฯÜ ศ่ฯฺก
ฯ์ ศ่ฯÜข
ฯ๙ ศ่ฯๆ
ฯ๚ ศ่ฯÜ
ฯþ ศ่ฯฺ
ฯþฝ ศ่ฯๅ
ฯþฟ ศ่ฯฺข
ฯþม ศ่ฯ็
ฯþส ศ่ฯๅข
ู ศ่ฝ
ูบ ศ่ฝÝ
ูฝ ศ่ฝแ
ูร ศ่ฝ่
ูรกþร ศ่ฝ่ธ่อ่
ูรฌþ ศ่ฝ่ื
ูรฌþร ศ่ฝ่ื่
ูรญร ศ่ฝุ่่
ู๚ ศ่ฝÜ
ูþ ศ่ฝฺ
ูþฝ ศ่ฝๅ
Û ศ่ฟ
Ü ศก
เþ ศุ่่อ่ธ
เþร ศุ่่อ่
ํฃ ศุ่่ฯ
๛บล ศ่ษÝ
๛ฝล ศ่ษแ
þ ศ
þบ ศÝ
þบฟ ศÝข
þบย ศÝก
þป ศÞ
þปฟ ศÞข
þปย ศÞก
þปฤ ฯ่ศÞ
þผ ศ฿
þฝ ศแ
þฝย ศแก
þฝฤ ฯ่ศแ
þพ ศโ
þพฟ ศโข
þฟ ศข
þภ ศฃ
þร ศ่
þฤ ฯ่ศ
þฤร ฯ่ศ่
þฤฯ ฯ่ศ่ฯ
þฤฯฝ ฯ่ศ่ฯแ
þส ศแข
þฮ ศๆข
þÜ ศฺก
þ์ ศÜข
þ๕ ศ้
þ๙ ศๆ
þ๚ ศÜ
þ๚ฤ ฯ่ศÜ
þþ ศฺ
þþฝ ศๅ
þþฟ ศฺข
þþม ศ็
þþมฟ ศ็ข
þþฤ ฯ่ศฺ
þþฤฝ ฯ่ศๅ
þþฤส ฯ่ศๅข
þþส ศๅข
ญ ส่ตุ่
þ ส่ถ
þ ส่บ
þบ ส่บÝ
þฝ ส่บแ
þพ ส่บโ
þส ส่บแข
þ๕ ส่บ้
þ๕ฝ ส่บ้แ
þ๕๚ ส่บ้Ü
þ๕þ ส่บฺ้
þ๕þส ส่บ้ๅข
þ๚ ส่บÜ
þþ ส่บฺ
þþส ส่บๅข
þ ส่ร
þ ส่ล
þ๚ ส่ลÜ
þþ ส่ลฺ
þ ส่ฦ
þฝ ส่ฦแ
þþ ส่ฦฺ
þþฝ ส่ฦๅ
þ ส่ศ
ฌþร ส่ส่ื่
þ ส่ส
þบ ส่สÝ
þป ส่สÞ
þฝ ส่สแ
þพ ส่สโ
þร ส่ส่
þ๚ ส่สÜ
þþ ส่สฺ
þþฝ ส่สๅ
þþส ส่สๅข
þ๚ ส่หÜ
กþ ส่อ
กþบ ส่อÝ
กþป ส่อÞ
กþฝ ส่อแ
กþร ส่อ่
กþฮ ส่อๆข
กþ๙ ส่อๆ
กþ๚ ส่อÜ
กþþ ส่อฺ
กþþฝ ส่อๅ
กþþส ส่อๅข
ฅกþบ ส่ั่อÝ
ฅกþป ส่ั่อÞ
ฅกþร ส่ั่อ่
ฅþ ส่ั
ฅþบ ส่ัÝ
ฅþป ส่ัÞ
ฅþฝ ส่ัแ
ฅþพ ส่ัโ
ฅþพฟ ส่ัโข
ฅþ๙ ส่ัๆ
ฅþ๚ ส่ัÜ
ฅþþ ส่ัฺ
ฅþþฝ ส่ัๅ
ฅþþฟ ส่ัฺข
ฅþþม ส่ั็
จþฝ ส่ิแ
จþþ ส่ิฺ
ชþ๚ ส่ีÜ
ฌþบ ส่ื่ธÝ
ฌู ส่ื่ฝ
ฌูฝ ส่ื่ฝแ
ฌู๏ ส่ื่ฝ่ฯ
ฌู๏บ ส่ื่ฝ่ฯÝ
ฌู๏พ ส่ื่ฝ่ฯโ
ฌþ ส่ื
ฌþฝ ส่ืแ
ฌþฤ ฯ่ส่ื
ฌþþฝ ส่ืๅ
ญ สุ่
ญบ สุ่Ý
ญร สุ่่
ญþ สฺุ่
ทþ ส่ย
ทþฝ ส่ยแ
ทþ๚ ส่ยÜ
ทþþ ส่ยฺ
ธ ส่ฤ
ธบ ส่ฤÝ
ธฝ ส่ฤแ
ธ์ ส่ฤÜข
ธ๚ ส่ฤÜ
ธþ ส่ฤฺ
ธþฝ ส่ฤๅ
ธþฟ ส่ฤฺข
ธþส ส่ฤๅข
ฯ ส่ฯ
ฯบ ส่ฯÝ
ฯป ส่ฯÞ
ฯฝ ส่ฯแ
ฯพ ส่ฯโ
ฯพฟ ส่ฯโข
ฯฟ ส่ฯข
ฯส ส่ฯแข
ฯÜ ส่ฯฺก
ฯ๚ ส่ฯÜ
ฯþ ส่ฯฺ
ฯþฝ ส่ฯๅ
ฯþฟ ส่ฯฺข
ฯþม ส่ฯ็
ฯþส ส่ฯๅข
ูร ส่ฝ่
ูรฌþร ส่ฝ่ื่
ู๏บ ส่ฝ่ฯÝ
ูþฝ ส่ฝๅ
Û ส่ฟ
Ûฝ ส่ฟแ
Ûฤ ฯ่ส่ฟ
Ûþฝ ส่ฟๅ
Ü สก
þ ส
þบ สÝ
þบฟ สÝข
þบย สÝก
þบฤ ฯ่สÝ
þป สÞ
þปฟ สÞข
þปย สÞก
þผ ส฿
þผฟ ส฿ข
þฝ สแ
þฝฤ ฯ่สแ
þพ สโ
þพฟ สโข
þฟ สข
þภ สฃ
þร ส่
þฤ ฯ่ส
þส สแข
þÜ สฺก
þ์ สÜข
þ๕ ส้
þ๙ สๆ
þ๚ สÜ
þ๚ฤ ฯ่สÜ
þþ สฺ
þþฝ สๅ
þþฟ สฺข
þþม ส็
þþฤ ฯ่สฺ
þþฤฝ ฯ่สๅ
þþฤส ฯ่สๅข
þþส สๅข
þ ห่ธ
þภ ห่ธฃ
þพ ห่ปโ
Û ห่ศ่ฟ
Û ห่ห่ฟ
þ ห่ห
þþ ห่หฺ
กฯþฝ ห่อ่ฯๅ
กþ ห่อ
กþบ ห่อÝ
กþป ห่อÞ
กþฝ ห่อแ
กþพ ห่อโ
กþฟ ห่อข
กþร ห่อ่
กþþ ห่อฺ
กþþฝ ห่อๅ
ฅþ ห่ั
ฅþบ ห่ัÝ
ฅþþฝ ห่ัๅ
จþ ห่ิ
จþþ ห่ิฺ
ชþร ห่ี่
ญ หุ่
ธ ห่ฤ
ฯ ห่ฯ
ฯบ ห่ฯÝ
ฯป ห่ฯÞ
ฯฝ ห่ฯแ
ฯฟ ห่ฯข
ฯþ ห่ฯฺ
ฯþฝ ห่ฯๅ
ฯþฟ ห่ฯฺข
Û ห่ฟ
Ûฝ ห่ฟแ
Ü หก
ํฃ หุ่่ฯ
þ ห
þบ หÝ
þบฤ ฯ่หÝ
þป หÞ
þปฟ หÞข
þปย หÞก
þปฤ ฯ่หÞ
þผ ห฿
þผฟ ห฿ข
þฝ หแ
þฝฤ ฯ่หแ
þพ หโ
þพฟ หโข
þฟ หข
þร ห่
þฤ ฯ่ห
þฤฯþ ฯ่ห่ฯฺ
þส หแข
þฮ หๆข
þÜ หฺก
þ์ หÜข
þ๕ ห้
þ๙ หๆ
þ๙ฤ ฯ่หๆ
þ๚ หÜ
þ๚ย หÜก
þ๚ฤ ฯ่หÜ
þþ หฺ
þþฝ หๅ
þþฟ หฺข
þþม ห็
þþมฟ ห็ข
þþฤ ฯ่หฺ
þþฤฝ ฯ่หๅ
þþฤส ฯ่หๅข
þþส หๅข
þþ๔ ฯ่หฺข
ฝล ฬ่ณแ
ลþ ฬ่ณฺ
þร ฬ่ต่ฬ่
þร ฬ่ต่
þ ฬ่ธ
þร ฬ่ธ่
þþ ฬ่ธฺ
þ ฬ่บ
þฤ ฯ่ฬ่บ
þ๕ ฬ่บ้
þ ฬ่ร
þ๚ ฬ่ลÜ
þþส ฬ่ลๅข
þ ฬ่ฦ
þþ ฬ่ฦฺ
þþฝ ฬ่ฦๅ
þþฟ ฬ่ฦฺข
þร ฬ่ศ่ศ่
กþบ ฬ่ศ่อÝ
กþป ฬ่ศ่อÞ
ฅþฝ ฬ่ศ่ัแ
ฅþพ ฬ่ศ่ัโ
ฅþþ ฬ่ศ่ัฺ
ฅþþฝ ฬ่ศ่ัๅ
ฌþ ฬ่ศ่ื
ฌþร ฬ่ศ่ื่
ญรฅþฝ ฬ่ศุ่่ัแ
ธþ ฬ่ศ่ฤฺ
ฯ ฬ่ศ่ฯ
ฯป ฬ่ศ่ฯÞ
ฯฝ ฬ่ศ่ฯแ
ฯþ ฬ่ศ่ฯฺ
ฯþฝ ฬ่ศ่ฯๅ
ูร ฬ่ศ่ฝ่
ูรกþร ฬ่ศ่ฝ่อ่
þ ฬ่ศ
þบ ฬ่ศÝ
þป ฬ่ศÞ
þผ ฬ่ศ฿
þฝ ฬ่ศแ
þพ ฬ่ศโ
þพฟ ฬ่ศโข
þร ฬ่ศ่
þ๚ ฬ่ศÜ
þþ ฬ่ศฺ
þþฝ ฬ่ศๅ
þþส ฬ่ศๅข
ฅกþร ฬ่ส่ั่อ่
ฅþ ฬ่ส่ั
ฯ ฬ่ส่ฯ
ฯþฝ ฬ่ส่ฯๅ
ึ ฬ่ส่ฤ่ล
þ ฬ่ส
þบ ฬ่สÝ
þป ฬ่สÞ
þฝ ฬ่สแ
þฟ ฬ่สข
þส ฬ่สแข
þ๚ ฬ่สÜ
þþ ฬ่สฺ
þþฝ ฬ่สๅ
þþฟ ฬ่สฺข
þþม ฬ่ส็
þþส ฬ่สๅข
ฯ ฬ่ห่ฯ
ฯþ ฬ่ห่ฯฺ
þ ฬ่ห
þบ ฬ่หÝ
þป ฬ่หÞ
þฝ ฬ่หแ
þร ฬ่ห่
þ๙ ฬ่หๆ
þ๚ ฬ่หÜ
þþ ฬ่หฺ
þþฝ ฬ่หๅ
þþส ฬ่หๅข
ฅþฝ ฬ่ฬ่ัแ
ธ ฬ่ฬ่ฤ
þ ฬ่ฬ
þบ ฬ่ฬÝ
þป ฬ่ฬÞ
þฝ ฬ่ฬแ
þÜ ฬ่ฬฺก
þ์ ฬ่ฬÜข
þ๚ ฬ่ฬÜ
þþ ฬ่ฬฺ
þþฝ ฬ่ฬๅ
þþฟ ฬ่ฬฺข
þþฤ ฯ่ฬ่ฬฺ
þþส ฬ่ฬๅข
กþฝ ฬ่อ่ธแ
กþ ฬ่อ
กþบ ฬ่อÝ
กþป ฬ่อÞ
กþฝ ฬ่อแ
กþฟ ฬ่อข
กþร ฬ่อ่
กþฤ ฯ่ฬ่อ
กþÜ ฬ่อฺก
กþ๙ ฬ่อๆ
กþþ ฬ่อฺ
กþþฝ ฬ่อๅ
กþþฤ ฯ่ฬ่อฺ
กþþส ฬ่อๅข
ฅþ ฬ่ั่ฦ
ฅþ ฬ่ั
ฅþฝ ฬ่ัแ
ฅþฟ ฬ่ัข
ฅþร ฬ่ั่
ฅþ๚ ฬ่ัÜ
ฅþþ ฬ่ัฺ
ฅþþฝ ฬ่ัๅ
ฅþþส ฬ่ัๅข
จþ ฬ่ิ
จþฝ ฬ่ิแ
จþพ ฬ่ิโ
จþฟ ฬ่ิข
จþ๚ ฬ่ิÜ
จþþ ฬ่ิฺ
ชþ ฬ่ี
ฌล๚ ฬ่ื่ณÜ
ฌกþร ฬ่ื่อ่
ฌกþþ ฬ่ื่อฺ
ฌญ ฬ่ืุ่
ฌทþ๚ ฬ่ื่ยÜ
ฌู ฬ่ื่ฝ
ฌþ ฬ่ื
ฌþบ ฬ่ืÝ
ฌþร ฬ่ื่
ฌþฤร ฯ่ฬ่ื่
ญ ฬุ่
ญป ฬุ่Þ
ญฝ ฬุ่แ
ญพฟ ฬุ่โข
ญฟ ฬุ่ข
ญส ฬุ่แข
ญ์ ฬุ่Üข
ญ๚ ฬุ่Ü
ญþ ฬฺุ่
ตþ ฬ่ม่ฬ
ตฌþ ฬ่ม่ื
ตþ ฬ่ม
ตþþส ฬ่มๅข
ทþ ฬ่ย
ธ ฬ่ฤ
ธ๚ ฬ่ฤÜ
ธþ ฬ่ฤฺ
ฦกþþ ฬ่ณ่อฺ
ฯ ฬ่ฯ
ฯรล ฬ่ฯ่ณ
ฯþ ฬ่ฯฺ
ฯþฝ ฬ่ฯๅ
ู ฬ่ฝ
ู๚ ฬ่ฝÜ
ูþ ฬ่ฝฺ
Û ฬ่ฟ
Ûรญ ฬ่ฟุ่
Ûฤ ฯ่ฬ่ฟ
Ü ฬก
๛ฝล ฬ่ษแ
๛ล ฬ่ษ
๛ล๚ ฬ่ษÜ
๛ล๚ฤ ฯ่ฬ่ษÜ
๛ลþ ฬ่ษฺ
þ ฬ
þบ ฬÝ
þบฟ ฬÝข
þบย ฬÝก
þบฤ ฯ่ฬÝ
þป ฬÞ
þปฟ ฬÞข
þปย ฬÞก
þปฤ ฯ่ฬÞ
þผ ฬ฿
þผฟ ฬ฿ข
þฝ ฬแ
þฝย ฬแก
þฝฤ ฯ่ฬแ
þฝ๔ ฯ่ฬแข
þพ ฬโ
þพฟ ฬโข
þพย ฬโก
þฟ ฬข
þฟฤ ฯ่ฬข
þภ ฬฃ
þร ฬ่
þฤ ฯ่ฬ
þฤร ฯ่ฬ่
þส ฬแข
þฮ ฬๆข
þÜ ฬฺก
þ์ ฬÜข
þ๕ ฬ้
þ๙ ฬๆ
þ๙ภ ฬๆฃ
þ๚ ฬÜ
þ๚ย ฬÜก
þ๚ฤ ฯ่ฬÜ
þ๚๔ ฯ่ฬÜข
þþ ฬฺ
þþฝ ฬๅ
þþฟ ฬฺข
þþภ ฬฺฃ
þþม ฬ็
þþฤ ฯ่ฬฺ
þþฤฝ ฯ่ฬๅ
þþฤย ฯ่ฬฺก
þþฤส ฯ่ฬๅข
þþส ฬๅข
þþ๔ ฯ่ฬฺข
 ฆย ก
กล อ่ณ
กþþฝ อ่ตๅ
กþ อ่ฦ
กฯ อ่ศ่ฯ
กþฝ อ่ศแ
กþþฝ อ่ศๅ
กþฝ อ่สแ
กþร อ่ห่
กþฝ อ่ฬแ
กþþฝ อ่ฬๅ
กกþ อ่อ
กกþฝ อ่อแ
กกþฟ อ่อข
กกþฤ ฯ่อ่อ
กกþþ อ่อฺ
กกþþฝ อ่อๅ
กกþþฤ ฯ่อ่อฺ
กฅþ อ่ั
กฅþบ อ่ัÝ
กฅþþฝ อ่ัๅ
กจþ อ่ิ
กซþร อ่ึ่
กฌกþฝ อ่ื่อ่ศแ
กฌูฝ อ่ื่ฝแ
กฌþร อ่ื่
กฌþþฝ อ่ืๅ
กตþ อ่ม
กตþ๚ อ่มÜ
กทþ อ่ย่ฦ
กฯ อ่ฯ
กฯรง อ่ฯ่า
กูþฝ อ่ฝๅ
กÜ อก
กþ อ
กþบ อÝ
กþบฟ อÝข
กþบภ อÝฃ
กþบย อÝก
กþบฤ ฯ่อÝ
กþป อÞ
กþปฟ อÞข
กþปย อÞก
กþปฤ ฯ่อÞ
กþฝ อแ
กþฝย อแก
กþฝฤ ฯ่อแ
กþพ อโ
กþพฟ อโข
กþฟ อข
กþฟฤ ฯ่อข
กþภ อฃ
กþม อใ
กþร อ่
กþฤ ฯ่อ
กþฤร ฯ่อ่
กþส อแข
กþฮ อๆข
กþÜ อฺก
กþ์ อÜข
กþ๙ อๆ
กþ๙ภ อๆฃ
กþ๚ อÜ
กþ๚ฤ ฯ่อÜ
กþþ อฺ
กþþฝ อๅ
กþþฝย อๅก
กþþฟ อฺข
กþþภ อฺฃ
กþþม อ็
กþþมฟ อ็ข
กþþฤ ฯ่อฺ
กþþฤฝ ฯ่อๅ
กþþฤส ฯ่อๅข
กþþส อๅข
ฃ ฯ
ฃฝ ฯแ
ฃฝฤ ฯ่ฯแ
ฃฝ๔ ฯ่ฯแข
ฃพ ฯโ
ฃพฟ ฯโข
ฃฟ ฯข
ฃภ ฯฃ
ฃม ฯใ
ฃย ฯก
ฃรกþฤร ฯ่ฯ่อ่
ฃรญฤ ฯ่ฯุ่
ฃรญฤร ฯ่ฯุ่่
ฃรญþฤฝ ฯ่ฯุ่ๅ
ฃฤ ฯ่ฯ
ฃฤร ฯ่ฯ่
ฃส ฯแข
ฃฮ ฯๆข
ฃÜ ฯฺก
ฃ์ ฯÜข
ฃ๕ ฯ้
ฃ๙ ฯๆ
ฃ๚ ฯÜ
ฃ๚ฤ ฯ่ฯÜ
ฃþ ฯฺ
ฃþฝ ฯๅ
ฃþฟ ฯฺข
ฃþม ฯ็
ฃþมฟ ฯ็ข
ฃþฤ ฯ่ฯฺ
ฃþฤฝ ฯ่ฯๅ
ฃþฤส ฯ่ฯๅข
ฃþส ฯๅข
ฅบล ั่ณÝ
ฅปล ั่ณÞ
ฅฝล ั่ณแ
ฅฝลฟ ั่ณแข
ฅล ั่ณ
ฅล๚ ั่ณÜ
ฅลþ ั่ณฺ
ฅลþฝ ั่ณๅ
ฅลþฟ ั่ณฺข
ฅลþม ั่ณ็
ฅลþส ั่ณๅข
ฅþ ั่ด
ฅþ๚ ั่ดÜ
ฅþฝ ั่ต่ฦ่ธแ
ฅþ ั่ต
ฅþบ ั่ตÝ
ฅþฝ ั่ตแ
ฅþ๚ ั่ตÜ
ฅþþ ั่ตฺ
ฅþ ั่ถ
ฅ ั่ท
ฅร ั่ท่
ฅรฃ ั่ท่ฯ
ฅþฝ ั่ทๅ
ฅฅþร ั่ธ่ั่
ฅญรฤ ั่ธุ่่ฯ่
ฅþ ั่ธ
ฅþป ั่ธÞ
ฅþþ ั่ธฺ
ฅþþฝ ั่ธๅ
ฅร ั่น่
ฅรฅþร ั่น่ั่
ฅþ ั่บ
ฅþฝ ั่บแ
ฅþพ ั่บโ
ฅþ๕ ั่บ้
ฅþ๚ ั่บÜ
ฅþþ ั่บฺ
ฅþ๚ ั่ปÜ
ฅþ ั่ร
ฅþบ ั่รÝ
ฅþ๚ ั่รÜ
ฅþþ ั่รฺ
ฅรรฅþ ั่ฦ่ท่ท่ั
ฅþ ั่ฦ
ฅþฝ ั่ฦแ
ฅฌþ ั่ศ่ื
ฅฌþร ั่ศ่ื่
ฅญ ั่ศุ่
ฅญร ั่ศุ่่
ฅþ ั่ศ
ฅþฝ ั่ศแ
ฅþพ ั่ศโ
ฅþฟ ั่ศข
ฅþร ั่ศ่
ฅþ๚ ั่ศÜ
ฅþþ ั่ศฺ
ฅþþฝ ั่ศๅ
ฅþþฟ ั่ศฺข
ฅþþส ั่ศๅข
ฅกþบ ั่ส่อÝ
ฅกþป ั่ส่อÞ
ฅฯฝ ั่ส่ฯแ
ฅþ ั่ส
ฅþบ ั่สÝ
ฅþผ ั่ส฿
ฅþฝ ั่สแ
ฅþร ั่ส่
ฅþ๚ ั่สÜ
ฅþþ ั่สฺ
ฅþþส ั่สๅข
ฅþ ั่ห
ฅþþ ั่หฺ
ฅþ ั่ฬ่บ
ฅþฝ ั่ฬ่สแ
ฅฌþ ั่ฬ่ื
ฅþ ั่ฬ
ฅþบ ั่ฬÝ
ฅþฝ ั่ฬแ
ฅþร ั่ฬ่
ฅþส ั่ฬแข
ฅþ๚ ั่ฬÜ
ฅþþ ั่ฬฺ
ฅþþฝ ั่ฬๅ
ฅþþฟ ั่ฬฺข
ฅþþม ั่ฬ็
ฅþþส ั่ฬๅข
ฅกญ ั่อ่ศุ่
ฅกþþฝ ั่อ่ฬๅ
ฅกญฝ ั่อุ่แ
ฅกÛฝ ั่อ่ฟแ
ฅกþ ั่อ
ฅกþบ ั่อÝ
ฅกþป ั่อÞ
ฅกþฝ ั่อแ
ฅกþร ั่อ่
ฅกþฤร ฯ่ั่อ่
ฅกþฮ ั่อๆข
ฅกþÜ ั่อฺก
ฅกþ๙ ั่อๆ
ฅกþ๚ ั่อÜ
ฅกþþ ั่อฺ
ฅกþþฝ ั่อๅ
ฅกþþฟ ั่อฺข
ฅกþþม ั่อ็
ฅกþþส ั่อๅข
ฅฅกþร ั่ั่อ่
ฅฅฅþบ ั่ั่ัÝ
ฅฅฌþร ั่ั่ื่
ฅฅþ ั่ั
ฅฅþบ ั่ัÝ
ฅฅþป ั่ัÞ
ฅฅþปย ั่ัÞก
ฅฅþฝ ั่ัแ
ฅฅþพ ั่ัโ
ฅฅþฟ ั่ัข
ฅฅþร ั่ั่
ฅฅþส ั่ัแข
ฅฅþ๙ ั่ัๆ
ฅฅþ๚ ั่ัÜ
ฅฅþþ ั่ัฺ
ฅฅþþฝ ั่ัๅ
ฅฅþþฟ ั่ัฺข
ฅฅþþส ั่ัๅข
ฅจกþบ ั่ิ่อÝ
ฅจกþร ั่ิ่อ่
ฅจþ ั่ิ
ฅจþฝ ั่ิแ
ฅจþ๚ ั่ิÜ
ฅจþþ ั่ิฺ
ฅจþþฝ ั่ิๅ
ฅจþþส ั่ิๅข
ฅชþ ั่ี
ฅฌล๚ ั่ื่ณÜ
ฅฌกþร ั่ื่อ่
ฅฌญร ั่ืุ่่
ฅฌู ั่ื่ฝ
ฅฌูþ ั่ื่ฝฺ
ฅฌþ ั่ื
ฅฌþฝ ั่ืแ
ฅฌþร ั่ื่
ฅฌþฤ ฯ่ั่ื
ฅฌþ๚ ั่ืÜ
ฅฌþþ ั่ืฺ
ฅฌþþฝ ั่ืๅ
ฅญ ัุ่
ฅญบ ัุ่Ý
ฅญป ัุ่Þ
ฅญฝ ัุ่แ
ฅญพ ัุ่โ
ฅญส ัุ่แข
ฅญ๚ ัุ่Ü
ฅญþ ัฺุ่
ฅญþฝ ัุ่ๅ
ฅญþฟ ัฺุ่ข
ฅญþส ัุ่ๅข
ฅทþ ั่ย
ฅทþบ ั่ยÝ
ฅทþฝ ั่ยแ
ฅทþ๚ ั่ยÜ
ฅทþþ ั่ยฺ
ฅทþþฝ ั่ยๅ
ฅธ ั่ฤ
ฅธบ ั่ฤÝ
ฅธฝ ั่ฤแ
ฅธส ั่ฤแข
ฅธ๚ ั่ฤÜ
ฅธþ ั่ฤฺ
ฅธþส ั่ฤๅข
ฅฦ ั่ณ่
ฅฦกþ ั่ณ่อ
ฅฦกþบ ั่ณ่อÝ
ฅฦกþป ั่ณ่อÞ
ฅฯ ั่ฯ
ฅฯฝ ั่ฯแ
ฅฯรÛ ั่ฯ่ฟ
ฅุþร ั่ผ่
ฅู ั่ฝ
ฅูบ ั่ฝÝ
ฅูป ั่ฝÞ
ฅูฝ ั่ฝแ
ฅูร ั่ฝ่
ฅูรþ ั่ฝ่บ
ฅูรกþร ั่ฝ่อ่
ฅูรฌญร ั่ฝ่ื่ธุ่่
ฅูรฌþ ั่ฝ่ื
ฅูรฌþร ั่ฝ่ื่
ฅูรญบ ั่ฝุ่Ý
ฅูรญร ั่ฝุ่่
ฅู๏ ั่ฝ่ฯ
ฅู๏ฝ ั่ฝ่ฯแ
ฅู๏รกþร ั่ฝ่ฯ่อ่
ฅู๏๚ ั่ฝ่ฯÜ
ฅู๚ ั่ฝÜ
ฅูþ ั่ฝฺ
ฅูþฝ ั่ฝๅ
ฅูþส ั่ฝๅข
ฅÛ ั่ฟ
ฅÛฝ ั่ฟแ
ฅÛฟ ั่ฟข
ฅÛร ั่ฟ่
ฅÛรกþป ั่ฟ่อÞ
ฅÛรฌþร ั่ฟ่ื่
ฅÛรญþฝ ั่ฟุ่ๅ
ฅÛรทþฝ ั่ฟ่ยแ
ฅÛฤ ฯ่ั่ฟ
ฅÛฤร ฯ่ั่ฟ่
ฅÛ๏ ั่ฟ่ฯ
ฅÛ๏ฝ ั่ฟ่ฯแ
ฅÛ๏พ ั่ฟ่ฯโ
ฅÛ๏๚ ั่ฟ่ฯÜ
ฅÛ๕ ั่ฟ้
ฅÛ๚ ั่ฟÜ
ฅÛþ ั่ฟฺ
ฅÛþฝ ั่ฟๅ
ฅÛþม ั่ฟ็
ฅÜ ัก
ฅไ ั่ี่ธ
ฅ๛ปล ั่ษÞ
ฅ๛ฝล ั่ษแ
ฅ๛ฝลฟ ั่ษแข
ฅ๛รกþป ั่ษ่อÞ
ฅ๛ล ั่ษ
ฅ๛ล๕ ั่ษ้
ฅ๛ล๚ ั่ษÜ
ฅ๛ลþ ั่ษฺ
ฅ๛ลþฝ ั่ษๅ
ฅ๛ลþม ั่ษ็
ฅ๛ลþส ั่ษๅข
ฅþ ั
ฅþบ ัÝ
ฅþบฟ ัÝข
ฅþบฤ ฯ่ัÝ
ฅþป ัÞ
ฅþปฟ ัÞข
ฅþปย ัÞก
ฅþปฤ ฯ่ัÞ
ฅþผ ั฿
ฅþฝ ัแ
ฅþฝฤ ฯ่ัแ
ฅþพ ัโ
ฅþพฟ ัโข
ฅþฟ ัข
ฅþภ ัฃ
ฅþร ั่
ฅþรงþ ั่าฺ
ฅþฤ ฯ่ั
ฅþฤร ฯ่ั่
ฅþส ัแข
ฅþฮ ัๆข
ฅþÜ ัฺก
ฅþ์ ัÜข
ฅþ๕ ั้
ฅþ๕รÛ ั้่ฟ
ฅþ๕ร๋Û ั้่ฟÛข
ฅþ๙ ัๆ
ฅþ๚ ัÜ
ฅþ๚ฤ ฯ่ัÜ
ฅþþ ัฺ
ฅþþฝ ัๅ
ฅþþฟ ัฺข
ฅþþม ั็
ฅþþมฟ ั็ข
ฅþþฤ ฯ่ัฺ
ฅþþฤฝ ฯ่ัๅ
ฅþþฤย ฯ่ัฺก
ฅþþส ัๅข
ฅþþ๔ ฯ่ัฺข
ง า
งþ าฺ
จล ิ่ณ
จþþ ิ่ธฺ
จþ ิ่บ
จþ๕ ิ่บ้
จþ๚ ิ่บÜ
จþ ิ่ล
จþþ ิ่ลฺ
จþþ ิ่ฦฺ
จญ ิ่สุ่
จþ ิ่ส
จþบ ิ่สÝ
จþþ ิ่สฺ
จþþ ิ่หฺ
จกล ิ่อ่ณ
จกฦทþ ิ่อ่ณ่ย
จกþ ิ่อ
จกþบ ิ่อÝ
จกþป ิ่อÞ
จกþปฤ ฯ่ิ่อÞ
จกþฝ ิ่อแ
จกþฟ ิ่อข
จกþร ิ่อ่
จกþฤ ฯ่ิ่อ
จกþฮ ิ่อๆข
จกþÜ ิ่อฺก
จกþ๙ ิ่อๆ
จกþþ ิ่อฺ
จกþþฝ ิ่อๅ
จกþþฟ ิ่อฺข
จกþþฤ ฯ่ิ่อฺ
จกþþส ิ่อๅข
จฅþ ิ่ั
จฅþป ิ่ัÞ
จฅþþ ิ่ัฺ
จจþ ิ่ิ
จจþบ ิ่ิÝ
จจþฝ ิ่ิแ
จจþþ ิ่ิฺ
จชกþ ิ่ี่อ
จฌþþ ิ่ื่รฺ
จฌู ิ่ื่ฝ
จฌþ ิ่ื
จฌþร ิ่ื่
จญ ิุ่
จญฝ ิุ่แ
จญ๚ ิุ่Ü
จญþ ิฺุ่
จทþ ิ่ย
จธ ิ่ฤ
จธ๚ ิ่ฤÜ
จธþ ิ่ฤฺ
จธþส ิ่ฤๅข
จฯ ิ่ฯ
จฯฝ ิ่ฯแ
จฯฟ ิ่ฯข
จฯรกþ ิ่ฯ่อ
จฯรกþþ ิ่ฯ่อฺ
จฯ๚ ิ่ฯÜ
จฯþ ิ่ฯฺ
จู ิ่ฝ
จูฟ ิ่ฝข
จูร ิ่ฝ่
จÛ ิ่ฟ
จÜ ิก
จþ ิ
จþบ ิÝ
จþป ิÞ
จþปฟ ิÞข
จþผ ิ฿
จþผฟ ิ฿ข
จþฝ ิแ
จþฝฤ ฯ่ิแ
จþฝ๔ ฯ่ิแข
จþพ ิโ
จþพฟ ิโข
จþพฤ ฯ่ิโ
จþฟ ิข
จþภ ิฃ
จþร ิ่
จþฤ ฯ่ิ
จþฤผ ฯ่ิ฿
จþส ิแข
จþÜ ิฺก
จþ์ ิÜข
จþ๕ ิ้
จþ๙ ิๆ
จþ๚ ิÜ
จþ๚ฤ ฯ่ิÜ
จþþ ิฺ
จþþฝ ิๅ
จþþฟ ิฺข
จþþภ ิฺฃ
จþþม ิ็
จþþฤ ฯ่ิฺ
จþþฤฝ ฯ่ิๅ
จþþฤส ฯ่ิๅข
จþþส ิๅข
จþþ๔ ฯ่ิฺข
ชร ี่ภ่
ชปล ี่ณÞ
ชฝล ี่ณแ
ชล ี่ณ
ชล๕ ี่ณ้
ชล๚ ี่ณÜ
ชลþ ี่ณฺ
ชþฟ ี่ดข
ชþþ ี่ดฺ
ชþ ี่ต
ช ี่น
ชร ี่น่
ช๙ ี่นๆ
ชþ ี่ร
ชþฤ ี่ฯ่ร
ชþþ ี่รฺ
ชกÛฝ ี่ฦ่อ่ฟแ
ชอ ี่ฦ่ฤ่ฯ
ชþ ี่ฦ
ชþฝ ี่ฦแ
ชþร ี่ฦ่
ชþ๚ ี่ฦÜ
ชþþ ี่ฦฺ
ชþþฝ ี่ฦๅ
ชþþฟ ี่ฦฺข
ชþþส ี่ฦๅข
ชþร ี่ศ่ศ่
ชฯ ี่ศ่ฯ
ชþ ี่ศ
ชþฝ ี่ศแ
ชþร ี่ศ่
ชþþ ี่ศฺ
ชþþฝ ี่ศๅ
ชฅþร ี่ส่ธ่ั่
ชþป ี่สÞ
ชþร ี่ส่
ชþþฝ ี่สๅ
ชตþร ี่ห่ม่
ชþ ี่ห
ชþ ี่ฬ่ฬ
ชกþบ ี่ฬ่อÝ
ชþ ี่ฬ
ชþผ ี่ฬ฿
ชþฝ ี่ฬแ
ชþร ี่ฬ่
ชþส ี่ฬแข
ชþ๚ ี่ฬÜ
ชþþ ี่ฬฺ
ชþþส ี่ฬๅข
ชกํฃþฝ ี่อ่ฦ่ธุ่่ฯๅ
ชกู ี่อ่ฦ่ฝ
ชกูรญฝ ี่อ่ฦ่ฝุ่แ
ชกูรญร ี่อ่ฦ่ฝุ่่
ชกÛ๏þฝ ี่อ่ฦ่ฟ่ฯๅ
ชกþþฝ ี่อ่ฦๅ
ชกูþฝ ี่อ่ฬ่ศ่ฝๅ
ชกþ ี่อ่ฬ่ศ
ชกþฝ ี่อ่ฬ่ศแ
ชกþþฝ ี่อ่ฬ่สๅ
ชกฌูฝ ี่อ่ื่ฝแ
ชกþ ี่อ
ชกþป ี่อÞ
ชกþฝ ี่อแ
ชกþฟ ี่อข
ชกþร ี่อ่
ชกþฤ ฯ่ี่อ
ชกþ๙ ี่อๆ
ชกþ๚ ี่อÜ
ชกþþ ี่อฺ
ชกþþฝ ี่อๅ
ชกþþฟ ี่อฺข
ชกþþส ี่อๅข
ชฅþ ี่ั
ชฅþฝ ี่ัแ
ชฅþพ ี่ัโ
ชฅþร ี่ั่
ชฅþ๚ ี่ัÜ
ชฅþþ ี่ัฺ
ชฅþþฝ ี่ัๅ
ชฅþþส ี่ัๅข
ชจþ ี่ิ
ชจþฝ ี่ิแ
ชจþฟ ี่ิข
ชจþฤ ฯ่ี่ิ
ชจþþ ี่ิฺ
ชจþþฟ ี่ิฺข
ชจþþม ี่ิ็
ชจþþฤ ี่ฯ่ิฺ
ชจþþฤฝ ฯ่ี่ิๅ
ชจþþฤส ฯ่ี่ิๅข
ชจþþส ี่ิๅข
ชชชþร ี่ี่ี่
ชชþ ี่ี
ชชþฝ ี่ีแ
ชชþพ ี่ีโ
ชชþฟ ี่ีข
ชชþร ี่ี่
ชชþ๙ ี่ีๆ
ชชþ๚ ี่ีÜ
ชชþþ ี่ีฺ
ชชþþฝ ี่ีๅ
ชซฺ ี่ึ่พ
ชซþฝ ี่ึแ
ชฌกþ ี่ื่อ
ชฌทþ ี่ื่ย
ชฌþ ี่ื
ชฌþร ี่ื่
ชญ ีุ่
ชญบ ีุ่Ý
ชญฝ ีุ่แ
ชญร ีุ่่
ชญþฝ ีุ่ๅ
ชทฯ ี่ย่ฯ
ชทþ ี่ย
ชทþป ี่ยÞ
ชทþฝ ี่ยแ
ชทþพ ี่ยโ
ชทþส ี่ยแข
ชทþ๚ ี่ยÜ
ชทþþ ี่ยฺ
ชทþþฝ ี่ยๅ
ชทþþส ี่ยๅข
ชธþฝ ี่ฤๅ
ชฦกþร ี่ณ่อ่
ชุร ี่ผ่น่
ชู ี่ฝ
ชูบ ี่ฝÝ
ชูฝ ี่ฝแ
ชูฟ ี่ฝข
ชูร ี่ฝ่
ชูรกฅþบ ี่ฝ่อ่ัÝ
ชูรกþป ี่ฝ่อÞ
ชูรกþฝ ี่ฝ่อแ
ชู๏ ี่ฝ่ฯ
ชู๏บ ี่ฝ่ฯÝ
ชู๏ฝ ี่ฝ่ฯแ
ชู๏þฝ ี่ฝ่ฯๅ
ชูþฝ ี่ฝๅ
ชฺป ี่พÞ
ชฺร ี่พ่
ชฺ๚ ี่พÜ
ชฺþ ี่พฺ
ช๛บล ี่ษÝ
ช๛พล ี่ษโ
ชþ ี
ชþบ ีÝ
ชþบฟ ีÝข
ชþบฤ ฯ่ีÝ
ชþป ีÞ
ชþผฟ ี฿ข
ชþฝ ีแ
ชþฝฤ ฯ่ีแ
ชþพ ีโ
ชþพฟ ีโข
ชþฟ ีข
ชþฟฤ ฯ่ีข
ชþภ ีฃ
ชþร ี่
ชþรฤ ี่ฯ่
ชþฤ ฯ่ี
ชþฤร ฯ่ี่
ชþส ีแข
ชþฮ ีๆข
ชþÜ ีฺก
ชþ์ ีÜข
ชþ๕ ี้
ชþ๙ ีๆ
ชþ๚ ีÜ
ชþ๚ฤ ฯ่ีÜ
ชþ๚๔ ฯ่ีÜข
ชþþ ีฺ
ชþþฝ ีๅ
ชþþฟ ีฺข
ชþþภ ีฺฃ
ชþþม ี็
ชþþฤ ฯ่ีฺ
ชþþฤฝ ฯ่ีๅ
ชþþฤส ฯ่ีๅข
ชþþส ีๅข
ซ ซ
ซร ึ่ภ่
ซรร ึ่ภ่น่
ซผล ึ่ณ฿
ซฟล ึ่ณข
ซล ึ่ณ
ซล๚ ึ่ณÜ
ซลþ ึ่ณฺ
ซลþฝ ึ่ณๅ
ซลþส ึ่ณๅข
ซþ ึ่ธ
ซ ึ่น
ซพ ึ่นโ
ซร ึ่น่
ซ๚ ึ่นÜ
ซþ ึ่ฦ
ซþร ึ่ฦ่
ซฯ ึ่ศ่ฯ
ซฯþ ึ่ศ่ฯฺ
ซþ ึ่ศ
ซþบ ึ่ศÝ
ซþฟ ึ่ศข
ซþ๚ ึ่ศÜ
ซþþ ึ่ศฺ
ซþþฝ ึ่ศๅ
ซþþฟ ึ่ศฺข
ซþþส ึ่ศๅข
ซþร ึ่ส่
ซþร ึ่ห่
ซþ ึ่ฬ
ซþ๚ ึ่ฬÜ
ซþþ ึ่ฬฺ
ซþþส ึ่ฬๅข
ซกÛรþฝ ึ่อ่ฟ่สแ
ซกþ ึ่อ
ซกþบ ึ่อÝ
ซกþฝ ึ่อแ
ซกþฟ ึ่อข
ซกþþ ึ่อฺ
ซกþþฝ ึ่อๅ
ซกþþฤ ฯ่ึ่อฺ
ซกþþส ึ่อๅข
ซจþ ึ่ิ
ซจþฟ ึ่ิข
ซชฺพฟ ึ่ี่พโข
ซชþ ึ่ี
ซซตþบ ึ่ึ่มÝ
ซซู ึ่ึ่ฝ
ซซþร ึ่ึ่
ซซþ๚ ึ่ึÜ
ซญบ ึุ่Ý
ซญฝ ึุ่แ
ซญร ึุ่่
ซญþฝ ึุ่ๅ
ซตกþ ึ่ม่อ
ซตจþþ ึ่ม่ิฺ
ซต๛ร ึ่ม่ษ่
ซตþ ึ่ม
ซตþบ ึ่มÝ
ซตþฝ ึ่มแ
ซตþฝฤ ฯ่ึ่มแ
ซตþร ึ่ม่
ซตþ๚ ึ่มÜ
ซตþþ ึ่มฺ
ซตþþฝ ึ่มๅ
ซตþþส ึ่มๅข
ซทฯ ึ่ย่ฯ
ซธ ึ่ฤ
ซย ซก
ซฦ ึ่ณ่
ซวล ึ่ณ่ฯ
ซวล๚ ึ่ณ่ฯÜ
ซฯรล ึ่ฯ่ณ
ซฯรกþþ ึ่ฯ่อฺ
ซู ึ่ฝ
ซูบ ึ่ฝÝ
ซูบฟ ึ่ฝÝข
ซูผ ึ่ฝ฿
ซูฝ ึ่ฝแ
ซูพ ึ่ฝโ
ซูฟ ึ่ฝข
ซูร ึ่ฝ่
ซูรกþ ึ่ฝ่อ
ซูรจþþ ึ่ฝ่ิฺ
ซูฤ ฯ่ึ่ฝ
ซูฤ๏๚ ฯ่ึ่ฝ่ฯÜ
ซูÜ ึ่ฝฺก
ซู๏ ึ่ฝ่ฯ
ซู๏ฝ ึ่ฝ่ฯแ
ซู๏๚ ึ่ฝ่ฯÜ
ซู๏þ ึ่ฝ่ฯฺ
ซู๏þฝ ึ่ฝ่ฯๅ
ซู๏þส ึ่ฝ่ฯๅข
ซู๚ ึ่ฝÜ
ซูþ ึ่ฝฺ
ซูþฝ ึ่ฝๅ
ซูþฟ ึ่ฝฺข
ซูþส ึ่ฝๅข
ซฺ ึ่พ
ซฺบ ึ่พÝ
ซฺป ึ่พÞ
ซฺฝ ึ่พแ
ซฺร ึ่พ่
ซฺรร ึ่พ่น่
ซฺรกþ ึ่พ่อ
ซฺ๏๚ ึ่พ่ฯÜ
ซฺ๚ ึ่พÜ
ซฺþ ึ่พฺ
ซฺþฝ ึ่พๅ
ซฺþฟ ึ่พฺข
ซฺþส ึ่พๅข
ซเูรญรþร ึุ่่อ่ฝุ่่ฬ่
ซเþ ึุ่่อ
ซ๛ร ึ่ษ่
ซ๛ล ึ่ษ
ซþ ึ
ซþบ ึÝ
ซþบฟ ึÝข
ซþฝ ึแ
ซþฝฤ ฯ่ึแ
ซþพ ึโ
ซþฟ ึข
ซþม ึใ
ซþร ึ่
ซþฤ ฯ่ึ
ซþฤย ฯ่ึก
ซþ์ ึÜข
ซþ๙ ึๆ
ซþ๚ ึÜ
ซþ๚ฤ ฯ่ึÜ
ซþþ ึฺ
ซþþฝ ึๅ
ซþþฟ ึฺข
ซþþฤ ฯ่ึฺ
ซþþฤฝ ฯ่ึๅ
ซþþฤส ฯ่ึๅข
ซþþส ึๅข
ซþþ๔ ฯ่ึฺข
ฌบล ื่ณÝ
ฌปล ื่ณÞ
ฌผล ื่ณ฿
ฌฝล ื่ณแ
ฌฝลฟ ื่ณแข
ฌพล ื่ณโ
ฌพลฟ ื่ณโข
ฌฟล ื่ณข
ฌล ื่ณ
ฌลÜ ื่ณฺก
ฌล๕ ื่ณ้
ฌล๚ ื่ณÜ
ฌล๚ฤ ฯ่ื่ณÜ
ฌลþ ื่ณฺ
ฌลþฝ ื่ณๅ
ฌลþฟ ื่ณฺข
ฌลþม ื่ณ็
ฌลþส ื่ณๅข
ฌกþ ื่ด่อ
ฌþ ื่ด
ฌþฝ ื่ดแ
ฌþ๕ฝ ื่ด้แ
ฌþ๚ ื่ดÜ
ฌþþ ื่ดฺ
ฌþþส ื่ดๅข
ฌþ ื่ต
ฌ ื่ท
ฌรþ ื่ท่ต
ฌกþบ ื่ธ่อÝ
ฌฅþฝ ื่ธ่ัแ
ฌญ ื่ธุ่
ฌญฝ ื่ธุ่แ
ฌญþฝ ื่ธุ่ๅ
ฌฯบ ื่ธ่ฯÝ
ฌฯฝ ื่ธ่ฯแ
ฌþ ื่ธ
ฌþบ ื่ธÝ
ฌþป ื่ธÞ
ฌþฝ ื่ธแ
ฌþþ ื่ธฺ
ฌþþฝ ื่ธๅ
ฌุþ ื่บ่ผ
ฌþบ ื่บÝ
ฌþฤ๕ ฯ่ื่บ้
ฌกþ ื่ร่อ
ฌกþþ ื่ร่อฺ
ฌþ ื่ร
ฌþป ื่รÞ
ฌþฝ ื่รแ
ฌþพ ื่รโ
ฌþ๚ ื่รÜ
ฌþþ ื่รฺ
ฌþþฝ ื่รๅ
ฌþþฤ ฯ่ื่รฺ
ฌþþส ื่รๅข
ฌกþþ ื่ล่อฺ
ฌþþ ื่ลฺ
ฌþฝ ื่ฦ่ฦแ
ฌþฝ ื่ฦ่ฬแ
ฌþ ื่ฦ
ฌþฝ ื่ฦแ
ฌþพ ื่ฦโ
ฌþþ ื่ฦฺ
ฌþþฝ ื่ฦๅ
ฌþþฟ ื่ฦฺข
ฌฅþ ื่ศ่ั
ฌฅþฝ ื่ศ่ัแ
ฌฅþþ ื่ศ่ัฺ
ฌญ ื่ศุ่
ฌญฝ ื่ศุ่แ
ฌฯ ื่ศ่ฯ
ฌฯป ื่ศ่ฯÞ
ฌฯฝ ื่ศ่ฯแ
ฌฯพ ื่ศ่ฯโ
ฌฯ๚ ื่ศ่ฯÜ
ฌฯþ ื่ศ่ฯฺ
ฌฯþฝ ื่ศ่ฯๅ
ฌเþร ื่ศุ่่อ่
ฌþ ื่ศ
ฌþบ ื่ศÝ
ฌþป ื่ศÞ
ฌþผ ื่ศ฿
ฌþฝ ื่ศแ
ฌþพ ื่ศโ
ฌþพฟ ื่ศโข
ฌþฟ ื่ศข
ฌþร ื่ศ่
ฌþส ื่ศแข
ฌþ๚ ื่ศÜ
ฌþþ ื่ศฺ
ฌþþฝ ื่ศๅ
ฌþþฟ ื่ศฺข
ฌþþม ื่ศ็
ฌþþส ื่ศๅข
ฌกูฝ ื่ส่อ่ฝแ
ฌþ ื่ส
ฌþฝ ื่สแ
ฌþร ื่ส่
ฌþþ ื่สฺ
ฌþþฝ ื่สๅ
ฌþþส ื่สๅข
ฌþ ื่ฬ่ฬ
ฌฌþร ื่ฬ่ื่
ฌþ ื่ฬ
ฌþบ ื่ฬÝ
ฌþผ ื่ฬ฿
ฌþฝ ื่ฬแ
ฌþพ ื่ฬโ
ฌþร ื่ฬ่
ฌþส ื่ฬแข
ฌþ๚ ื่ฬÜ
ฌþþ ื่ฬฺ
ฌþþฝ ื่ฬๅ
ฌþþส ื่ฬๅข
ฌกล ื่อ่ฦ่ณ
ฌกูรญฝ ื่อ่ฦ่ฝุ่แ
ฌกÛ๏þฝ ื่อ่ฦ่ฟ่ฯๅ
ฌกþฝ ื่อ่ฦแ
ฌกþ ื่อ่ฬ่ศ
ฌกþฝ ื่อ่ฬ่ศแ
ฌกþฝ ื่อ่ฬ่ฬแ
ฌกกþþ ื่อ่อฺ
ฌกฅฅþ ื่อ่ั่ั
ฌกฌูฝ ื่อ่ื่ฝแ
ฌกþ ื่อ
ฌกþบ ื่อÝ
ฌกþป ื่อÞ
ฌกþฝ ื่อแ
ฌกþฟ ื่อข
ฌกþร ื่อ่
ฌกþ๙ ื่อๆ
ฌกþ๚ ื่อÜ
ฌกþþ ื่อฺ
ฌกþþฝ ื่อๅ
ฌกþþฟ ื่อฺข
ฌกþþส ื่อๅข
ฌฅกþร ื่ั่อ่
ฌฅþ ื่ั
ฌฅþบ ื่ัÝ
ฌฅþฝ ื่ัแ
ฌฅþพ ื่ัโ
ฌฅþส ื่ัแข
ฌฅþ๚ ื่ัÜ
ฌฅþþ ื่ัฺ
ฌฅþþฝ ื่ัๅ
ฌฅþþส ื่ัๅข
ฌจทþฟ ื่ิ่ยข
ฌจþ ื่ิ
ฌจþฝ ื่ิแ
ฌจþพ ื่ิโ
ฌจþพฟ ื่ิโข
ฌจþฟ ื่ิข
ฌจþÜ ื่ิฺก
ฌจþ์ ื่ิÜข
ฌจþ๚ ื่ิÜ
ฌจþþ ื่ิฺ
ฌจþþฝ ื่ิๅ
ฌจþþฟ ื่ิฺข
ฌชþþ ื่ี่ฬฺ
ฌชþþ ื่ีฺ
ฌซþ ื่ึ
ฌฌþฝ ื่ื่ฦแ
ฌฌฌþร ื่ื่ื่
ฌฌธ๚ ื่ื่ฤÜ
ฌฌฯþฝ ื่ื่ฯๅ
ฌฌู ื่ื่ฝ
ฌฌํฃฝ ื่ืุ่่ฯแ
ฌฌþ ื่ื
ฌฌþบ ื่ืÝ
ฌฌþป ื่ืÞ
ฌฌþผ ื่ื฿
ฌฌþฝ ื่ืแ
ฌฌþพ ื่ืโ
ฌฌþฟ ื่ืข
ฌฌþร ื่ื่
ฌฌþส ื่ืแข
ฌฌþ๚ ื่ืÜ
ฌฌþþ ื่ืฺ
ฌฌþþฝ ื่ืๅ
ฌฌþþส ื่ืๅข
ฌญ ืุ่
ฌญฝ ืุ่แ
ฌญฝฤ ฯ่ืุ่แ
ฌญร ืุ่่
ฌญรþ ืุ่่ฦ
ฌญรฅþฝ ืุ่่ัแ
ฌญรญþฝ ืุุ่่ๅ
ฌญรทþ ืุ่่ย
ฌญฤ ฯ่ืุ่
ฌญฤร ฯ่ืุ่่
ฌญþฝ ืุ่ๅ
ฌญþฤฝ ฯ่ืุ่ๅ
ฌฏþฝ ืุ่่ฬแ
ฌตþ ื่ม
ฌทกþ ื่ย่อ
ฌทกþþ ื่ย่อฺ
ฌทจþ ื่ย่ิ
ฌทจþþ ื่ย่ิฺ
ฌทจþþฝ ื่ย่ิๅ
ฌทฯ ื่ย่ฯ
ฌทฯบ ื่ย่ฯÝ
ฌทฯฝ ื่ย่ฯแ
ฌทฯพ ื่ย่ฯโ
ฌทฯฟ ื่ย่ฯข
ฌทฯ๚ ื่ย่ฯÜ
ฌทฯþ ื่ย่ฯฺ
ฌทฯþฝ ื่ย่ฯๅ
ฌทฯþฟ ื่ย่ฯฺข
ฌทฯþส ื่ย่ฯๅข
ฌทþ ื่ย
ฌทþบ ื่ยÝ
ฌทþบฟ ื่ยÝข
ฌทþบฤ ฯ่ื่ยÝ
ฌทþป ื่ยÞ
ฌทþผ ื่ย฿
ฌทþฝ ื่ยแ
ฌทþพ ื่ยโ
ฌทþฟ ื่ยข
ฌทþร ื่ย่
ฌทþส ื่ยแข
ฌทþÜ ื่ยฺก
ฌทþ์ ื่ยÜข
ฌทþ๙ ื่ยๆ
ฌทþ๚ ื่ยÜ
ฌทþþ ื่ยฺ
ฌทþþฝ ื่ยๅ
ฌทþþฟ ื่ยฺข
ฌทþþส ื่ยๅข
ฌธ ื่ฤ
ฌฦ ื่ณ่
ฌฦฅþฝ ื่ณ่ัแ
ฌฦจþฝ ื่ณ่ิแ
ฌฦจþพ ื่ณ่ิโ
ฌฦจþþ ื่ณ่ิฺ
ฌฦจþþม ื่ณ่ิ็
ฌฦชþ ื่ณ่ี
ฌวล ื่ณ่ฯ
ฌวลป ื่ณ่ฯÞ
ฌวลฝ ื่ณ่ฯแ
ฌวลพ ื่ณ่ฯโ
ฌวล๚ ื่ณ่ฯÜ
ฌวลþ ื่ณ่ฯฺ
ฌวลþฝ ื่ณ่ฯๅ
ฌฯ ื่ฯ
ฌฯฝ ื่ฯแ
ฌฯรจþþ ื่ฯ่ิฺ
ฌฯรู ื่ฯ่ฝ
ฌฯ๚ ื่ฯÜ
ฌฯþ ื่ฯฺ
ฌฯþฝ ื่ฯๅ
ฌฯþส ื่ฯๅข
ฌู ื่ฝ
ฌูบ ื่ฝÝ
ฌูป ื่ฝÞ
ฌูฝ ื่ฝแ
ฌูฝฤ ฯ่ื่ฝแ
ฌูพ ื่ฝโ
ฌูพฟ ื่ฝโข
ฌูฟ ื่ฝข
ฌูร ื่ฝ่
ฌูรþฝ ื่ฝ่ฬแ
ฌูรกฅþบ ื่ฝ่อ่ัÝ
ฌูรฅþฝ ื่ฝ่ัแ
ฌูรฌþ ื่ฝ่ื
ฌูรฌþร ื่ฝ่ื่
ฌูรญฝ ื่ฝุ่แ
ฌูรญþฝ ื่ฝุ่ๅ
ฌูฤ ฯ่ื่ฝ
ฌูฤร ฯ่ื่ฝ่
ฌูส ื่ฝแข
ฌูÜ ื่ฝฺก
ฌู๏ ื่ฝ่ฯ
ฌู๏บ ื่ฝ่ฯÝ
ฌู๏ฝ ื่ฝ่ฯแ
ฌู๏พ ื่ฝ่ฯโ
ฌู๏พฟ ื่ฝ่ฯโข
ฌู๏รกþร ื่ฝ่ฯ่อ่
ฌู๏ส ื่ฝ่ฯแข
ฌู๏Ü ื่ฝ่ฯฺก
ฌู๏๚ ื่ฝ่ฯÜ
ฌู๏þ ื่ฝ่ฯฺ
ฌู๏þฝ ื่ฝ่ฯๅ
ฌู๏þฟ ื่ฝ่ฯฺข
ฌู๏þม ื่ฝ่ฯ็
ฌู๏þมฟ ื่ฝ่ฯ็ข
ฌู๙ ื่ฝๆ
ฌู๚ ื่ฝÜ
ฌูþ ื่ฝฺ
ฌูþฝ ื่ฝๅ
ฌูþฟ ื่ฝฺข
ฌูþม ื่ฝ็
ฌูþส ื่ฝๅข
ฌÛ ื่ฟ
ฌÛฝ ื่ฟแ
ฌÛฤ ฯ่ื่ฟ
ฌÜ ืก
ฌเþร ืุ่่อ่
ฌํฃ ืุ่่ฯ
ฌ๎þ ื่ย่ย
ฌ๎þบ ื่ย่ยÝ
ฌ๎þฯ ื่ย่ย่ฯ
ฌ๛บล ื่ษÝ
ฌ๛ปล ื่ษÞ
ฌ๛ฝล ื่ษแ
ฌ๛พล ื่ษโ
ฌ๛ล ื่ษ
ฌ๛ล๕ ื่ษ้
ฌ๛ล๚ ื่ษÜ
ฌ๛ลþ ื่ษฺ
ฌ๛ลþฝ ื่ษๅ
ฌþ ื
ฌþบ ืÝ
ฌþบฟ ืÝข
ฌþบย ืÝก
ฌþบฤ ฯ่ืÝ
ฌþป ืÞ
ฌþปฟ ืÞข
ฌþปย ืÞก
ฌþผ ื฿
ฌþผฟ ื฿ข
ฌþฝ ืแ
ฌþฝฤ ฯ่ืแ
ฌþฝ๔ ฯ่ืแข
ฌþพ ืโ
ฌþพฟ ืโข
ฌþฟ ืข
ฌþฟฤ ฯ่ืข
ฌþภ ืฃ
ฌþร ื่
ฌþฤ ฯ่ื
ฌþฤร ฯ่ื่
ฌþส ืแข
ฌþฮ ืๆข
ฌþÜ ืฺก
ฌþ์ ืÜข
ฌþ๕ ื้
ฌþ๙ ืๆ
ฌþ๚ ืÜ
ฌþ๚ฤ ฯ่ืÜ
ฌþþ ืฺ
ฌþþฝ ืๅ
ฌþþฟ ืฺข
ฌþþม ื็
ฌþþมฟ ื็ข
ฌþþฤ ฯ่ืฺ
ฌþþฤฝ ฯ่ืๅ
ฌþþฤส ฯ่ืๅข
ฌþþส ืๅข
ญ ุ
ญบ ุÝ
ญบฟ ุÝข
ญบย ุÝก
ญป ุÞ
ญปฟ ุÞข
ญปย ุÞก
ญฝ ุแ
ญพ ุโ
ญพฟ ุโข
ญพย ุโก
ญฟ ุข
ญภ ุฃ
ญม ุใ
ญมฟ ุใข
ญย ุก
ญร ุ่
ญรล๚ ุ่ณÜ
ญรþป ุ่ตÞ
ญรþ ุ่ธ
ญรþ ุ่ร
ญรþ ุ่ฦ
ญรþร ุ่ฦ่
ญรþþส ุ่ฦๅข
ญรþþฝ ุ่สๅ
ญรฅþ ุ่ั
ญรฅþþ ุ่ัฺ
ญรซู ุ่ึ่ฝ
ญรฌล๚ ุ่ื่ณÜ
ญรฌจþ ุ่ื่ิ
ญรฌþ ุ่ื
ญรฌþร ุ่ื่
ญรญþ ฺุุ่
ญรต ุ่ม่ท
ญรตÛ ุ่ม่ฟ
ญรตþ ุ่ม
ญรทลþ ุ่ย่ณฺ
ญรทจþ ุ่ย่ิ
ญรทฯþ ุ่ย่ฯฺ
ญรทþ ุ่ย
ญรทþร ุ่ย่
ญรทþ๚ ุ่ยÜ
ญรทþþ ุ่ยฺ
ญรธ ุ่ฤ
ญรธฝ ุ่ฤแ
ญรธรþþ ุ่ฤ่ศฺ
ญรธรฃþฝ ุ่ฤ่ฯๅ
ญรธฤ ฯุ่่ฤ
ญรู ุ่ฝ
ญฤ ฯุ่
ญฤร ฯุ่่
ญส ุแข
ญฮ ุๆข
ญÜ ฺุก
ญ์ ุÜข
ญ๕ ุ้
ญ๙ ุๆ
ญ๚ ุÜ
ญ๚ย ุÜก
ญ๚ฤ ฯุ่Ü
ญþ ฺุ
ญþฝ ุๅ
ญþฝย ุๅก
ญþฟ ฺุข
ญþม ุ็
ญþมฟ ุ็ข
ญþฤฝ ฯุ่ๅ
ญþส ุๅข
ฏ ฏ
ฏþ ุ่ฬ่ธ
ฏþþ ุ่ฬ่ธฺ
ฏกþ ุ่ฬ่อ
ฏฅþþฝ ุ่ฬ่ัๅ
ฏจþþ ุ่ฬ่ิฺ
ฏตþ ุ่ฬ่ม
ฏตþ๚ ุ่ฬ่มÜ
ฏตþþส ุ่ฬ่มๅข
ฏþ ุ่ฬ
ฏþป ุ่ฬÞ
ฏþร ุ่ฬ่
ฏþ๚ ุ่ฬÜ
ฏþþ ุ่ฬฺ
ฏþþฝ ุ่ฬๅ
ฏþþฟ ุ่ฬฺข
ฒ ฯÝ
ฒฟ ฯÝข
ฒย ฯÝก
ฒฤ ฯ่ฯÝ
ณ ฯÞ
ณฟ ฯÞข
ณย ฯÞก
ณฤ ฯ่ฯÞ
ด ฤ฿
ต ม่ภ
ตป ม่ภÞ
ตร ม่ภ่
ตรซþþ ม่ภ่ึฺ
ต๕þ ม่ภฺ้
ต๙ ม่ภๆ
ต๚ ม่ภÜ
ตþ๚ ม่ดÜ
ตชþร ม่ถ่ี่
ตþร ม่ถ่
ตþ๚ ม่ถÜ
ตþþ ม่ถฺ
ตþฝ ม่ธแ
ตพ ม่นโ
ตร ม่น่
ตรตþร ม่น่ม่
ตþþ ม่บฺ
ตþþส ม่บๅข
ตþ ม่ร
ตþฝ ม่ฦแ
ตþ ม่ศ
ตþþ ม่ศฺ
ตþ ม่ฬ
ตþป ม่ฬÞ
ตกþ ม่อ
ตกþบ ม่อÝ
ตกþปฟ ม่อÞข
ตกþฝ ม่อแ
ตกþฟ ม่อข
ตกþฤ ฯ่ม่อ
ตกþ๚ ม่อÜ
ตกþþ ม่อฺ
ตกþþฝ ม่อๅ
ตกþþฤ ฯ่ม่อฺ
ตกþþส ม่อๅข
ตฅþ ม่ั
ตจþ ม่ิ
ตจþ๚ ม่ิÜ
ตจþþ ม่ิฺ
ตชซþ๚ ม่ี่ด่ึÜ
ตช๛ล๙ ม่ี่ษๆ
ตชþร ม่ี่
ตซþþ ม่ึฺ
ตฌกþ ม่ื่อ
ตญร มุ่่
ตตþ ม่ม
ตตþบ ม่มÝ
ตตþป ม่มÞ
ตตþ๚ ม่มÜ
ตตþþ ม่มฺ
ตทþ ม่ย
ตทþþ ม่ยฺ
ตอ ม่ฤ่ฯ
ตฯรกþ ม่ฯ่อ
ตู ม่ฝ
ตูบ ม่ฝÝ
ตูฝ ม่ฝแ
ตูพ ม่ฝโ
ตูรฌþ ม่ฝ่ื
ตูส ม่ฝแข
ตู๏ ม่ฝ่ฯ
ตู๏๚ ม่ฝ่ฯÜ
ตู๚ ม่ฝÜ
ตูþ ม่ฝฺ
ตูþฝ ม่ฝๅ
ตูþส ม่ฝๅข
ตฺ ม่พ
ตฺฝ ม่พแ
ตฺฟ ม่พข
ตฺร ม่พ่
ตฺรซþร ม่พ่ึ่
ตฺ๚ ม่พÜ
ตฺþ ม่พฺ
ตฺþฝ ม่พๅ
ตฺþส ม่พๅข
ตÛ ม่ฟ
ตÛบ ม่ฟÝ
ตÛป ม่ฟÞ
ตÛฝ ม่ฟแ
ตÛพ ม่ฟโ
ตÛฟ ม่ฟข
ตÛรกþ ม่ฟ่อ
ตÛรกþþ ม่ฟ่อฺ
ตÛรฌþ ม่ฟ่ื
ตÛส ม่ฟแข
ตÛ๏ ม่ฟ่ฯ
ตÛ๏ป ม่ฟ่ฯÞ
ตÛ๏๚ ม่ฟ่ฯÜ
ตÛ๏þ ม่ฟ่ฯฺ
ตÛ๏þฝ ม่ฟ่ฯๅ
ตÛ๕ ม่ฟ้
ตÛ๕ฝ ม่ฟ้แ
ตÛ๕๚ ม่ฟ้Ü
ตÛ๕þ ม่ฟฺ้
ตÛ๕þฝ ม่ฟ้ๅ
ตÛ๕þส ม่ฟ้ๅข
ตÛ๙ ม่ฟๆ
ตÛ๚ ม่ฟÜ
ตÛþ ม่ฟฺ
ตÛþฝ ม่ฟๅ
ตÛþฟ ม่ฟฺข
ตÛþส ม่ฟๅข
ตþ ม
ตþบ มÝ
ตþป มÞ
ตþปฟ มÞข
ตþฝ มแ
ตþฝฤ ฯ่มแ
ตþพ มโ
ตþพฟ มโข
ตþฟ มข
ตþฟฤ ฯ่มข
ตþภ มฃ
ตþร ม่
ตþฤ ฯ่ม
ตþฤย ฯ่มก
ตþส มแข
ตþ์ มÜข
ตþ๕ ม้
ตþ๕รนÛ ม้่ฟÛ
ตþ๕รÛ ม้่ฟ
ตþ๕รÛฝ ม้่ฟแ
ตþ๕รÛþ ม้่ฟฺ
ตþ๙ มๆ
ตþ๚ มÜ
ตþ๚ฤ ฯ่มÜ
ตþþ มฺ
ตþþฝ มๅ
ตþþฟ มฺข
ตþþฤ ฯ่มฺ
ตþþฤฝ ฯ่มๅ
ตþþฤส ฯ่มๅข
ตþþส มๅข
ตþþ๔ ฯ่มฺข
ทร ย่ภ่
ทบล ย่ณÝ
ทผล ย่ณ฿
ทฝล ย่ณแ
ทฟล ย่ณข
ทล ย่ณ
ทล๚ ย่ณÜ
ทลþ ย่ณฺ
ทลþฝ ย่ณๅ
ทþ ย่ด
ทþ ย่ธ
ทุþ ย่บ่ผ
ทþ ย่บ
ทþ๕ ย่บ้
ทþ๙ ย่ปๆ
ทþ ย่ร
ทþบ ย่รÝ
ทþป ย่รÞ
ทþฝ ย่รแ
ทþฟ ย่รข
ทþ๚ ย่รÜ
ทþþ ย่รฺ
ทþþส ย่รๅข
ทþ ย่ฦ
ทþฝ ย่ฦแ
ทþร ย่ฦ่
ทþฤร ฯ่ย่ฦ่
ทþ๚ ย่ฦÜ
ทþþ ย่ฦฺ
ทþþฝ ย่ฦๅ
ทþþฟ ย่ฦฺข
ทþþส ย่ฦๅข
ทฅþ ย่ศ่ั
ทฯ ย่ศ่ฯ
ทฯฝ ย่ศ่ฯแ
ทฯ๚ ย่ศ่ฯÜ
ทþ ย่ศ
ทþบ ย่ศÝ
ทþป ย่ศÞ
ทþฝ ย่ศแ
ทþ๚ ย่ศÜ
ทþþ ย่ศฺ
ทþþฟ ย่ศฺข
ทฯ ย่ส่ฯ
ทþ ย่ส
ทþþฟ ย่หฺข
ทล ย่ฬ่ณ
ทþ ย่ฬ่ส
ทกþ ย่ฬ่อ
ทกþþ ย่ฬ่อฺ
ทกþþส ย่ฬ่อๅข
ทþ ย่ฬ
ทþผ ย่ฬ฿
ทþฝ ย่ฬแ
ทþพ ย่ฬโ
ทþ๚ ย่ฬÜ
ทþþ ย่ฬฺ
ทþþฝ ย่ฬๅ
ทกþ ย่อ
ทกþบ ย่อÝ
ทกþบฟ ย่อÝข
ทกþป ย่อÞ
ทกþฝ ย่อแ
ทกþฟ ย่อข
ทกþร ย่อ่
ทกþฤ ฯ่ย่อ
ทกþส ย่อแข
ทกþÜ ย่อฺก
ทกþ๙ ย่อๆ
ทกþ๚ ย่อÜ
ทกþþ ย่อฺ
ทกþþฝ ย่อๅ
ทกþþฟ ย่อฺข
ทกþþฤส ฯ่ย่อๅข
ทกþþส ย่อๅข
ทฅþ ย่ั
ทฅþฝ ย่ัแ
ทฅþ๚ ย่ัÜ
ทจกþ ย่ิ่อ
ทจþ ย่ิ
ทจþฝ ย่ิแ
ทจþพ ย่ิโ
ทจþฟ ย่ิข
ทจþร ย่ิ่
ทจþฤ ฯ่ย่ิ
ทจþ๚ ย่ิÜ
ทจþþ ย่ิฺ
ทจþþฝ ย่ิๅ
ทจþþฟ ย่ิฺข
ทจþþส ย่ิๅข
ทชþบ ย่ีÝ
ทชþฝ ย่ีแ
ทฌล๚ ย่ื่ณÜ
ทฌþþ ย่ื่รฺ
ทฌþþ ย่ื่ฦฺ
ทฌกþ ย่ื่อ
ทฌกþฝ ย่ื่อแ
ทฌกþþ ย่ื่อฺ
ทฌจþ ย่ื่ิ
ทฌจþฝ ย่ื่ิแ
ทฌจþþ ย่ื่ิฺ
ทฌ๛ปล ย่ื่ษÞ
ทฌþ ย่ื
ทฌþบ ย่ืÝ
ทฌþป ย่ืÞ
ทฌþฝ ย่ืแ
ทฌþฟ ย่ืข
ทฌþร ย่ื่
ทฌþฤ ฯ่ย่ื
ทฌþฤรกþ ฯ่ย่ื่อ
ทฌþ๚ ย่ืÜ
ทฌþþ ย่ืฺ
ทฌþþฝ ย่ืๅ
ทฌþþฟ ย่ืฺข
ทญ ยุ่
ทญฝ ยุ่แ
ทญþฝ ยุ่ๅ
ทธฝ ย่ฤแ
ทฦ ย่ณ่
ทฦฅþฝ ย่ณ่ัแ
ทวล ย่ณ่ฯ
ทวลฟ ย่ณ่ฯข
ทวลþ ย่ณ่ฯฺ
ทวลþฝ ย่ณ่ฯๅ
ทฯ ย่ฯ
ทฯบ ย่ฯÝ
ทฯผ ย่ฯ฿
ทฯฝ ย่ฯแ
ทฯพ ย่ฯโ
ทฯฟ ย่ฯข
ทฯร ย่ฯ่
ทฯรกþ ย่ฯ่อ
ทฯรกþป ย่ฯ่อÞ
ทฯรกþþฝ ย่ฯ่อๅ
ทฯรฌþ ย่ฯ่ื
ทฯรทþ ย่ฯ่ย
ทฯรทþ๚ ย่ฯ่ยÜ
ทฯรทþþ ย่ฯ่ยฺ
ทฯ์ ย่ฯÜข
ทฯ๚ ย่ฯÜ
ทฯþ ย่ฯฺ
ทฯþฝ ย่ฯๅ
ทฯþฟ ย่ฯฺข
ทฯþส ย่ฯๅข
ทูรญร ย่ฝุ่่
ทÛฝ ย่ฟแ
ทÜ ยก
ทโþ ย่ณ่ึ
ท๛บล ย่ษÝ
ท๛ล ย่ษ
ท๛ล๕ ย่ษ้
ทþ ย
ทþบ ยÝ
ทþบฟ ยÝข
ทþบย ยÝก
ทþบฤ ฯ่ยÝ
ทþป ยÞ
ทþปฟ ยÞข
ทþปย ยÞก
ทþผ ย฿
ทþฝ ยแ
ทþฝฤ ฯ่ยแ
ทþฝ๔ ฯ่ยแข
ทþพ ยโ
ทþพฟ ยโข
ทþฟ ยข
ทþฟฤ ฯ่ยข
ทþภ ยฃ
ทþร ย่
ทþฤ ฯ่ย
ทþฤผ ฯ่ย฿
ทþฤร ฯ่ย่
ทþฤฯ ฯ่ย่ฯ
ทþฤฯ๚ ฯ่ย่ฯÜ
ทþส ยแข
ทþฮ ยๆข
ทþÜ ยฺก
ทþ์ ยÜข
ทþ๕ ย้
ทþ๙ ยๆ
ทþ๚ ยÜ
ทþ๚ฤ ฯ่ยÜ
ทþþ ยฺ
ทþþฝ ยๅ
ทþþฟ ยฺข
ทþþภ ยฺฃ
ทþþม ย็
ทþþฤ ฯ่ยฺ
ทþþฤฝ ฯ่ยๅ
ทþþฤส ฯ่ยๅข
ทþþส ยๅข
ทþþ๔ ฯ่ยฺข
ธ ฤ
ธบ ฤÝ
ธบฟ ฤÝข
ธบภ ฤÝฃ
ธบย ฤÝก
ธบฤ ฯ่ฤÝ
ธป ฤÞ
ธปฟ ฤÞข
ธปย ฤÞก
ธปฤ ฯ่ฤÞ
ธฝ ฤแ
ธฝฤ ฯ่ฤแ
ธฝ๔ ฯ่ฤแข
ธพ ฤโ
ธพฟ ฤโข
ธฟ ฤข
ธย ฤก
ธร ฤ่
ธรฝล ฤ่ณแ
ธรล ฤ่ณ
ธรลþ ฤ่ณฺ
ธรþ ฤ่ด
ธรþ ฤ่ถ
ธรþผ ฤ่ถ฿
ธรþร ฤ่ถ่
ธรþþ ฤ่ถฺ
ธรþþฝ ฤ่ถๅ
ธรญ ฤ่ธุ่
ธรฯฝ ฤ่ธ่ฯแ
ธรþ ฤ่ธ
ธรþฝ ฤ่ธแ
ธรþþ ฤ่ธฺ
ธรรÛ ฤ่น่ฟ
ธรþ ฤ่บ
ธรþ๚ ฤ่บÜ
ธรþ ฤ่ป
ธรทþ ฤ่ฦ่ย
ธรþ ฤ่ฦ
ธรþบ ฤ่ฦÝ
ธรþþ ฤ่ฦฺ
ธรฅþþฝ ฤ่ศ่ัๅ
ธรฯฝ ฤ่ศ่ฯแ
ธรþ ฤ่ศ
ธรþฝ ฤ่ศแ
ธรþþ ฤ่ศฺ
ธรþþฝ ฤ่ศๅ
ธรกþฝ ฤ่อ่ตแ
ธรกฅþ ฤ่อ่ั
ธรกฌþþฝ ฤ่อ่ื่ศๅ
ธรกþ ฤ่อ
ธรกþบ ฤ่อÝ
ธรกþป ฤ่อÞ
ธรกþผ ฤ่อ฿
ธรกþฝ ฤ่อแ
ธรกþฟ ฤ่อข
ธรกþภ ฤ่อฃ
ธรกþร ฤ่อ่
ธรกþฤ ฤ่ฯ่อ
ธรกþ๙ ฤ่อๆ
ธรกþþ ฤ่อฺ
ธรกþþฝ ฤ่อๅ
ธรกþþฟ ฤ่อฺข
ธรกþþส ฤ่อๅข
ธรฅþฝ ฤ่ัแ
ธรชþþฝ ฤ่ีๅ
ธรซู ฤ่ึ่ฝ
ธรญ ฤุ่
ธรตþþส ฤ่มๅข
ธรฤ ฤ่ฯ่
ธรูบ ฤ่ฝÝ
ธรูฝ ฤ่ฝแ
ธรูร ฤ่ฝ่
ธรู๏ ฤ่ฝ่ฯ
ธรู๏ฝ ฤ่ฝ่ฯแ
ธรู๏þฝ ฤ่ฝ่ฯๅ
ธรÛ ฤ่ฟ
ธรÛþ ฤ่ฟฺ
ธฤ ฯ่ฤ
ธฤผ ฯ่ฤ฿
ธฤร ฯ่ฤ่
ธส ฤแข
ธฮ ฤๆข
ธÜ ฤฺก
ธ่þ ฤ่ต่ล
ธ่ฯ ฤ่ต่ฯ
ธ่ฯ๚ ฤ่ต่ฯÜ
ธ่ฯþ ฤ่ต่ฯฺ
ธ่ฯþ ฤ่ห่ฯฺ
ธ์ ฤÜข
ธ๕ ฤ้
ธ๙ ฤๆ
ธ๚ ฤÜ
ธ๚ฤ ฯ่ฤÜ
ธ๚๔ ฯ่ฤÜข
ธþ ฤฺ
ธþฝ ฤๅ
ธþฟ ฤฺข
ธþภ ฤฺฃ
ธþม ฤ็
ธþฤ ฯ่ฤฺ
ธþฤฝ ฯ่ฤๅ
ธþฤส ฯ่ฤๅข
ธþส ฤๅข
ธþ๔ ฯ่ฤฺข
น Û
น ภÛ
นรฅþ ภ่ฦ่ส่ัÛ
น๏รกþ ภ่ฯ่อÛ
นล ณÛ
นลฤ ฯ่ณÛ
นþ ด่ฬÛ
นกþ ด่อÛ
นฌþ ด่ืÛ
นทþ ด่ยÛ
นฯ ด่ฯÛ
นþ ดÛ
นþฤ ฯ่ดÛ
นรฅþ ต่ต่ท่ัÛ
นþ ต่ตÛ
น ต่ทÛ
นþ ต่บÛ
นþ ต่ลÛ
นÜ ต่ฦÛก
นþ ต่ฦÛ
นþฤ  ต่ฦÛฯ่
นþ ต่ฬÛ
นกู ต่อ่ศ่ฝÛ
นฅกþ ต่ั่อ่ธÛ
นฅþ ต่ัÛ
นจþ ต่ิÛ
นธ ต่ฤÛ
นฯ ต่ฯÛ
นþ ตÛ
นþฤ ฯ่ตÛ
นฯ ถ่ฯÛ
นþ ถÛ
นþฤ ฯ่ถÛ
น ทÛ
นรล ท่ณÛ
นรþ ท่ตÛ
นรþ ท่ถÛ
นร ท่ทÛ
นรกþ ท่อÛ
นรฃ ท่ฯÛ
นรฅþ ท่ัÛ
นล ธ่ณÛ
นþ ธ่ธÛ
น ธ่นÛ
นฤ ฯ่ธ่นÛ
นกฅþ ธ่อ่ธ่ัÛ
นกฌู ธ่อ่ื่ฝÛ
นฅþ ธ่ัÛ
นญ ธุ่Û
นญรþ ธุ่่ฦÛ
นญฤ ฯ่ธุ่Û
นฦþ ธ่ณ่สÛ
นฯ ธ่ฯÛ
นฯร ธ่ฯ่นÛ
นู ธ่ฝÛ
นูรทþ ธ่ฝ่ยÛ
นู๏ ธ่ฝ่ฯÛ
นþ ธÛ
นþฤ ฯ่ธÛ
น นÛ
นรกฅþ น่อ่ธ่ัÛ
นรกฅþ น่อ่ัÛ
นรกฌู น่อ่ื่ฝÛ
นรฅþ น่ัÛ
นรญ นุ่Û
นรญรกฌþฤ นุ่่ฯ่อ่ืÛ
นรญรฃ นุ่่ฯÛ
นรฺ น่พÛ
นฤ ฯ่นÛ
น๏ น่ฯÛ
นþ บ่บÛ
นþ บ่ปÛ
นþ บ่ฬÛ
นกþ บ่อÛ
นจþ บ่ิÛ
นฯ บ่ฯÛ
นุþ บ่ผÛ
นþ บÛ
นþฤ ฯ่บÛ
นþ ปÛ
นฅþ ร่ัÛ
นญ รุ่Û
นทþ ร่ยÛ
นฯ ร่ฯÛ
นþ รÛ
นþฤ ฯ่รÛ
นþ ล่ลÛ
นจþ ล่ิÛ
นธ ล่ฤÛ
นþ ลÛ
นþภ ลÛฃ
นþฤ ฯ่ลÛ
นล ฦ่ณÛ
นฅþ ฦ่ต่ัÛ
นฌþ ฦ่ต่ืÛ
นþ ฦ่ตÛ
น ฦ่ทÛ
นรฅþ ฦ่ท่ัÛ
นญ ฦ่ธุ่Û
นู ฦ่ธ่ฝÛ
นþ ฦ่ธÛ
นþ ฦ่บÛ
นþ ฦ่รÛ
นþ ฦ่ลÛ
นþ ฦ่ฦÛ
นþฤ ฯ่ฦ่ศÛ
นþ ฦ่สÛ
นþ ฦ่ฬÛ
นกญ ฦ่อ่ธุ่Û
นกþ ฦ่อÛ
นฅþ ฦ่ัÛ
นจþ ฦ่ิÛ
นชþ ฦ่ีÛ
นฌล ฦ่ื่ณÛ
นฌþ ฦ่ื่ธÛ
นฌþ ฦ่ื่ศÛ
นฌþ ฦ่ื่ฬÛ
นฌฅþ ฦ่ื่ัÛ
นฌจþ ฦ่ื่ิ่ฬ่สÛ
นฌญ ฦ่ืุ่Û
นฌวล ฦ่ื่ณ่ฯÛ
นฌู ฦ่ื่ฝÛ
นฌþ ฦ่ืÛ
นญ ฦุ่Û
นญรรญ ฦุ่่ณุ่Û
นทฯ ฦ่ย่ฯÛ
นทþ ฦ่ยÛ
นธ ฦ่ฤÛ
นอ ฦ่ฤ่ฯÛ
นฯ ฦ่ฯÛ
นฯรÛ ฦ่ฯ่ฟÛ
นื ฦ่ฤ่ิÛ
นู ฦ่ฝÛ
นูรþ ฦ่ฝ่ฦÛ
นู๏ ฦ่ฝ่ฯÛ
นÛ ฦ่ฟÛ
นÛรฅþ ฦ่ฟ่ัÛ
นÛรญ ฦ่ฟุ่Û
นÛ๏ ฦ่ฟ่ฯÛ
นÛ๏รÛย ฦ่ฟ่ฯ่ฟÛก
นÜ ฦÛก
นþ ฦÛ
นþภ ฦÛฃ
นþฤ ฯ่ฦÛ
นþฤย ฯ่ฦÛก
นล ศ่ณÛ
นþ ศ่ฦÛ
นฅþ ศ่ศ่ัÛ
นู ศ่ศ่ฝÛ
นþ ศ่ศÛ
นกþ ศ่อ่ธ่ฦÛ
นกฅูรญ ศ่อ่ั่ฝุ่Û
นกþ ศ่อÛ
นฅกþ ศ่ั่อÛ
นฅþ ศ่ัÛ
นฌþ ศ่ืÛ
นญ ศุ่Û
นทþ ศ่ยÛ
นธ ศ่ฤÛ
นฯ ศ่ฯÛ
นู ศ่ฝÛ
นเฌþ ศุ่่อ่ืÛ
นํฃ ศุ่่ฯÛ
นþ ศÛ
นþฤ ฯ่ศÛ
นþฤฯ ฯ่ศ่ฯÛ
นþ ส่ตÛ
นþ ส่ถÛ
นู ส่บ่ธ่ฝÛ
นþ ส่บÛ
นþ ส่ลÛ
นþ ส่สÛ
นþ ส่ฬÛ
นฅล ส่ั่ณÛ
นฅÜ ส่ัÛก
นฅþ ส่ัÛ
นชþ ส่ีÛ
นฌฯ ส่ื่ธ่ฯÛ
นฌู ส่ื่ฝÛ
นฌþ ส่ืÛ
นทþ ส่ยÛ
นธ ส่ฤÛ
นฯ ส่ฯÛ
นþ สÛ
นþฤ ฯ่สÛ
นþ ห่ฬÛ
นฅþ ห่ัÛ
นธ ห่ฤÛ
นฯ ห่ฯÛ
นþ หÛ
นþฤ  หÛฯ่
นþ ฬ่ฦÛ
นฅþ ฬ่ศ่ัÛ
นู ฬ่ศ่ฝÛ
นูรกกþ ฬ่ศ่ฝ่อ่อÛ
นูรกþ ฬ่ศ่ฝ่อÛ
นþ ฬ่ศÛ
นฅþ ฬ่ส่ัÛ
นฯ ฬ่ส่ฯÛ
นþ ฬ่สÛ
นþ ฬ่หÛ
นþ ฬ่ฬÛ
นฅþ ฬ่ัÛ
นจþ ฬ่ิÛ
นฌู๏ ฬ่ื่ฝ่ฯÛ
นทþ ฬ่ยÛ
นฯ ฬ่ฯÛ
น๛ล ฬ่ษÛ
นý ฬ่ี่ฯÛ
นþ ฬÛ
นþฤ ฯ่ฬÛ
นกþ อ่ธÛ
นกฌล อ่ฦ่ื่ณÛ
นกþฤรþ ฯ่อ่ฦ่ตÛ
นกþ อ่ฬÛ
นกกþ อ่อÛ
นกฌþ อ่ืÛ
นกูฤรญ ฯ่อ่ฝุ่Û
นกþ อÛ
นกþฤ ฯ่อÛ
นฃ ฯÛ
นฃย ฯÛก
นฃรกþฤ ฯ่ฯ่อÛ
นฃฤ ฯ่ฯÛ
นฅล ั่ณÛ
นฅฯ ั่ต่ฯÛ
นฅþ ั่ตÛ
นฅ ั่ทÛ
นฅรฌþ ั่ท่ืÛ
นฅþ ั่ธÛ
นฅþ ั่บÛ
นฅญ ั่ศุ่Û
นฅþ ั่ศÛ
นฅþ ั่สÛ
นฅþ ั่ฬÛ
นฅกฌþ ั่อ่ืÛ
นฅกู ั่อ่ฝÛ
นฅกþ ั่อÛ
นฅฅþ ั่ั่ฦÛ
นฅฅþ ั่ัÛ
นฅจþ ั่ิÛ
นฅชþ ั่ีÛ
นฅฌþ ั่ืÛ
นฅญ ัุ่Û
นฅทþ ั่ยÛ
นฅธ ั่ฤÛ
นฅู ั่ฝÛ
นฅÛ ั่ฟÛ
นฅÛ๏ ั่ฟ่ฯÛ
นฅÜ ัÛก
นฅ๛ล ั่ษÛ
นฅþ ัÛ
นฅþฤ ฯ่ัÛ
นจþ ิ่ลÛ
นจกล ิ่อ่ณÛ
นจกฦทþ ิ่อ่ณ่ยÛ
นจจþ ิ่ิÛ
นจญ ิุ่Û
นจธ ิ่ฤÛ
นจฦล ิ่ณ่ณÛ
นจฯ ิ่ฯÛ
นจþ ิÛ
นจþฤ ฯ่ิÛ
นชล ี่ณÛ
นช ี่นÛ
นชþ ี่ฦÛ
นชþ ี่ศÛ
นชþ ี่ฬÛ
นชกญ ี่อ่ศุ่Û
นชกþ ี่อÛ
นชฅþ ี่ัÛ
นชจþ ี่ิÛ
นชจþฤ ฯ่ี่ิÛ
นชชþ ี่ีÛ
นชซþ ี่ึÛ
นชฌทþ ี่ื่ยÛ
นชญ ีุ่Û
นชทþ ี่ยÛ
นชฦทþ ี่ณ่ยÛ
นชู ี่ฝÛ
นชู๏ ี่ฝ่ฯÛ
นชÜ ีÛก
นชþ ีÛ
นชþภ ีÛฃ
นชþฤ ฯ่ีÛ
นซล ึ่ณÛ
นซþ ึ่ศÛ
นซþ ึ่ฬÛ
นซญย ึุ่Ûก
นซตþ ึ่มÛ
นซทþ ึ่ยÛ
นซวล ึ่ณ่ฯÛ
นซู ึ่ฝÛ
นซู๏ ึ่ฝ่ฯÛ
นซฺ ึ่พÛ
นซþ ึÛ
นซþฤ ฯ่ึÛ
นฌล ื่ณÛ
นฌฯ ื่ธ่ฯÛ
นฌþ ื่ธÛ
นฌþ ื่บÛ
นฌทþ ื่ร่ยÛ
นฌþ ื่รÛ
นฌจþ ื่ฦ่ิÛ
นฌþ ื่ฦÛ
นฌฯ ื่ศ่ฯÛ
นฌเธ ื่ศุ่่อ่ฤÛ
นฌþ ื่ศÛ
นฌþฤ ฯ่ื่ศÛ
นฌþ ื่หÛ
นฌþ ื่ฬÛ
นฌกญ ื่อ่ศุ่Û
นฌกþ ื่อÛ
นฌฅþ ื่ัÛ
นฌจþ ื่ิÛ
นฌฌฌþ ื่ื่ืÛ
นฌฌทþ ื่ื่ยÛ
นฌฌþ ื่ืÛ
นฌญ ืุ่Û
นฌญรู๏ ืุ่่ฝ่ฯÛ
นฌญฤ ฯ่ืุ่Û
นฌฏþ ืุ่่ฬÛ
นฌทฯ ื่ย่ฯÛ
นฌทþ ื่ยÛ
นฌวล ื่ณ่ฯÛ
นฌู ื่ฝÛ
นฌู๏ ื่ฝ่ฯÛ
นฌÛ ื่ฟÛ
นฌ๛ล ื่ษÛ
นฌþ ืÛ
นฌþฤ ฯ่ืÛ
นญ ุÛ
นญภ ุÛฃ
นญรþ ุ่ฦÛ
นญฤ ฯุ่Û
นฏþ ุ่ฬÛ
นตþ ม่ปÛ
นตจþ ม่ิÛ
นตทþ ม่ยÛ
นตู ม่ฝÛ
นตฺ ม่พÛ
นตÛ ม่ฟÛ
นตÛ๏ ม่ฟ่ฯÛ
นตþ มÛ
นตþฤ ฯ่มÛ
นทล ย่ณÛ
นทþ ย่รÛ
นทþ ย่ลÛ
นทþ ย่ฦÛ
นทþ ย่ศÛ
นทþ ย่ฬÛ
นทกþ ย่อÛ
นทฅþ ย่ัÛ
นทจþ ย่ิÛ
นทฌกþ ย่ื่อÛ
นทฌþ ย่ืÛ
นทญ ยุ่Û
นทฯ ย่ฯÛ
นทโþ ย่ณ่ึÛ
นทþ ยÛ
นทþภ ยÛฃ
นทþฤ ฯ่ยÛ
นทþฤฯ ฯ่ย่ฯÛ
นธ ฤÛ
นธรþ ฤ่ธÛ
นธรฅþ ฤ่ศ่ัÛ
นธรกþ ฤ่อÛ
นธรญ ฤุ่Û
นธรู ฤ่ฝÛ
นธฤ ฯ่ฤÛ
นฦล ณ่ณÛ
นฦลฤ ฯ่ณ่ณÛ
นฦþ ณ่ดÛ
นฦþ ณ่ธÛ
นฦþ ณ่บÛ
นฦþ ณ่รÛ
นฦþ ณ่ฦÛ
นฦþ ณ่ฬÛ
นฦฅþ ณ่ัÛ
นฦจþ ณ่ิÛ
นฦชþ ณ่ีÛ
นฦฌþ ณ่ืÛ
นฦฌþฤ ฯ่ณ่ืÛ
นฦทþ ณ่ยÛ
นฦู ณ่ฝÛ
นฦูฤ ฯ่ณ่ฝÛ
นฦู๏ ณ่ฝ่ฯÛ
นวล ณ่ฯÛ
นวลฤ ฯ่ณ่ฯÛ
นอ ฤ่ฯÛ
นะþ ฤ่ฬÛ
นำ ฤ่ฤÛ
นี ฤ่หÛ
นึ ฤ่ลÛ
นึฤ ฯ่ฤ่ลÛ
นื ฤ่ิÛ
นืฤ ฯ่ฤ่ิÛ
นุþ ผ่ธÛ
นุ ผ่นÛ
นุþ ผ่บÛ
นุฯ ผ่ฯÛ
นุþ ผÛ
นู ฝÛ
นูย ฝÛก
นูรญ ฝ่ธุ่Û
นูรกþ ฝ่อ่ศÛ
นูรฅþ ฝ่ัÛ
นูรฅþฤย ฯ่ฝ่ัÛก
นูรจþ ฝ่ิÛ
นูรชþ ฝ่ีÛ
นูรฌล ฝ่ื่ณÛ
นูรฌþ ฝ่ืÛ
นูรญ ฝุ่Û
นูรญฤ ฯ่ฝุ่Û
นูรทþ ฝ่ยÛ
นูรู ฝ่ฝÛ
นูรู๏ ฝ่ฝ่ฯÛ
นูรฺ ฝ่พÛ
นูฤ ฯ่ฝÛ
นูฤ๏ ฯ่ฝ่ฯÛ
นู๏ ฝ่ฯÛ
นู๏รกþ ฝ่ฯ่อÛ
นฺ พÛ
นฺรกþ พ่อ่ศÛ
นฺรกÛ พ่อ่ฟÛ
นฺรญ พุ่Û
นฺรู พ่ฝÛ
นฺรฺ พ่พÛ
นฺ๏ พ่ฯÛ
นÛ ฟÛ
นÛย ฟÛก
นÛรþ ฟ่ตÛ
นÛรþ ฟ่ฬÛ
นÛรกþ ฟ่อ่ฦÛ
นÛรฅþ ฟ่ัÛ
นÛรจþ ฟ่ิÛ
นÛรญ ฟุ่Û
นÛรทþ ฟ่ยÛ
นÛรÛ ฟ่ฟÛ
นÛฤ ฯ่ฟÛ
นÛฤย ฯ่ฟÛก
นÛ๏ ฟ่ฯÛ
นÞþ ุ่ิÛ
นเþฤรÛ๏ ฯุ่่อ่ฟ่ฯÛ
นโþ ณ่ึ่ฬÛ
นโþ ณ่ึÛ
นไþ ี่ธÛ
นํฃ ุ่ฯÛ
น๎þ ย่ยÛ
น๎þรจþ ย่ย่ิÛ
น๎þรทþ ย่ย่ยÛ
น๎þฤ ฯ่ย่ยÛ
น๕ Û้
น๛รกþ ษ่อ่ธ่ฦÛ
น๛รฃ ษ่ฯÛ
น๛รฃย ษ่ฯÛก
น๛รฅþ ษ่ัÛ
น๛รญ ษุ่Û
น๛รญรกฌþ ษุ่่อ่ืÛ
น๛รู ษ่ฝÛ
น๛ล ษÛ
น๛ลฤ ฯ่ษÛ
นý ี่ฯÛ
บ Ý
ป Þ
ผ ฿
ผ๕ ฿้
ฝ แ
พ โ
ฟ ข
ภ ฃ
ม ใ
ร ่
ฤ ฯ่
ฦ ณ่
ฦบล ณ่ณÝ
ฦปล ณ่ณÞ
ฦฝล ณ่ณแ
ฦฝลฟ ณ่ณแข
ฦล ณ่ณ
ฦล๕๚ ณ่ณ้Ü
ฦล๕þ ณ่ณฺ้
ฦล๚ ณ่ณÜ
ฦลþ ณ่ณฺ
ฦลþฝ ณ่ณๅ
ฦลþม ณ่ณ็
ฦลþส ณ่ณๅข
ฦกþþ ณ่ด่อฺ
ฦþ ณ่ด
ฦþฝ ณ่ดแ
ฦþฟ ณ่ดข
ฦþส ณ่ดแข
ฦþฮ ณ่ดๆข
ฦþ๚ ณ่ดÜ
ฦþþ ณ่ดฺ
ฦþþฝ ณ่ดๅ
ฦþþม ณ่ด็
ฦþþส ณ่ดๅข
ฦþฝ ณ่ตแ
ฦþร ณ่ต่
ฦฝ ณ่ทแ
ฦþ ณ่ทฺ
ฦþฝ ณ่ธ่ธแ
ฦþ๚ ณ่ธ่ธÜ
ฦþþ ณ่ธ่ธฺ
ฦþ ณ่ธ
ฦþบ ณ่ธÝ
ฦþฝ ณ่ธแ
ฦþþ ณ่ธฺ
ฦ ณ่น
ฦþ ณ่บ
ฦþฝ ณ่บแ
ฦþพ ณ่บโ
ฦþส ณ่บแข
ฦþ๕๚ ณ่บ้Ü
ฦþ๚ ณ่บÜ
ฦþþ ณ่บฺ
ฦกþ ณ่ฦ่อ
ฦþ ณ่ฦ
ฦþบ ณ่ฦÝ
ฦþฝ ณ่ฦแ
ฦþ๙ ณ่ฦๆ
ฦþ๚ ณ่ฦÜ
ฦþþ ณ่ฦฺ
ฦþþฝ ณ่ฦๅ
ฦþþม ณ่ฦ็
ฦþþส ณ่ฦๅข
ฦฯ ณ่ศ่ฯ
ฦþ ณ่ศ
ฦþþ ณ่ศฺ
ฦþ ณ่ส
ฦþป ณ่สÞ
ฦþฝ ณ่สแ
ฦกþป ณ่ฬ่ศ่อÞ
ฦþ ณ่ฬ
ฦþฤ ฯ่ณ่ฬ
ฦþส ณ่ฬแข
ฦþþ ณ่ฬฺ
ฦþþฝ ณ่ฬๅ
ฦกþ ณ่อ
ฦกþบ ณ่อÝ
ฦกþป ณ่อÞ
ฦกþปฟ ณ่อÞข
ฦกþปย ณ่อÞก
ฦกþปฤ ฯ่ณ่อÞ
ฦกþฝ ณ่อแ
ฦกþพ ณ่อโ
ฦกþฟ ณ่อข
ฦกþฤ ฯ่ณ่อ
ฦกþÜ ณ่อฺก
ฦกþ๚ ณ่อÜ
ฦกþþ ณ่อฺ
ฦกþþฝ ณ่อๅ
ฦกþþฟ ณ่อฺข
ฦกþþส ณ่อๅข
ฦฅþ ณ่ั่ธ
ฦฅกþร ณ่ั่อ่
ฦฅกþþ ณ่ั่อฺ
ฦฅþ ณ่ั
ฦฅþบ ณ่ัÝ
ฦฅþป ณ่ัÞ
ฦฅþฝ ณ่ัแ
ฦฅþพ ณ่ัโ
ฦฅþพฟ ณ่ัโข
ฦฅþส ณ่ัแข
ฦฅþÜ ณ่ัฺก
ฦฅþ๙ ณ่ัๆ
ฦฅþ๚ ณ่ัÜ
ฦฅþþ ณ่ัฺ
ฦฅþþฝ ณ่ัๅ
ฦฅþþฟ ณ่ัฺข
ฦฅþþม ณ่ั็
ฦจกþ ณ่ิ่อ
ฦจþ ณ่ิ
ฦจþฝ ณ่ิแ
ฦจþพ ณ่ิโ
ฦจþพฟ ณ่ิโข
ฦจþฟ ณ่ิข
ฦจþส ณ่ิแข
ฦจþÜ ณ่ิฺก
ฦจþ์ ณ่ิÜข
ฦจþ๚ ณ่ิÜ
ฦจþþ ณ่ิฺ
ฦจþþฝ ณ่ิๅ
ฦจþþฟ ณ่ิฺข
ฦชþ ณ่ี
ฦชþป ณ่ีÞ
ฦชþฝ ณ่ีแ
ฦชþฟ ณ่ีข
ฦชþส ณ่ีแข
ฦชþ๚ ณ่ีÜ
ฦชþþ ณ่ีฺ
ฦชþþส ณ่ีๅข
ฦฌญร ณ่ื่ธุ่่
ฦฌฯฝ ณ่ื่ศ่ฯแ
ฦฌกþป ณ่ื่อÞ
ฦฌจþ ณ่ื่ิ
ฦฌจþฝ ณ่ื่ิแ
ฦฌญ ณ่ืุ่
ฦฌทþป ณ่ื่ยÞ
ฦฌฯบ ณ่ื่ฯÝ
ฦฌู ณ่ื่ฝ
ฦฌูฝ ณ่ื่ฝแ
ฦฌูส ณ่ื่ฝแข
ฦฌู๏๚ ณ่ื่ฝ่ฯÜ
ฦฌู๏þ ณ่ื่ฝ่ฯฺ
ฦฌÛ ณ่ื่ฟ
ฦฌþ ณ่ื
ฦฌþบ ณ่ืÝ
ฦฌþป ณ่ืÞ
ฦฌþฝ ณ่ืแ
ฦฌþพ ณ่ืโ
ฦฌþร ณ่ื่
ฦฌþฤ ฯ่ณ่ื
ฦฌþฤร ฯ่ณ่ื่
ฦฌþฤรญþฝ ฯ่ณ่ืุ่ๅ
ฦฌþ๙ ณ่ืๆ
ฦฌþ๚ ณ่ืÜ
ฦฌþþ ณ่ืฺ
ฦฌþþฝ ณ่ืๅ
ฦฌþþส ณ่ืๅข
ฦญ ณุ่
ฦญร ณุ่่
ฦญรฅþ ณุ่่ั
ฦทจþ ณ่ย่ิ
ฦทþ ณ่ย
ฦทþบ ณ่ยÝ
ฦทþป ณ่ยÞ
ฦทþผ ณ่ย฿
ฦทþฝ ณ่ยแ
ฦทþพ ณ่ยโ
ฦทþฟ ณ่ยข
ฦทþร ณ่ย่
ฦทþฤ ฯ่ณ่ย
ฦทþ๚ ณ่ยÜ
ฦทþ๚ภ ณ่ยÜฃ
ฦทþþ ณ่ยฺ
ฦทþþฝ ณ่ยๅ
ฦทþþส ณ่ยๅข
ฦธ ณ่ฤ
ฦธþฝ ณ่ฤๅ
ฦฦ ณ่ณ่
ฦู ณ่ฝ
ฦูบ ณ่ฝÝ
ฦูป ณ่ฝÞ
ฦูฝ ณ่ฝแ
ฦูรþ ณ่ฝ่ฬ
ฦูรฌþ ณ่ฝ่ื
ฦูรฺฝ ณ่ฝ่พแ
ฦูรฺ๚ ณ่ฝ่พÜ
ฦูรฺþ ณ่ฝ่พฺ
ฦู๏ ณ่ฝ่ฯ
ฦู๏ฝ ณ่ฝ่ฯแ
ฦู๏พ ณ่ฝ่ฯโ
ฦู๏๙ ณ่ฝ่ฯๆ
ฦู๏๚ ณ่ฝ่ฯÜ
ฦู๏þ ณ่ฝ่ฯฺ
ฦู๏þฝ ณ่ฝ่ฯๅ
ฦู๏þฟ ณ่ฝ่ฯฺข
ฦู๏þม ณ่ฝ่ฯ็
ฦู๚ ณ่ฝÜ
ฦูþ ณ่ฝฺ
ฦูþฝ ณ่ฝๅ
ฦูþส ณ่ฝๅข
ฦฺรูฝ ณ่พ่ฝแ
ฦฺรฺþ ณ่พ่พฺ
ฦฺþ ณ่พฺ
ฦÛ ณ่ฟ
ฦÛ๕ ณ่ฟ้
ฦÛ๕þ ณ่ฟฺ้
ฦÛþ ณ่ฟฺ
ฦÛþฝ ณ่ฟๅ
ฦ๛ล ณ่ษ
ฦ๛ล๕ฝ ณ่ษ้แ
ฦ๛ลþ ณ่ษฺ
ว ว
วน วÛ
วล ณ่ฯ
วลบ ณ่ฯÝ
วลป ณ่ฯÞ
วลผ ณ่ฯ฿
วลฝ ณ่ฯแ
วลพ ณ่ฯโ
วลฟ ณ่ฯข
วลฮ ณ่ฯๆข
วลÜ ณ่ฯฺก
วล๙ ณ่ฯๆ
วล๚ ณ่ฯÜ
วลþ ณ่ฯฺ
วลþฝ ณ่ฯๅ
วลþฟ ณ่ฯฺข
วลþม ณ่ฯ็
วลþส ณ่ฯๅข
อ ฤ่ฯ
อบ ฤ่ฯÝ
อป ฤ่ฯÞ
อฝ ฤ่ฯแ
อฟ ฤ่ฯข
อฤ ฯ่ฤ่ฯ
อ๙ ฤ่ฯๆ
อ๚ ฤ่ฯÜ
อþ ฤ่ฯฺ
อþฝ ฤ่ฯๅ
อþฟ ฤ่ฯฺข
อþฤ ฯ่ฤ่ฯฺ
อþส ฤ่ฯๅข
ฮ ฮ
ฮฝ ฮแ
ฮเย ฮเก
ฮþ ฮฺ
ะ ะ
ะบ ะÝ
ะฝ ะแ
ะรฅþ๚ ะ่ัÜ
ะ๚ ะÜ
ะþ ฤ่ฬ
ะþฝ ฤ่ฬแ
ะþส ฤ่ฬแข
ะþþ ฤ่ฬฺ
ับ ฤ่สÝ
ัฝ ฤ่สแ
ัþ ฤ่สฺ
ัþฝ ฤ่สๅ
า ฤ่ต
าบ ฤ่ตÝ
าผ ฤ่ต฿
าร ฤ่ต่
า๚ ฤ่ตÜ
าþ ฤ่ตฺ
าþฝ ฤ่ตๅ
ำ ฤ่ฤ
ำบ ฤ่ฤÝ
ำป ฤ่ฤÞ
ำผ ฤ่ฤ฿
ำฝ ฤ่ฤแ
ำฟ ฤ่ฤข
ำร ฤ่ฤ่
ำรþ๚ ำ่รÜ
ำรธร ฤ่ฤ่ฤ่
ำฤ ฯ่ฤ่ฤ
ำส ฤ่ฤแข
ำ๙ ฤ่ฤๆ
ำ๚ ฤ่ฤÜ
ำþ ฤ่ฤฺ
ำþฝ ฤ่ฤๅ
ำþส ฤ่ฤๅข
ำþ๔ ฯ่ฤ่ฤฺข
ี ฤ่ห
ีบ ฤ่หÝ
ีป ฤ่หÞ
ีฝ ฤ่หแ
ีþ ฤ่หฺ
ึ ฤ่ล
ึบ ฤ่ลÝ
ึป ฤ่ลÞ
ึผ ฤ่ล฿
ึฝ ฤ่ลแ
ึพ ฤ่ลโ
ึฟ ฤ่ลข
ึร ฤ่ล่
ึฤ ฯ่ฤ่ล
ึÜ ฤ่ลฺก
ึ๙ ฤ่ลๆ
ึ๚ ฤ่ลÜ
ึþ ฤ่ลฺ
ึþฝ ฤ่ลๅ
ึþฟ ฤ่ลฺข
ึþฤ ฯ่ฤ่ลฺ
ึþฤส ฯ่ฤ่ลๅข
ึþส ฤ่ลๅข
ึþ๔ ฯ่ฤ่ลฺข
ื ฤ่ิ
ืป ฤ่ิÞ
ืผ ฤ่ิ฿
ืฝ ฤ่ิแ
ืพ ฤ่ิโ
ืฟ ฤ่ิข
ืฟฤ ฯ่ฤ่ิข
ืร ฤ่ิ่
ืฤ ฯ่ฤ่ิ
ื๙ ฤ่ิๆ
ื๚ ฤ่ิÜ
ืþ ฤ่ิฺ
ืþฝ ฤ่ิๅ
ืþฟ ฤ่ิฺข
ืþส ฤ่ิๅข
ุกþþฟ ผ่ธ่อฺข
ุþ ผ่ธ
ุþฝ ผ่ธแ
ุþ๚ ผ่ธÜ
ุþþ ผ่ธฺ
ุþ ผ่นฺ
ุþ ผ่บ
ุþบ ผ่บÝ
ุþ๚ ผ่บÜ
ุþþ ผ่บฺ
ุþþส ผ่บๅข
ุกþฟ ผ่อข
ุกþþฝ ผ่อๅ
ุฅþ ผ่ั
ุฅþบ ผ่ัÝ
ุฅþฝ ผ่ัแ
ุฅþþฝ ผ่ัๅ
ุจþ ผ่ิ
ุทþ ผ่ย
ุฯ ผ่ฯ
ุฯฝ ผ่ฯแ
ุฯþฝ ผ่ฯๅ
ุุþþ ผ่ผฺ
ุþ ผ
ุþบ ผÝ
ุþฝ ผแ
ุþพ ผโ
ุþม ผใ
ุþร ผ่
ุþ๕ ผ้
ุþ๚ ผÜ
ุþþ ผฺ
ุþþฝ ผๅ
ุþþส ผๅข
ู ฝ
ูบ ฝÝ
ูบฟ ฝÝข
ูบฤ ฯ่ฝÝ
ูป ฝÞ
ูปฟ ฝÞข
ูปย ฝÞก
ูปฤ ฯ่ฝÞ
ูฝ ฝแ
ูฝฤ ฯ่ฝแ
ูฝ๔ ฯ่ฝแข
ูพ ฝโ
ูพฟ ฝโข
ูฟ ฝข
ูภ ฝฃ
ูม ฝใ
ูย ฝก
ูร ฝ่
ูรฝล ฝ่ณแ
ูรล ฝ่ณ
ูรลþ ฝ่ณฺ
ูรลþฝ ฝ่ณๅ
ูรþ ฝ่ด
ูรþ ฝ่ต
ูรþฤ ฯ่ฝ่ต
ูรþþฝ ฝ่ตๅ
ูรร ฝ่ท่
ูรญฝ ฝ่ธุ่แ
ูรญร ฝ่ธุ่่
ูรþ ฝ่ธ
ูรþ ฝ่บ
ูรþฝ ฝ่บแ
ูรþฤ ฯ่ฝ่บ
ูรþ๕ ฝ่บ้
ูรþþฤ ฯ่ฝ่บฺ
ูรþ ฝ่ฦ
ูรþฝ ฝ่ฦแ
ูรþฝฤ ฯ่ฝ่ฦแ
ูรþ ฝ่ศ
ูรþþ ฝ่ศฺ
ูรþ ฝ่ฬ่ส
ูรฌþ ฝ่ฬ่ื
ูรþ ฝ่ฬ
ูรþบ ฝ่ฬÝ
ูรþฝ ฝ่ฬแ
ูรþฝฤ ฯ่ฝ่ฬแ
ูรþพ ฝ่ฬโ
ูรþþฝ ฝ่ฬๅ
ูรกþร ฝ่อ่ฦ่
ูรกþฝ ฝ่อ่ศแ
ูรกþþฝ ฝ่อ่ฬๅ
ูรกþ ฝ่อ
ูรกþบ ฝ่อÝ
ูรกþป ฝ่อÞ
ูรกþปฟ ฝ่อÞข
ูรกþร ฝ่อ่
ูรกþฤร ฯ่ฝ่อ่
ูรกþþ ฝ่อฺ
ูรกþþฝ ฝ่อๅ
ูรกþþส ฝ่อๅข
ูรฅþ ฝ่ั
ูรฅþฝ ฝ่ัแ
ูรจþ ฝ่ิ
ูรจþ๚ ฝ่ิÜ
ูรชþ ฝ่ี
ูรฌล๚ ฝ่ื่ณÜ
ูรฌþ ฝ่ื
ูรฌþบ ฝ่ืÝ
ูรฌþฝ ฝ่ืแ
ูรฌþร ฝ่ื่
ูรฌþฤ ฯ่ฝ่ื
ูรฌþฤร ฯ่ฝ่ื่
ูรฌþþ ฝ่ืฺ
ูรฌþþฝ ฝ่ืๅ
ูรญ ฝุ่
ูรญฝ ฝุ่แ
ูรญฝฤ ฯ่ฝุ่แ
ูรญร ฝุ่่
ูรญรบ ฝุ่่ทÝ
ูรญรþþฝ ฝุ่่ฦๅ
ูรญรþ ฝุ่่ฬ
ูรญรþฝ ฝุ่่ฬแ
ูรญรกþร ฝุ่่อ่
ูรญรฃฝ ฝุ่่ฯแ
ูรญรฃþฝ ฝุ่่ฯๅ
ูรญรÛ๏ ฝุ่่ฟ่ฯ
ูรญฤ ฯ่ฝุ่
ูรญฤร ฯ่ฝุ่่
ูรญฤรฃþฝ ฯ่ฝุ่่ฯๅ
ูรญþ ฝฺุ่
ูรญþฝ ฝุ่ๅ
ูรญþฤฝ ฯ่ฝุ่ๅ
ูรทþ ฝ่ย
ูรทþฝ ฝ่ยแ
ูรทþþฝ ฝ่ยๅ
ูรธ ฝ่ฤ
ูรู ฝ่ฝ
ูรูบ ฝ่ฝÝ
ูรูป ฝ่ฝÞ
ูรูฝ ฝ่ฝแ
ูรูฟ ฝ่ฝข
ูรูร ฝ่ฝ่
ูรูรกþร ฝ่ฝ่อ่
ูรูรฅþฝ ฝ่ฝ่ัแ
ูรูรตþ ฝ่ฝ่ม
ูรู์ ฝ่ฝÜข
ูรู๏ ฝ่ฝ่ฯ
ูรู๚ ฝ่ฝÜ
ูรูþ ฝ่ฝฺ
ูรูþฝ ฝ่ฝๅ
ูรูþส ฝ่ฝๅข
ูรฺ ฝ่พ
ูรฺบ ฝ่พÝ
ูรฺป ฝ่พÞ
ูรฺฝ ฝ่พแ
ูรฺ๚ ฝ่พÜ
ูรฺþ ฝ่พฺ
ูรฺþส ฝ่พๅข
ูรÛร ฝ่ฟ่
ูรÛþฝ ฝ่ฟๅ
ูร๛ล ฝ่ษ
ูฤ ฯ่ฝ
ูฤร ฯ่ฝ่
ูฤ๏ฝ ฯ่ฝ่ฯแ
ูฤ๏þฝ ฯ่ฝ่ฯๅ
ูส ฝแข
ูÜ ฝฺก
ู์ ฝÜข
ู๏ ฝ่ฯ
ู๏บ ฝ่ฯÝ
ู๏ป ฝ่ฯÞ
ู๏ฝ ฝ่ฯแ
ู๏พ ฝ่ฯโ
ู๏พฟ ฝ่ฯโข
ู๏ฟ ฝ่ฯข
ู๏รกþร ฝ่ฯ่อ่
ู๏รฌþ ฝ่ฯ่ื
ู๏ส ฝ่ฯแข
ู๏Ü ฝ่ฯฺก
ู๏๙ ฝ่ฯๆ
ู๏๚ ฝ่ฯÜ
ู๏þ ฝ่ฯฺ
ู๏þฝ ฝ่ฯๅ
ู๏þฟ ฝ่ฯฺข
ู๏þม ฝ่ฯ็
ู๙ ฝๆ
ู๚ ฝÜ
ู๚ฤ ฯ่ฝÜ
ูþ ฝฺ
ูþฝ ฝๅ
ูþฝย ฝๅก
ูþฟ ฝฺข
ูþม ฝ็
ูþฤ ฯ่ฝฺ
ูþฤฝ ฯ่ฝๅ
ูþฤส ฯ่ฝๅข
ูþส ฝๅข
ฺ พ
ฺบ พÝ
ฺป พÞ
ฺปฟ พÞข
ฺปย พÞก
ฺฝ พแ
ฺพ พโ
ฺพฟ พโข
ฺฟ พข
ฺม พใ
ฺร พ่
ฺรรฃ พ่ณ่ฯ
ฺรล พ่ณ
ฺรþ พ่ฦ
ฺรþร พ่ห่
ฺรกญþฝ พ่อ่ธุ่ๅ
ฺรกþฝ พ่อ่ศแ
ฺรกฯ พ่อ่ฯ
ฺรกþ พ่อ
ฺรกþÜ พ่อฺก
ฺรกþþ พ่อฺ
ฺรกþþฟ พ่อฺข
ฺรกþþส พ่อๅข
ฺรชþร พ่ี่
ฺรซþร พ่ึ่
ฺรซþ๚ พ่ึÜ
ฺรซþþ พ่ึฺ
ฺรญ พุ่
ฺรญฝ พุ่แ
ฺรญร พุ่่
ฺรญรกฯþฝ พุ่่อ่ฯๅ
ฺรญþฝ พุ่ๅ
ฺรทþþฝ พ่ยๅ
ฺรธรูร พ่ฤ่ฝ่
ฺรู พ่ฝ
ฺรู๚ พ่ฝÜ
ฺรูþ พ่ฝฺ
ฺรฺ พ่พ
ฺรฺฝ พ่พแ
ฺรฺพ พ่พโ
ฺรฺ๚ พ่พÜ
ฺรฺþ พ่พฺ
ฺรฺþฝ พ่พๅ
ฺรฺþส พ่พๅข
ฺร๛ร พ่ษ่
ฺส พแข
ฺÜ พฺก
ฺ์ พÜข
ฺ๏ พ่ฯ
ฺ๏บ พ่ฯÝ
ฺ๏ฝ พ่ฯแ
ฺ๏ร พ่ฯ่
ฺ๏þ พ่ฯฺ
ฺ๏þฝ พ่ฯๅ
ฺ๙ พๆ
ฺ๚ พÜ
ฺþ พฺ
ฺþฝ พๅ
ฺþฟ พฺข
ฺþส พๅข
Û ฟ
Ûบ ฟÝ
Ûบฟ ฟÝข
Ûบฤ ฯ่ฟÝ
Ûป ฟÞ
Ûปฟ ฟÞข
Ûปย ฟÞก
Ûปฤ ฯ่ฟÞ
Ûผ ฟ฿
Ûฝ ฟแ
Ûฝฤ ฯ่ฟแ
Ûพ ฟโ
Ûพฟ ฟโข
Ûฟ ฟข
Ûย ฟก
Ûร ฟ่
Ûร ฟ่ภ
Ûรฝ ฟ่ภแ
Ûร๕ฝ ฟ่ภ้แ
Ûร๕๚ ฟ่ภ้Ü
Ûร๕þ ฟ่ภฺ้
Ûร๕þส ฟ่ภ้ๅข
Ûร๚ ฟ่ภÜ
Ûรþ ฟ่ภฺ
Ûรþส ฟ่ภๅข
Ûรฝล ฟ่ณแ
Ûรล ฟ่ณ
Ûรลþฝ ฟ่ณๅ
Ûรฌþร ฟ่ต่ธ่ื่
Ûรทþ ฟ่ต่ย
Ûรþ ฟ่ต
Ûรþฝ ฟ่ตแ
Ûรþ๚ ฟ่ตÜ
Ûรþþส ฟ่ตๅข
Ûรþ ฟ่ถ
Ûรþ ฟ่ธ
Ûรกþป ฟ่บ่อÞ
Ûรþ ฟ่บ
Ûรþบ ฟ่บÝ
Ûรþฝ ฟ่บแ
Ûรกþร ฟ่ฦ่อ่
Ûรทþฟ ฟ่ฦ่ยข
ÛรÛ๏þฝ ฟ่ฦ่ฟ่ฯๅ
Ûรþฝ ฟ่ฦแ
Ûรþฝฤ ฯ่ฟ่ฦแ
Ûรþ๚ ฟ่ฦÜ
Ûรþþ ฟ่ฦฺ
Ûรฯ ฟ่ศ่ฯ
Ûรþ๚ ฟ่ส่สÜ
Ûรฅกþป ฟ่ส่ั่อÞ
Ûรþ ฟ่ส
Ûรþ ฟ่ฬ
Ûรþþฝ ฟ่ฬๅ
Ûรกþ ฟ่อ่ฦ
Ûรกฌþþฝ ฟ่อ่ื่ศ่ฦๅ
Ûรกฌþฝ ฟ่อ่ื่ฬแ
Ûรกþ ฟ่อ
Ûรกþบ ฟ่อÝ
Ûรกþป ฟ่อÞ
Ûรกþฝ ฟ่อแ
Ûรกþฟ ฟ่อข
Ûรกþร ฟ่อ่
Ûรกþ๙ ฟ่อๆ
Ûรกþþ ฟ่อฺ
Ûรกþþฝ ฟ่อๅ
Ûรกþþฟ ฟ่อฺข
Ûรกþþส ฟ่อๅข
Ûรฅกþร ฟ่ั่อ่
Ûรฅืþ ฟ่ั่ฤ่ิฺ
Ûรฅþ ฟ่ั
Ûรฅþฝ ฟ่ัแ
Ûรฅþฤรกþร ฯ่ฟ่ั่อ่
Ûรจþ ฟ่ิ
Ûรจþฝ ฟ่ิแ
Ûรจþ๚ ฟ่ิÜ
Ûรจþþ ฟ่ิฺ
Ûรชþ ฟ่ี
Ûรซþþฝ ฟ่ึๅ
Ûรฌูþฝ ฟ่ื่ฝๅ
Ûรฌþ ฟ่ื
Ûรฌþร ฟ่ื่
Ûรฌþฤ ฯ่ฟ่ื
Ûรฌþฤร ฯ่ฟ่ื่
Ûรญ ฟุ่
Ûรญบ ฟุ่Ý
Ûรญฝ ฟุ่แ
Ûรญร ฟุ่่
Ûรญรกþ ฟุ่่อ
Ûรตþ ฟ่ม
Ûรทþ ฟ่ย
Ûรูฝ ฟ่ฝแ
Ûรูþฝ ฟ่ฝๅ
ÛรÛ ฟ่ฟ
ÛรÛบ ฟ่ฟÝ
ÛรÛป ฟ่ฟÞ
ÛรÛฝ ฟ่ฟแ
ÛรÛรกþร ฟ่ฟ่อ่
ÛรÛรฅþฝ ฟ่ฟ่ัแ
ÛรÛรฌþร ฟ่ฟ่ื่
ÛรÛรÛรฅþฝ ฟ่ฟ่ฟ่ัแ
ÛรÛ๏ฝ ฟ่ฟ่ฯแ
ÛรÛ๕๚ ฟ่ฟ้Ü
ÛรÛ๕þส ฟ่ฟ้ๅข
ÛรÛ๚ ฟ่ฟÜ
ÛรÛþ ฟ่ฟฺ
ÛรÛþฝ ฟ่ฟๅ
ÛรÛþส ฟ่ฟๅข
Ûร๛พล ฟ่ษโ
Ûฤ ฯ่ฟ
Ûฤร ฯ่ฟ่
Ûฤ๏ ฯ่ฟ่ฯ
Ûฤ๕ ฯ่ฟ้
Ûฤ๕ฝ ฯ่ฟ้แ
Ûฤ๕þฝ ฯ่ฟ้ๅ
Ûส ฟแข
Ûฮ ฟๆข
ÛÜ ฟฺก
Û์ ฟÜข
Û๏ ฟ่ฯ
Û๏บ ฟ่ฯÝ
Û๏ป ฟ่ฯÞ
Û๏ฝ ฟ่ฯแ
Û๏พ ฟ่ฯโ
Û๏ฟ ฟ่ฯข
Û๏รกþร ฟ่ฯ่อ่
Û๏ส ฟ่ฯแข
Û๏์ ฟ่ฯÜข
Û๏๙ ฟ่ฯๆ
Û๏๚ ฟ่ฯÜ
Û๏þ ฟ่ฯฺ
Û๏þฝ ฟ่ฯๅ
Û๏þฟ ฟ่ฯฺข
Û๏þม ฟ่ฯ็
Û๏þส ฟ่ฯๅข
Û๕ ฟ้
Û๕น ฟ้Û
Û๕บ ฟ้Ý
Û๕ป ฟ้Þ
Û๕ปฟ ฟ้Þข
Û๕ปย ฟ้Þก
Û๕ฝ ฟ้แ
Û๕พ ฟ้โ
Û๕พฟ ฟ้โข
Û๕ฟ ฟ้ข
Û๕ร ฟ้่
Û๕ร๕ฝ ฟ้่ภ้แ
Û๕รล ฟ้่ณ
Û๕รþ ฟ้่ต
Û๕รþþ ฟ้่ตฺ
Û๕รþ ฟ้่ฬ
Û๕รทþบ ฟ้่ยÝ
Û๕รนÛ ฟ้่ฟÛ
Û๕รÛฝ ฟ้่ฟแ
Û๕รÛ๚ ฟ้่ฟÜ
Û๕รÛþ ฟ้่ฟฺ
Û๕ส ฟ้แข
Û๕ฮ ฟ้ๆข
Û๕Ü ฟฺ้ก
Û๕์ ฟ้Üข
Û๕๙ ฟ้ๆ
Û๕๚ ฟ้Ü
Û๕þ ฟฺ้
Û๕þฝ ฟ้ๅ
Û๕þฟ ฟฺ้ข
Û๕þส ฟ้ๅข
Û๙ ฟๆ
Û๚ ฟÜ
Û๚ฤ ฯ่ฟÜ
Ûþ ฟฺ
Ûþฝ ฟๅ
Ûþฝย ฟๅก
Ûþฟ ฟฺข
Ûþม ฟ็
Ûþมฟ ฟ็ข
Ûþฤ ฯ่ฟฺ
Ûþฤฝ ฯ่ฟๅ
Ûþฤส ฯ่ฟๅข
Ûþส ฟๅข
Þþ ุ่ิ
Þþฝ ุ่ิแ
Þþพ ุ่ิโ
Þþ๚ ุ่ิÜ
Þþþ ุ่ิฺ
เþฝ ุ่อ่ศแ
เþþฝ ุ่อ่ศๅ
เฌþ ุ่อ่ื
เÛ๏ ุ่อ่ฟ่ฯ
เþ ุ่อ
เþบ ุ่อÝ
เþป ุ่อÞ
เþþ ุ่อฺ
เþþฟ ุ่อฺข
แ ุ฿
โล ณ่ึ่ณ
โþþ ณ่ึ่สฺ
โþ ณ่ึ่ฬ
โþ๚ ณ่ึ่ฬÜ
โþþ ณ่ึ่ฬฺ
โกþ ณ่ึ่อ
โกþþ ณ่ึ่อฺ
โกþþฝ ณ่ึ่อๅ
โกþþส ณ่ึ่อๅข
โจþþ ณ่ึ่ิฺ
โตþ ณ่ึ่ม
โตþพ ณ่ึ่มโ
โตþฟ ณ่ึ่มข
โตþþ ณ่ึ่มฺ
โตþþส ณ่ึ่มๅข
โทฯ ณ่ึ่ย่ฯ
โโþ ณ่ึ่ณ่ึ
โþ ณ่ึ
โþบ ณ่ึÝ
โþบฟ ณ่ึÝข
โþป ณ่ึÞ
โþผ ณ่ึ฿
โþฝ ณ่ึแ
โþฝฤ ฯ่ณ่ึแ
โþพ ณ่ึโ
โþฟ ณ่ึข
โþร ณ่ึ่
โþฤ ฯ่ณ่ึ
โþฤรกþ ฯ่ณ่ึ่อ
โþฤรกþþฝ ฯ่ณ่ึ่อๅ
โþส ณ่ึแข
โþ๙ ณ่ึๆ
โþ๚ ณ่ึÜ
โþþ ณ่ึฺ
โþþฝ ณ่ึๅ
โþþฟ ณ่ึฺข
โþþส ณ่ึๅข
ไฅþฝ ี่ธ่ัแ
ไญบ ี่ธุ่Ý
ไญฝ ี่ธุ่แ
ไญรทþ ี่ธุ่่ย
ไญþฝ ี่ธุ่ๅ
ไþ ี่ธ
ไþบ ี่ธÝ
ไþฝ ี่ธแ
ไþพ ี่ธโ
ไþฟ ี่ธข
ไþร ี่ธ่
ไþฯ ี่ธ่ฯ
ไþþ ี่ธฺ
ไþþฝ ี่ธๅ
๊ ๊
๊๕ ๊้
๋ ภÛข
๋ล ณÛข
๋ลฤ ฯ่ณÛข
๋þ ดÛข
๋þ ต่ฦÛข
๋ฅþ ต่ัÛข
๋þ ตÛข
๋þ ธÛข
๋þฤ ฯ่ธÛข
๋ นÛข
๋þ บÛข
๋þฤ ฯ่บÛข
๋þ ปÛข
๋þ รÛข
๋þ ลÛข
๋þ ฦ่ธÛข
๋ฌþ ฦ่ืÛข
๋ู ฦ่ฝÛข
๋Û ฦ่ฟÛข
๋þ ฦÛข
๋þฤ ฯ่ฦÛข
๋ฯ ศ่ฯÛข
๋þ ศÛข
๋þ สÛข
๋þ หÛข
๋þ ฬ่ศÛข
๋þ ฬ่สÛข
๋þ ฬÛข
๋þฤ ฯ่ฬÛข
๋กþ อÛข
๋ฃ ฯÛข
๋ฃฤ ฯ่ฯÛข
๋ฅþ ั่ศÛข
๋ฅþ ั่ฬÛข
๋ฅฅþ ั่ัÛข
๋ฅจþ ั่ิÛข
๋ฅู ั่ฝÛข
๋ฅÛ ั่ฟÛข
๋ฅþ ัÛข
๋ฅþฤ ฯ่ัÛข
๋จþ ิÛข
๋จþฤ ฯ่ิÛข
๋ชþ ีÛข
๋ซþ ึÛข
๋ฌฯ ื่ศ่ฯÛข
๋ฌþ ื่ศÛข
๋ฌจþ ื่ิÛข
๋ฌทþ ื่ยÛข
๋ฌู ื่ฝÛข
๋ฌþ ืÛข
๋ฌþฤ ฯ่ืÛข
๋ญ ุÛข
๋ญฤ ฯุ่Ûข
๋ตู ม่ฝÛข
๋ตÛ ม่ฟÛข
๋ตþ มÛข
๋ทล ย่ณÛข
๋ทฯ ย่ฯÛข
๋ทþ ยÛข
๋ทþฤ ฯ่ยÛข
๋ธ ฤÛข
๋ฦฅþ ณ่ัÛข
๋ฦจþ ณ่ิÛข
๋ฦฌþ ณ่ืÛข
๋ฦทþ ณ่ยÛข
๋ฦู ณ่ฝÛข
ู๋ ฝÛข
ู๋ฤ ฯ่ฝÛข
ฺ๋ พÛข
๋Û ฟÛข
๋Ûฤ ฯ่ฟÛข
๋Û๏ ฟ่ฯÛข
๋ไþ ี่ธÛข
๋๎þ ย่ยÛข
๋๛รฃ ษ่ฯÛข
๋๛รู ษ่ฝÛข
๋๛ล ษÛข
ํฃ ุ่ฯ
ํฃ๚ ุ่ฯÜ
ํฃþ ุ่ฯฺ
ํฃþฟ ุ่ฯฺข
๎þ ย่ย
๎þบ ย่ยÝ
๎þบฟ ย่ยÝข
๎þป ย่ยÞ
๎þฝ ย่ยแ
๎þฝฤ ฯ่ย่ยแ
๎þพ ย่ยโ
๎þฟ ย่ยข
๎þร ย่ย่
๎þรรซþ ย่ย่ณ่ึ
๎þรล ย่ย่ณ
๎þรลþ ย่ย่ณฺ
๎þรþþ ย่ย่รฺ
๎þรþþส ย่ย่ฦๅข
๎þรþ ย่ย่ศ
๎þรþป ย่ย่ศÞ
๎þรกþ ย่ย่อ
๎þรกþบ ย่ย่อÝ
๎þรกþþ ย่ย่อฺ
๎þรจþ ย่ย่ิ
๎þรจþป ย่ย่ิÞ
๎þรจþþ ย่ย่ิฺ
๎þรจþþฝ ย่ย่ิๅ
๎þรจþþฟ ย่ย่ิฺข
๎þรจþþส ย่ย่ิๅข
๎þรทþฝ ย่ย่ยแ
๎þรทþþ ย่ย่ยฺ
๎þรยรทþร ย่ย่ย่ย่
๎þฤ ฯ่ย่ย
๎þฤรจþ ฯ่ย่ย่ิ
๎þ๙ ย่ยๆ
๎þ๚ ย่ยÜ
๎þ๚ฤ ฯ่ย่ยÜ
๎þþ ย่ยฺ
๎þþฝ ย่ยๅ
๎þþฟ ย่ยฺข
๎þþฤ ฯ่ย่ยฺ
๎þþฤฝ ฯ่ย่ยๅ
๎þþส ย่ยๅข
๕ ้
๙ ๆ
๚ Ü
๚๕ Ü้
๛บล ษÝ
๛บลฟ ษÝข
๛บลย ษÝก
๛ปล ษÞ
๛ปลฟ ษÞข
๛ปลย ษÞก
๛ฝล ษแ
๛ฝลฟ ษแข
๛พล ษโ
๛พลฟ ษโข
๛ฟล ษข
๛ร ษ่
๛รล๚ ษ่ณÜ
๛รลþ ษ่ณฺ
๛รþ ษ่ถ่ต
๛รรฅþร ษ่น่ั่
๛รþ ษ่บ
๛รþ๕ ษ่บ้
๛รþþส ษ่บๅข
๛รþร ษ่ป่
๛รþ๙ ษ่ปๆ
๛รþþ ษ่รฺ
๛รþþฝ ษ่รๅ
๛รþฝ ษ่ฦแ
๛รฯþฝ ษ่ศ่ฯๅ
๛รþ ษ่ศ
๛รชþ๙ ษ่ส่ีๆ
๛รþþฝ ษ่สๅ
๛รกþบ ษ่อÝ
๛รกþป ษ่อÞ
๛รกþปฤ ฯ่ษ่อÞ
๛รฃ ษ่ฯ
๛รฃฝ ษ่ฯแ
๛รฃพ ษ่ฯโ
๛รฃพฟ ษ่ฯโข
๛รฃฟ ษ่ฯข
๛รฃส ษ่ฯแข
๛รฃÜ ษ่ฯฺก
๛รฃ๚ ษ่ฯÜ
๛รฃþ ษ่ฯฺ
๛รฃþฝ ษ่ฯๅ
๛รฃþฟ ษ่ฯฺข
๛รฃþม ษ่ฯ็
๛รฅกþป ษ่ั่อÞ
๛รฅฅþ๚ ษ่ั่ัÜ
๛รฅþ ษ่ั
๛รฅþบ ษ่ัÝ
๛รฅþป ษ่ัÞ
๛รฅþฝ ษ่ัแ
๛รฅþพ ษ่ัโ
๛รฅþพฟ ษ่ัโข
๛รฅþส ษ่ัแข
๛รฅþ๙ ษ่ัๆ
๛รฅþ๚ ษ่ัÜ
๛รฅþþ ษ่ัฺ
๛รฅþþฝ ษ่ัๅ
๛รฅþþม ษ่ั็
๛รฅþþส ษ่ัๅข
๛รจูร ษ่ิ่ฝ่
๛รชþ๚ ษ่ีÜ
๛รชþþ ษ่ีฺ
๛รซร ษ่ึ่น่
๛รซþร ษ่ึ่
๛รซþ๙ ษ่ึๆ
๛รซþþ ษ่ึฺ
๛รฌกญฝ ษ่ื่อ่ธุ่แ
๛รฌกญþฝ ษ่ื่อ่ธุ่ๅ
๛รฌกþร ษ่ื่อ่
๛รฌþ ษ่ื
๛รฌþฝ ษ่ืแ
๛รฌþ๚ ษ่ืÜ
๛รญ ษุ่
๛รญฝ ษุ่แ
๛รญรกฅþบ ษุ่่อ่ัÝ
๛รญรกþร ษุ่่อ่
๛รญþฝ ษุ่ๅ
๛รฒ ษ่ฯÝ
๛รณ ษ่ฯÞ
๛รทþ ษ่ย
๛รทþฝ ษ่ยแ
๛รทþ๚ ษ่ยÜ
๛รทþþ ษ่ยฺ
๛รทþþส ษ่ยๅข
๛รธ ษ่ฤ
๛รฮ ษ่ฮ
๛รู ษ่ฝ
๛รูร ษ่ฝ่
๛รูรรฅþร ษ่ฝ่น่ั่
๛รูรฌþ ษ่ฝ่ื
๛รูส ษ่ฝแข
๛รู๚ ษ่ฝÜ
๛รูþส ษ่ฝๅข
๛รฺร ษ่พ่
๛ร๛บล ษ่ษÝ
๛ร๛ล ษ่ษ
๛ร๛ลþ ษ่ษฺ
๛ร๛ลþฝ ษ่ษๅ
๛ล ษ
๛ลภ ษฃ
๛ลย ษก
๛ลฤ ฯ่ษ
๛ลฤ๕ ฯ่ษ้
๛ลฤ๕๚ ฯ่ษ้Ü
๛ลÜ ษฺก
๛ล์ ษÜข
๛ล๕ ษ้
๛ล๕น ษ้Û
๛ล๕บ ษ้Ý
๛ล๕ฝ ษ้แ
๛ล๕พ ษ้โ
๛ล๕ฟ ษ้ข
๛ล๕รþþส ษ้่บๅข
๛ล๕รฃþฝ ษ้่ฯๅ
๛ล๕รฅþ ษ้่ั
๛ล๕รฅþþฝ ษ้่ัๅ
๛ล๕รฌþþ ษ้่ืฺ
๛ล๕รทþ ษ้่ย
๛ล๕รทþ๚ ษ้่ยÜ
๛ล๕รทþþ ษ้่ยฺ
๛ล๕รู๚ ษ้่ฝÜ
๛ล๕๕รทþ ษ้้่ย
๛ล๕๙ ษ้ๆ
๛ล๕๚ ษ้Ü
๛ล๕þ ษฺ้
๛ล๕þฝ ษ้ๅ
๛ล๕þม ษ้็
๛ล๙ ษๆ
๛ล๚ ษÜ
๛ล๚ย ษÜก
๛ล๚ฤ ฯ่ษÜ
๛ลþ ษฺ
๛ลþฝ ษๅ
๛ลþฟ ษฺข
๛ลþม ษ็
๛ลþมฟ ษ็ข
๛ลþฤ ฯ่ษฺ
๛ลþฤส ฯ่ษๅข
๛ลþส ษๅข
ý ี่ฯ
ýบ ี่ฯÝ
ýป ี่ฯÞ
ýผ ี่ฯ฿
ýผฟ ี่ฯ฿ข
ýฝ ี่ฯแ
ýพ ี่ฯโ
ýฟ ี่ฯข
ýฤ ฯ่ี่ฯ
ýส ี่ฯแข
ý๙ ี่ฯๆ
ý๚ ี่ฯÜ
ýþ ี่ฯฺ
ýþฝ ี่ฯๅ
ýþฟ ี่ฯฺข
þ ฺ
þฝ ๅ
þม ็
