EncodingName            "SIL-93linb-2005"
DescriptiveName         "SIL Burkina Faso 1990 font family to Unicode"
Version                 "1"
Contact                 "mailto:Doug_Higby@sil.org"
RegistrationAuthority   "SIL International"
RegistrationName        "SIL-93linb-2005"

;set normalization flags
RHSflags (ExpectsNFD)
pass ( Byte )  ; c Switch combining diacritics BEFORE <> AFTER the character

Class [Overstrike] = ( 0x5E 0xBF .. 0xC5 0xC8 0xF7 0xF8 0xFB .. 0xFE )
Class [nonOverstrike] = ( 0x20 .. 0x5D 0x5F .. 0xBE 0xC6 0xC7 0xC9 .. 0xF6 0xF9 .. 0xFA 0xFF )

[Overstrike]=x [Overstrike]=y [nonOverstrike]=z	<>	@z  @x  @y
[Overstrike]=x [nonOverstrike]=y	<>	@y @x

pass ( Byte_Unicode )
RHSflags (ExpectsNFD)
ByteDefault		'?'
UniDefault		replacement_character
ByteClass [CTL] = (   0x00 .. 0x1f   )
UniClass  [CTL] = ( U+0000 .. U+001f )
ByteClass [SevenBit] = ( 0x20 .. 0x5D 0x5F ..  0x7f )
UniClass [SevenBit] = ( U+0020  .. U+005D U+005F ..  U+007f )

; Classes for low and high overstrike recipients.
UniClass[lor] = ( U+0020 U+0061 U+0065 U+0069 U+006D U+006E U+006F U+0072 U+0075 U+0077 U+0079 U+007A U+014B U+0153 U+01DD U+0254 U+025B U+0272 U+028A U+0303 )
UniClass[hor] = ( U+0041 U+0045 U+0049 U+004D U+004E U+004F U+0055 U+0057 U+0059 U+005A U+014A U+0186 U+018E U+0190 U+0196 U+0197 U+019D U+01B2 U+01B7 U+026A  )
UniClass[istrike] = ( U+0300 U+0301 U+0302 U+0303 U+0304 U+0306 U+0308 )

[CTL]  		<>	[CTL]
[SevenBit]	<>	[SevenBit]

;One to one maps
0x5E	<>	COMBINING_CIRCUMFLEX_ACCENT / [lor] _
0x80	<	LATIN_CAPITAL_LETTER_C COMBINING_CEDILLA
0x80	>	LATIN_CAPITAL_LETTER_C_WITH_CEDILLA
0x81	<>	LATIN_SMALL_LETTER_U COMBINING_DIAERESIS
0x82	<>	LATIN_SMALL_LETTER_E COMBINING_ACUTE_ACCENT
0x83	<>	LATIN_SMALL_LETTER_A COMBINING_CIRCUMFLEX_ACCENT
0x84	<>	LATIN_SMALL_LETTER_A COMBINING_DIAERESIS
0x85	<>	LATIN_SMALL_LETTER_A COMBINING_GRAVE_ACCENT
;0x86	<>	?
0x87	<	LATIN_SMALL_LETTER_C COMBINING_CEDILLA
0x87	>	LATIN_SMALL_LETTER_C_WITH_CEDILLA
0x88	<>	LATIN_SMALL_LETTER_E COMBINING_CIRCUMFLEX_ACCENT
0x89	<>	LATIN_SMALL_LETTER_E COMBINING_DIAERESIS
0x8A	<>	LATIN_SMALL_LETTER_E COMBINING_GRAVE_ACCENT
0x8B	<>	LATIN_SMALL_LETTER_I COMBINING_DIAERESIS
0x8C	<>	LATIN_SMALL_LETTER_I COMBINING_CIRCUMFLEX_ACCENT
0x8D	<>	LATIN_SMALL_LETTER_SCHWA
0x8E	<>	LATIN_CAPITAL_LETTER_A COMBINING_DIAERESIS
0x8F	<>	LATIN_CAPITAL_LETTER_I_WITH_STROKE
0x90	<>	LATIN_CAPITAL_LETTER_REVERSED_E
0x91	<>	LATIN_SMALL_LETTER_OPEN_E
0x92	<>	LATIN_CAPITAL_LETTER_OPEN_E
0x93	<>	LATIN_SMALL_LETTER_O COMBINING_CIRCUMFLEX_ACCENT
0x94	<>	LATIN_SMALL_LETTER_O COMBINING_DIAERESIS
0x95	<>	LATIN_SMALL_LETTER_IOTA
0x96	<>	LATIN_SMALL_LETTER_U COMBINING_CIRCUMFLEX_ACCENT
0x97	<>	LATIN_SMALL_LETTER_U COMBINING_GRAVE_ACCENT
0x98	<>	LATIN_CAPITAL_LETTER_IOTA
0x99	<>	LATIN_CAPITAL_LETTER_O COMBINING_DIAERESIS
0x9A	<>	LATIN_CAPITAL_LETTER_U COMBINING_DIAERESIS
0x9B	<>	LATIN_SMALL_LETTER_DOTLESS_J_WITH_STROKE
;0x9C	<>	?
0x9D	<>	LATIN_SMALL_LETTER_OPEN_O
0x9E	<>	LATIN_CAPITAL_LETTER_OPEN_O
0x9F	<>	LATIN_SMALL_LETTER_V_WITH_HOOK
0xA0	<>	LATIN_CAPITAL_LETTER_V_WITH_HOOK
0xA1	<>	LATIN_SMALL_LETTER_A COMBINING_TILDE
0xA2	<>	LATIN_CAPITAL_LETTER_A COMBINING_TILDE
0xA3	<>	LATIN_SMALL_LETTER_E COMBINING_TILDE
0xA4	<>	LATIN_SMALL_LETTER_N_WITH_LEFT_HOOK
0xA5	<>	LATIN_CAPITAL_LETTER_N_WITH_LEFT_HOOK
0xA6	<>	LATIN_SMALL_LETTER_A COMBINING_MACRON
0xA7	<>	LATIN_CAPITAL_LETTER_E COMBINING_TILDE
0xA8	<>	LATIN_SMALL_LETTER_I COMBINING_TILDE
0xA9	<>	LATIN_SMALL_LETTER_I / _ [istrike]
0xAA	<>	LATIN_SMALL_LETTER_AE
0xAB	<>	VULGAR_FRACTION_ONE_HALF
0xAC	<>	VULGAR_FRACTION_ONE_QUARTER
0xAD	<>	LATIN_SMALL_LETTER_AE COMBINING_TILDE
0xAE	<>	U+00AB ;LEFT-POINTING_DOUBLE_ANGLE_QUOTATION_MARK
0xAF	<>	U+00BB ;RIGHT-POINTING_DOUBLE_ANGLE_QUOTATION_MARK
0xB0	<>	LATIN_SMALL_LETTER_L_WITH_BELT
0xB1	<>	LATIN_SMALL_LETTER_W COMBINING_TILDE
0xB2	<>	LATIN_SMALL_LETTER_J COMBINING_TILDE
0xB3	<>	LATIN_SMALL_LETTER_I_WITH_STROKE COMBINING_TILDE
0xB4	<>	LATIN_CAPITAL_LETTER_I_WITH_STROKE COMBINING_TILDE
0xB5	<>	LATIN_CAPITAL_LETTER_I COMBINING_TILDE
0xB6	<>	LATIN_SMALL_LETTER_O COMBINING_TILDE
0xB7	<>	LATIN_CAPITAL_LETTER_O COMBINING_TILDE
0xB8	<>	LATIN_SMALL_LETTER_U COMBINING_TILDE
0xB9	<>	U+00A0 ;NO-BREAK_SPACE
;0xBA	<>	?
;0xBB	<>	?
;0xBC	<>	?
0xBD	<>	LATIN_CAPITAL_LETTER_U COMBINING_TILDE
0xBE	<>	LATIN_SMALL_LETTER_SCHWA COMBINING_TILDE
0xBF	<>	COMBINING_GRAVE_ACCENT / [hor] _
0xC0	<>	COMBINING_ACUTE_ACCENT / [hor] _
0xC1	<>	COMBINING_MACRON / [hor] _
0xC2	<>	COMBINING_CIRCUMFLEX_ACCENT / [hor] _
0xC3	<>	COMBINING_CARON / [hor] _
0xC4	<>	U+F174 / [hor] _
0xC5	<>	U+F173 / [hor] _
0xC6	<>	LATIN_CAPITAL_LETTER_REVERSED_E COMBINING_TILDE
0xC7	<>	LATIN_SMALL_LETTER_OPEN_E COMBINING_TILDE
0xC8	<>	COMBINING_MACRON / [hor] _
;0xC9	<>	?
;0xCA	<>	?
;0xCB	<>	?
;0xCC	<>	?
;0xCD	<>	?
;0xCE	<>	?
0xCF	<>	LATIN_SMALL_LETTER_B_WITH_HOOK
0xD0	<>	LATIN_CAPITAL_LETTER_OPEN_E COMBINING_TILDE
0xD1	<>	LATIN_SMALL_LETTER_IOTA COMBINING_TILDE
0xD2	<>	LATIN_CAPITAL_LETTER_IOTA COMBINING_TILDE
0xD3	<>	LATIN_SMALL_LETTER_OPEN_O COMBINING_TILDE
0xD4	<>	LATIN_CAPITAL_LETTER_OPEN_O COMBINING_TILDE
0xD5	<>	LATIN_SMALL_LETTER_V_WITH_HOOK COMBINING_TILDE
0xD6	<>	LATIN_CAPITAL_LETTER_V_WITH_HOOK COMBINING_TILDE
;0xD7	<>	?
0xD8	<>	LATIN_CAPITAL_LETTER_B_WITH_HOOK
;0xD9	<>	?
;0xDA	<>	?
;0xDB	<>	?
;0xDC	<>	?
;0xDD	<>	?
;0xDE	<>	?
;0xDF	<>	?
0xE0	<>	LATIN_SMALL_LETTER_D_WITH_HOOK
0xE1	<>	LATIN_SMALL_LETTER_SHARP_S
0xE2	<>	LATIN_CAPITAL_LETTER_D_WITH_HOOK
0xE3	<>	LATIN_SMALL_LETTER_D COMBINING_MACRON
0xE4	<>	LATIN_SMALL_LETTER_K_WITH_HOOK
0xE5	<>	LATIN_CAPITAL_LETTER_K_WITH_HOOK
0xE6	<>	LATIN_SMALL_LETTER_ENG
0xE7	<>	LATIN_CAPITAL_LETTER_ENG
0xE8	<>	LATIN_SMALL_LETTER_R COMBINING_SHORT_STROKE_OVERLAY
0xE9	<>	LATIN_CAPITAL_LETTER_R COMBINING_SHORT_STROKE_OVERLAY
0xEA	<>	LATIN_LETTER_SMALL_CAPITAL_INVERTED_R
0xEB	<>	LATIN_SMALL_LETTER_ESH
0xEC	<>	LATIN_CAPITAL_LETTER_EZH
0xED	<>	EMPTY_SET
0xEE	<>	LATIN_SMALL_LETTER_W COMBINING_MACRON
0xEF	<>	LATIN_SMALL_LETTER_Y_WITH_HOOK
0xF0	<>	LATIN_CAPITAL_LETTER_Y_WITH_HOOK
0xF1	<>	LATIN_LETTER_GLOTTAL_STOP
0xF2	<>	COMBINING_DOT_BELOW
0xF3	<>	LATIN_SMALL_LETTER_GAMMA
;0xF4	<>	?
;0xF5	<>	?
0xF6	<>	DIVISION_SIGN
0xF7	<>	U+0300 / [lor] _ ; COMBINING_GRAVE_ACCENT / [lor] _
0xF8	<>	COMBINING_MACRON / [lor] _
;0xF9	<>	?
;0xFA	<>	?
0xFB	<>	U+0301 / [lor] _ ; COMBINING_ACUTE_ACCENT / [lor] _
0xFC	<>	COMBINING_CARON / [lor] _
0xFD	<>	U+F174 / [lor] _
0xFE	<>	U+f173 / [lor] _
;0xFF	<>  ?
