EncodingName		"UBS-Abidjan-2005"
RHSFlags (ExpectsNFC GeneratesNFC)

'&A'		<>	latin_capital_letter_a_with_grave
'&E'		<>	latin_capital_letter_e_with_grave
'&I'		<>	latin_capital_letter_i_with_grave
'&M'		<>	latin_capital_letter_m combining_grave_accent
'&N'		<>	latin_capital_letter_n_with_grave
'&O'		<>	latin_capital_letter_o_with_grave
'&U'		<>	latin_capital_letter_u_with_grave
'&Y'		<>	latin_capital_letter_y_with_grave
'&a'		<>	latin_small_letter_a_with_grave
'&e'		<>	latin_small_letter_e_with_grave
'&i'		<>	latin_small_letter_i_with_grave
'&m'		<>	latin_small_letter_m combining_grave_accent
'&n'		<>	latin_small_letter_n_with_grave
'&o'		<>	latin_small_letter_o_with_grave
'&u'		<>	latin_small_letter_u_with_grave
'&y'		<>	latin_small_letter_y_with_grave
'+A'		<>	latin_capital_letter_a_with_acute
'+E'		<>	latin_capital_letter_e_with_acute
'+I'		<>	latin_capital_letter_i_with_acute
'+M'		<>	latin_capital_letter_m_with_acute
'+N'		<>	latin_capital_letter_n_with_acute
'+O'		<>	latin_capital_letter_o_with_acute
'+U'		<>	latin_capital_letter_u_with_acute
'+Y'		<>	latin_capital_letter_y_with_acute
'+a'		<>	latin_small_letter_a_with_acute
'+e'		<>	latin_small_letter_e_with_acute
'+i'		<>	latin_small_letter_i_with_acute
'+m'		<>	latin_small_letter_m_with_acute
'+n'		<>	latin_small_letter_n_with_acute
'+o'		<>	latin_small_letter_o_with_acute
'+u'		<>	latin_small_letter_u_with_acute
'+y'		<>	latin_small_letter_y_with_acute
'@A'		<>	latin_capital_letter_a_with_diaeresis
'@E'		<>	latin_capital_letter_e_with_diaeresis
'@;E'		<>	latin_small_letter_open_e combining_diaeresis
'@;;E'	<>	latin_capital_letter_schwa combining_diaeresis
'@I'		<>	latin_capital_letter_i_with_diaeresis
'@N'		<>	latin_capital_letter_N combining_diaeresis
'@O'		<>	latin_capital_letter_o_with_diaeresis
'@U'		<>	latin_capital_letter_u_with_diaeresis
'@W'		<>	latin_capital_letter_w_with_diaeresis
'@Y'		<>	latin_capital_letter_y_with_diaeresis
'@a'		<>	latin_small_letter_a_with_diaeresis
'@e'		<>	latin_small_letter_e_with_diaeresis
'@;e'		<>	latin_small_letter_open_e combining_diaeresis
'@;;e'	<>	latin_small_letter_schwa combining_diaeresis
'@i'		<>	latin_small_letter_i_with_diaeresis
'@n'		<>	latin_small_letter_n combining_diaeresis
'@o'		<>	latin_small_letter_o_with_diaeresis
'@u'		<>	latin_small_letter_u_with_diaeresis
'@w'		<>	latin_small_letter_w_with_diaeresis
'@y'		<>	latin_small_letter_y_with_diaeresis
'=A'		<>	latin_capital_letter_a_with_circumflex
'=E'		<>	latin_capital_letter_e_with_circumflex
'=I'		<>	latin_capital_letter_i_with_circumflex
'=O'		<>	latin_capital_letter_o_with_circumflex
'=U'		<>	latin_capital_letter_u_with_circumflex
'=a'		<>	latin_small_letter_a_with_circumflex
'=e'		<>	latin_small_letter_e_with_circumflex
'=i'		<>	latin_small_letter_i_with_circumflex
'=o'		<>	latin_small_letter_o_with_circumflex
'=u'		<>	latin_small_letter_u_with_circumflex
'~A'		<>	latin_capital_letter_a_with_tilde
'~E'		<>	latin_capital_letter_e_with_tilde
'~I'		<>	latin_capital_letter_i_with_tilde
'~N'		<>	latin_capital_letter_n_with_tilde
'~O'		<>	latin_capital_letter_o_with_tilde
'~U'		<>	latin_capital_letter_u_with_tilde
'~a'		<>	latin_small_letter_a_with_tilde
'~e'		<>	latin_small_letter_e_with_tilde
'~i'		<>	latin_small_letter_i_with_tilde
'~n'		<>	latin_small_letter_n_with_tilde
'~o'		<>	latin_small_letter_o_with_tilde
'~u'		<>	latin_small_letter_u_with_tilde
'}A'		<>	latin_capital_letter_a_with_caron
'}E'		<>	latin_capital_letter_e_with_caron
'}I'		<>	latin_capital_letter_i_with_caron
'}O'		<>	latin_capital_letter_o_with_caron
'}U'		<>	latin_capital_letter_u_with_caron
'}a'		<>	latin_small_letter_a_with_caron
'}e'		<>	latin_small_letter_e_with_caron
'}i'		<>	latin_small_letter_i_with_caron
'}o'		<>	latin_small_letter_o_with_caron
'}u'		<>	latin_small_letter_u_with_caron
'%7A'		<>	latin_capital_letter_a_with_macron
'%7E'		<>	latin_capital_letter_e_with_macron
'%7I'		<>	latin_capital_letter_i_with_macron
'%7O'		<>	latin_capital_letter_o_with_macron
'%7U'		<>	latin_capital_letter_u_with_macron
'%7a'			<>	latin_small_letter_a_with_macron
'%7e'			<>	latin_small_letter_e_with_macron
'%7i'			<>	latin_small_letter_i_with_macron
'%7o'			<>	latin_small_letter_o_with_macron
'%7u'		<>	latin_small_letter_u_with_macron
';b'			<>	latin_small_letter_b_with_hook
';d'			<>	latin_small_letter_d_with_hook
';e'			<>	latin_small_letter_open_e
';g'			<>	latin_small_letter_gamma
';n'		<>	latin_small_letter_eng
';o'			<>	latin_small_letter_open_o
';i'			<>	latin_small_letter_iota
';u'		<>	latin_small_letter_v_with_hook
';z'			<>	latin_small_letter_ezh
';E'		<>	latin_capital_letter_open_e
';G'		<>	latin_capital_letter_gamma
';N'		<>	latin_capital_letter_eng
';O'		<>	latin_capital_letter_open_o
';B'		<>	latin_capital_letter_b_with_hook
';D'		<>	latin_capital_letter_d_with_hook
';I'			<>	latin_capital_letter_iota
';U'		<>	latin_capital_letter_v_with_hook
';Z'			<>	latin_capital_letter_ezh
'+;u'			<>	latin_small_letter_v_with_hook combining_acute_accent
'+;e'			<>	latin_small_letter_open_e combining_acute_accent
'+;o'			<>	latin_small_letter_open_o combining_acute_accent
'+;i'			<>	latin_small_letter_iota combining_acute_accent
'+;U'			<>	latin_capital_letter_v_with_hook combining_acute_accent
'+;E'			<>	latin_capital_letter_open_e combining_acute_accent
'+;O'			<>	latin_capital_letter_open_o combining_acute_accent
'+;I'			<>	latin_capital_letter_iota combining_acute_accent
'&;e'			<>	latin_small_letter_open_e combining_grave_accent
'&;o'			<>	latin_small_letter_open_o combining_grave_accent
'&;i'		<>	latin_small_letter_iota combining_grave_accent
'&;E'		<>	latin_capital_letter_open_e combining_grave_accent
'&;O'		<>	latin_capital_letter_open_o combining_grave_accent
'&;I'		<>	latin_capital_letter_iota combining_grave_accent
'};e'		<>	latin_small_letter_open_e combining_caron
'};o'		<>	latin_small_letter_open_o combining_caron
'};E'		<>	latin_capital_letter_open_e combining_caron
'};O'		<>	latin_capital_letter_open_o combining_caron
'=;e'		<>	latin_small_letter_open_e combining_circumflex_accent
'=;o'		<>	latin_small_letter_open_o combining_circumflex_accent
'=;E'		<>	latin_capital_letter_open_e combining_circumflex_accent
'=;O'		<>	latin_capital_letter_open_o combining_circumflex_accent
'~;e'		<>	latin_small_letter_open_e combining_tilde
'~;;e'	<>	latin_small_letter_schwa combining_tilde
'~;o'		<>	latin_small_letter_open_o combining_tilde
'~;i'		<>	latin_small_letter_iota combining_tilde
'~;u'		<>	latin_small_letter_v_with_hook combining_tilde
'~;E'		<>	latin_capital_letter_open_e combining_tilde
'~;O'		<>	latin_capital_letter_open_o combining_tilde
'~;I'		<>	latin_capital_letter_iota combining_tilde
'~;U'		<>	latin_capital_letter_v_with_hook combining_tilde
'~;n'		<>	latin_small_letter_eng combining_tilde
'~;N'		<>	latin_capital_letter_eng combining_tilde
'~;v'		<>	latin_small_letter_v_with_hook combining_tilde
'~;V'		<>	latin_capital_letter_v_with_hook combining_tilde
';;d'		<>	latin_small_letter_d_with_tail
';;e'		<>	latin_small_letter_schwa
';;i'		<>	latin_small_letter_i_with_stroke
';;u'		<>	latin_small_letter_u_bar
';;D'		<>	latin_capital_letter_african_d
';;E'		<>	latin_capital_letter_schwa
'+;;E'	<>	latin_capital_letter_schwa combining_acute_accent
'+;;I'	<>	latin_capital_letter_i_with_stroke
'+;;U'	<>	U+F218
'+;;e'	<>	latin_small_letter_schwa combining_acute_accent
'+;;i'	<>	latin_small_letter_i_with_stroke combining_acute_accent
'+;;u'	<>	latin_small_letter_u_bar combining_acute_accent
'+;;I'		<>	latin_capital_letter_i_with_stroke combining_acute_accent
'+;;U'	<>	U+F218 U+0301
'&;;e'		<>	latin_small_letter_schwa combining_grave_accent
'&;;i'		<>	latin_small_letter_i_with_stroke combining_grave_accent
'&;;u'		<>	latin_small_letter_u_bar combining_grave_accent
'&;;E'		<>	latin_capital_letter_schwa combining_grave_accent
'&;;I'		<>	latin_capital_letter_i_with_stroke combining_grave_accent
'&;;U'	<>	U+F218 U+0300
'=;;e'		<>	latin_small_letter_schwa combining_circumflex_accent
'=;;i'		<>	latin_small_letter_i_with_stroke combining_circumflex_accent
'=;;u'	<>	latin_small_letter_u_bar combining_circumflex_accent
'=;;E'	<>	latin_capital_letter_schwa combining_circumflex_accent
'=;;I'		<>	latin_capital_letter_i_with_stroke combining_circumflex_accent
'=;;U'	<>	U+F218 combining_circumflex_accent
'%7;;e'	<>	latin_small_letter_schwa combining_macron
'%7;;i'	<>	latin_small_letter_i_with_stroke combining_macron
'%7;;u'	<>	latin_small_letter_u_bar combining_macron
'%7;;E'	<>	latin_capital_letter_schwa combining_macron
'%7;;I'	<>	latin_capital_letter_i_with_stroke combining_macron
'%7;;U'	<>	U+F218 U+0304
'%1a'		<>	latin_small_letter_a combining_cedilla
'%1A'		<>	latin_capital_letter_a combining_cedilla
'%1e'		<>	latin_small_letter_e combining_cedilla
'%1E'		<>	latin_capital_letter_e combining_cedilla
'%1i'		<>	latin_small_letter_i combining_cedilla
'%1I'		<>	latin_capital_letter_i combining_cedilla
'%1o'		<>	latin_small_letter_o combining_cedilla
'%1O'		<>	latin_capital_letter_o combining_cedilla
'%1u'		<>	latin_small_letter_u combining_cedilla
'%1U'		<>	latin_capital_letter_u combining_cedilla
'%1;o'	<>	latin_small_letter_open_o combining_cedilla
'%1;O'	<>	latin_capital_letter_open_o combining_cedilla
'%1;;i'	<>	latin_small_letter_i_with_stroke combining_cedilla
'%1;;u'	<>	latin_small_letter_u_bar combining_cedilla
'%1;;E'	<>	latin_capital_letter_schwa combining_cedilla
'%1;;I'	<>	latin_capital_letter_i_with_stroke combining_cedilla
'%1;;U'	<>	U+F218 U+0327
'};;e'	<>	latin_small_letter_schwa combining_caron
'};;i'	<>	latin_small_letter_i_with_stroke combining_caron
'};;u'	<>	latin_small_letter_u_bar combining_caron
'};;E'	<>	latin_capital_letter_schwa combining_caron
'};;I'	<>	latin_capital_letter_i_with_stroke combining_caron
'};;U'	<>	U+F218 U+030C
'+%1a'	<>	latin_small_letter_a combining_cedilla combining_acute_accent
'+%1A'	<>	latin_capital_letter_a combining_cedilla combining_acute_accent
'+%1e'	<>	latin_small_letter_e combining_cedilla combining_acute_accent
'+%1E'	<>	latin_capital_letter_e combining_cedilla combining_acute_accent
'+%1i'	<>	latin_small_letter_i combining_cedilla combining_acute_accent
'+%1I'	<>	latin_capital_letter_i combining_cedilla combining_acute_accent
'+%1o'	<>	latin_small_letter_o combining_cedilla combining_acute_accent
'+%1O'	<>	latin_capital_letter_o combining_cedilla combining_acute_accent
'+%1u'	<>	latin_small_letter_u combining_cedilla combining_acute_accent
'+%1U'	<>	latin_capital_letter_u combining_cedilla combining_acute_accent
'+%1;o'	<>	latin_small_letter_open_o combining_cedilla combining_acute_accent
'+%1;O'	<>	latin_capital_letter_open_o combining_cedilla combining_acute_accent
'+%1;;e'	<>	latin_small_letter_schwa combining_cedilla combining_acute_accent
'+%1;;i'	<>	latin_small_letter_i_with_stroke combining_cedilla combining_acute_accent
'+%1;;u'	<>	latin_small_letter_u_bar combining_cedilla combining_acute_accent
'+%1;;E'	<>	latin_capital_letter_schwa combining_cedilla combining_acute_accent
'+%1;;I'	<>	latin_capital_letter_i_with_stroke combining_cedilla combining_acute_accent
'+%1;;U'	<>	U+F218 U+0327 U+0301
'&%1a'	<>	latin_small_letter_a combining_cedilla combining_grave_accent
'&%1A'	<>	latin_capital_letter_a combining_cedilla combining_grave_accent
'&%1e'	<>	latin_small_letter_e combining_cedilla combining_grave_accent
'&%1E'	<>	latin_capital_letter_e combining_cedilla combining_grave_accent
'&%1i'	<>	latin_small_letter_i combining_cedilla combining_grave_accent
'&%1I'	<>	latin_capital_letter_i combining_cedilla combining_grave_accent
'&%1o'	<>	latin_small_letter_o combining_cedilla combining_grave_accent
'&%1O'	<>	latin_capital_letter_o combining_cedilla combining_grave_accent
'&%1u'	<>	latin_small_letter_u combining_cedilla combining_grave_accent
'&%1U'	<>	latin_capital_letter_u combining_cedilla combining_grave_accent
'&%1;o'	<>	latin_small_letter_open_o combining_cedilla combining_grave_accent
'&%1;O'	<>	latin_capital_letter_open_o combining_cedilla combining_grave_accent
'&%1;;e'	<>	latin_small_letter_schwa combining_cedilla combining_grave_accent
'&%1;;i'	<>	latin_small_letter_i_with_stroke combining_cedilla combining_grave_accent
'&%1;;u'	<>	latin_small_letter_u_bar combining_cedilla combining_grave_accent
'&%1;;E'	<>	latin_capital_letter_schwa combining_cedilla combining_grave_accent
'&%1;;I'	<>	latin_capital_letter_i_with_stroke combining_cedilla combining_grave_accent
'&%1;;U'	<>	U+F218 U+0327 U+0300
'=%1;;e'	<>	latin_small_letter_schwa combining_cedilla combining_circumflex_accent
'=%1;;i'	<>	latin_small_letter_i_with_stroke combining_cedilla combining_circumflex_accent
'=%1;;u'	<>	latin_small_letter_u_bar combining_cedilla combining_circumflex_accent
'=%1;;E'	<>	latin_capital_letter_schwa combining_cedilla combining_circumflex_accent
'=%1;;I'	<>	latin_capital_letter_i_with_stroke combining_cedilla combining_circumflex_accent
'=%1;;U'	<>	U+F218 U+0327 U+0302
'<<'		<>	U+00AB
'>>'		<>	U+00BB
'<'			<>	U+2039
'>'			<>	U+203A
'--'		<>	U+2014
'-'		<>	U+002D
';?'		<>	latin_letter_glottal_stop

'}M'		<>	latin_capital_letter_m combining_caron
'}m'		<>	latin_small_letter_m combining_caron
'}~a'		<>	latin_small_letter_a_with_tilde combining_caron
'}~A'		<>	latin_capital_letter_a_with_tilde combining_caron
'}~i'		<>	latin_small_letter_i_with_tilde combining_caron
'}~I'		<>	latin_capital_letter_i_with_tilde combining_caron
'}~u'		<>	latin_small_letter_u_with_tilde combining_caron
'}~U'		<>	latin_capital_letter_u_with_tilde combining_caron
'}~;O'	<>	latin_capital_letter_open_o combining_tilde combining_caron
'}~;o'	<>	latin_small_letter_open_o combining_tilde combining_caron
';v'		<>	latin_small_letter_v_with_hook
';V'		<>	latin_capital_letter_v_with_hook
'+;n'		<>	latin_small_letter_eng combining_acute_accent
'+;N'		<>	latin_capital_letter_eng combining_acute_accent
'+~a'		<>	latin_small_letter_a_with_tilde combining_acute_accent
'+~A'		<>	latin_capital_letter_a_with_tilde combining_acute_accent
'+~e'		<>	latin_small_letter_e_with_tilde combining_acute_accent
'+~E'		<>	latin_capital_letter_e_with_tilde combining_acute_accent
'+~i'		<>	latin_small_letter_i_with_tilde combining_acute_accent
'+~I'		<>	latin_capital_letter_i_with_tilde combining_acute_accent
'+~o'		<>	latin_small_letter_o_with_tilde combining_acute_accent
'+~O'		<>	latin_capital_letter_o_with_tilde combining_acute_accent
'+~u'		<>	latin_small_letter_u_with_tilde combining_acute_accent
'+~U'		<>	latin_capital_letter_u_with_tilde combining_acute_accent
'+~;E'	<>	latin_capital_letter_open_e combining_tilde combining_acute_accent
'+~;e'	<>	latin_small_letter_open_e combining_tilde combining_acute_accent
'+~;O'	<>	latin_capital_letter_open_o combining_tilde combining_acute_accent
'+~;o'	<>	latin_small_letter_open_o combining_tilde combining_acute_accent
'&~a'		<>	latin_small_letter_a_with_tilde combining_grave_accent
'&~A'		<>	latin_capital_letter_a_with_tilde combining_grave_accent
'&~e'		<>	latin_small_letter_e_with_tilde combining_grave_accent
'&~E'		<>	latin_capital_letter_e_with_tilde combining_grave_accent
'&~i'		<>	latin_small_letter_i_with_tilde combining_grave_accent
'&~I'		<>	latin_capital_letter_i_with_tilde combining_grave_accent
'&~o'		<>	latin_small_letter_o_with_tilde combining_grave_accent
'&~O'		<>	latin_capital_letter_o_with_tilde combining_grave_accent
'&~u'		<>	latin_small_letter_u_with_tilde combining_grave_accent
'&~U'		<>	latin_capital_letter_u_with_tilde combining_grave_accent
'&~;E'	<>	latin_capital_letter_open_e combining_tilde combining_grave_accent
'&~;e'	<>	latin_small_letter_open_e combining_tilde combining_grave_accent
'&~;O'	<>	latin_capital_letter_open_o combining_tilde combining_grave_accent
'&~;o'	<>	latin_small_letter_open_o combining_tilde combining_grave_accent
'&;u'		<>	latin_small_letter_v_with_hook combining_grave_accent
'&;U'		<>	latin_capital_letter_v_with_hook combining_grave_accent
'}~;E'	<>	latin_capital_letter_open_e combining_tilde combining_caron
'}~;e'	<>	latin_small_letter_open_e combining_tilde combining_caron
';Y'		<>	latin_capital_letter_y_with_hook
';y'		<>	latin_small_letter_y_with_hook
'%7;E'	<>	latin_capital_letter_open_e combining_macron
'%7;e'	<>	latin_small_letter_open_e combining_macron
'%7;O'	<>	latin_capital_letter_open_o combining_macron
'%7;o'	<>	latin_small_letter_open_o combining_macron
'@;O'		<>	latin_capital_letter_open_o combining_diaeresis
'@;o'       <>	latin_small_letter_open_o combining_diaeresis
'%'			>	U+002A
'*'			<>	U+002A

ByteClass [latin1] = ( 0x00..0x7f 0xa0..0xff )
UniClass [latin1] = ( 0x0000..0x007f 0x00a0..0x00ff)
[latin1]  <> [latin1]
