EncodingName	'Bambara SIL Charis'
DescriptiveName	'Adapted from Windows code page 1252'

ByteDefault		'?'
UniDefault		replacement_character

ByteClass [ascii] = ( 0 .. 127 )
UniClass [ascii] = ( 0x0000 .. 0x007f )
ByteClass [mid] = ( 0x80 .. 0x8A 0x8C .. 0x9A 0x9C .. 0x9f )
UniClass [mid] = ( 0x0080 .. 0x008A 0x008C .. 0x009A 0x009C .. 0x009f )
ByteClass [latin1] = ( 0xa0 .. 0xC5 0xC7 .. 0xCC 0xCE .. 0xD0 0xD2 .. 0xD7 0xD9 .. 0xE5 0xE7 .. 0xEF 0xF2 .. 0xF7 0xF9 .. 0xff )
UniClass [latin1] = ( 0x00a0 .. 0x00C5 0x00C7 .. 0x00CC 0x00CE .. 0x00D0 0x00D2 .. 0x00D7 0x00D9 .. 0x00E5 0x00E7 .. 0x00EF 0x00F2 .. 0x00F7 0x00F9 .. 0x00ff )

[ascii]	<>	[ascii]
[mid]	<>	[mid]
[latin1]	<>	[latin1]

0x8B <> U+2039
0x9B <> U+203A

0xC6 <> latin_capital_letter_open_e
0xCD <> LATIN_CAPITAL_LETTER_ENG
0xD1 <> LATIN_CAPITAL_LETTER_N_WITH_LEFT_HOOK
0xD8 <> latin_capital_letter_open_o
0xE6 <> latin_small_letter_open_e
0xF0 <> LATIN_SMALL_LETTER_ENG
0xF1 <> LATIN_SMALL_LETTER_N_WITH_LEFT_HOOK
0xF8 <> latin_small_letter_open_o