EncodingName            "SIL-BF_Times-2006"
DescriptiveName         "SIL Burkina Faso Times to Unicode"
Version                 "1.0"
Contact                 "mailto:Doug_Higby@sil.org"
RegistrationAuthority   "SIL International"
RegistrationName        "SIL-BF_Times-2006"

pass( byte_Unicode )
;set normalization flags
RHSflags (ExpectsNFD GeneratesNFC)

ByteDefault	'?'
UniDefault	replacement_character
ByteClass [CTL] = (   0x00 .. 0x1f   )
UniClass  [CTL] = ( U+0000 .. U+001f )
ByteClass [SevenBit] = ( 0x20 .. 0x7f )
UniClass [SevenBit] = ( U+0020 .. U+007f )
; Labeling system is v for vowel a for accent
; the height and width of the vowel or accent are as follows:
; nw = narrow width
; mw = medium width
; sw = standard width
; ww = wide width
; 1 = first level diacritic (on lowercase letters)
; 2 = second level diacritic (on lowercase with accent or uppercase)
; 3 = third level diacritic (on uppercase with accent or nasal)
; capital N indicates special accent over a nasal that was created to keep accents from running together.
UniClass [v1nw] = ( U+0069 U+0269 U+0268 )
UniClass [v1sw] = ( U+0061 U+0259 U+01DD U+0065 U+025B U+006E U+014B U+0272 U+006F U+0254 U+0075 U+028B U+0076 U+007A )
UniClass [v1ww] = ( U+006D U+0077 )
UniClass [v2nw] = ( U+0049 U+0196 )
UniClass [v2mw] = ( U+0045 U+018E U+0190 U+01B2 )
UniClass [v2sw] = ( U+0041 U+004D U+004E U+004F U+0055 U+0056 U+0057 U+005A U+014A U+0186 U+019D )
Uniclass [diacritic] = ( U+0300 U+0301 U+0302 U+0304 U+030C U+F174 U+F173 )
Uniclass [nasal] = ( COMBINING_TILDE )
; Byteclasses below are groupings of "best match" diacritics for each letter height and width.
; "Best match" means that Although there is no diaeresis for a3sw, the highest diaeresis of the
; same width is used.  This preserves the original data even if it is faulty.
Byteclass [a1nw] = ( 0xFC 0xF9 0xF3 0xE1 0xF7 0xE3 0xCA )   ; 1st level accent for narrow width (i)
Byteclass [a1sw] = ( 0xD8 0xD7 0xF2 0xE0 0xF6 0xE3 0xCA )   ; 1st level accent for standard width (a,o)
Byteclass [a1ww] = ( 0xDA 0xD9 0xF2 0xE0 0xF6 0xE3 0xCA )   ; 1st level accent for wide width (m,w)
Byteclass [a2nw] = ( 0xE9 0xF8 0xF1 0xC4 0xF5 0xC6 0xC5 )   ; 2nd level accent for narrow width
Byteclass [a2mw] = ( 0xE7 0xE6 0xE4 0xC3 0xE5 0xC6 0xC5 )   ; 2nd level accent for medium width (E)
Byteclass [a2sw] = ( 0xFD 0xFB 0xF0 0xC3 0xF4 0xC6 0xC5 )   ; 2rd level accent for standard width
Byteclass [a2sN] = ( 0xED 0xEC 0xEA 0xC3 0xEB 0xC6 0xC5 )   ; 2nd level accent for standard width but offset for nasal below
Byteclass [a3nw] = ( 0xFE 0xFA 0xF1 0xC4 0xF7 0xC6 0xC5 )   ; 3rd level accent for narrow width
Byteclass [a3sw] = ( 0xFF 0xE8 0xF0 0xC3 0xF4 0xC6 0xC5 )   ; 3rd level accent for standard width

[CTL]  		<>	[CTL]
[SevenBit]	<>	[SevenBit]

0x80	<>	LATIN_SMALL_LETTER_B_WITH_HOOK ; (U+0253)
0x81	<>	LATIN_SMALL_LETTER_D_WITH_HOOK ; (U+0257)
0x82	<>	LATIN_SMALL_LETTER_GAMMA ; (U+0263)
0x83	<>	LATIN_SMALL_LETTER_ENG ; (U+014B)
0x84	<>	LATIN_SMALL_LETTER_N_WITH_LEFT_HOOK ; (U+0272)
0x86	<>	U+0086
0x87	<>	LATIN_SMALL_LETTER_Y_WITH_HOOK ; (U+01B4)
0x88	<>	LATIN_LETTER_GLOTTAL_STOP ; (U+0294)
0x89	<>	LATIN_CAPITAL_LETTER_B_WITH_HOOK ; (U+0181)
0x8A	<>	LATIN_CAPITAL_LETTER_D_WITH_HOOK ; (U+018A)
0xA5	<>	U+2039 ; SINGLE_LEFT-POINTING_ANGLE_QUOTATION_MARK
0x8C	<>	LATIN_CAPITAL_LETTER_ENG ; (U+014A)
0x8D	<>	LATIN_CAPITAL_LETTER_N_WITH_LEFT_HOOK ; (U+019D)
0x8F	<>	LATIN_CAPITAL_LETTER_Y_WITH_HOOK ; (U+01B3)
0x90	<>	LATIN_SMALL_LETTER_D_WITH_LINE_BELOW
0x91	<>	LEFT_SINGLE_QUOTATION_MARK ; (U+2018)
0x92	<>	RIGHT_SINGLE_QUOTATION_MARK ; (U+2019)	;right_single_quotation_mark  --  quoteright = SILID 9038*
0x93	<>	LEFT_DOUBLE_QUOTATION_MARK ; (U+201C)
0x94	<>	RIGHT_DOUBLE_QUOTATION_MARK ; (U+201D)
0x95	<>	LATIN_SMALL_LETTER_W COMBINING_MACRON_BELOW
0x97	<>	LATIN_SMALL_LETTER_A COMBINING_MACRON_BELOW
0xA8	<>	EN_DASH ; (U+2013)
0x96	<>	EM_DASH ; (U+2014)
;If uppercase schwa is reversed capital E, then place forward arrow > by LATIN_SMALL_LETTER_TURNED_E
;If uppercase schwa is a large upsidedown e, then place forward arrow > by LATIN_SMALL_LETTER_SCHWA
0x98	<	LATIN_SMALL_LETTER_SCHWA ; (U+0259)
0x98	<>	LATIN_SMALL_LETTER_TURNED_E
0x99	<>	LATIN_SMALL_LETTER_OPEN_E ; (U+025B)
0x9A	<>	LATIN_SMALL_LETTER_IOTA ; (U+0269)
0xA6	<>	U+203A ;SINGLE_RIGHT-POINTING_ANGLE_QUOTATION_MARK
0x9C	<>	LATIN_SMALL_LETTER_V_WITH_HOOK ; (U+028B)
; Next two lines: Place "<>" by the Capital schwa in use
; and "<" by the other one to ensure data integrety
0x9D	<>	LATIN_CAPITAL_LETTER_REVERSED_E ; (U+018E)
0x9D	<	LATIN_CAPITAL_LETTER_SCHWA
0x9E	<>	LATIN_CAPITAL_LETTER_OPEN_E ; (U+0190)
0x9F	<>	LATIN_CAPITAL_LETTER_IOTA ; U+0196
0xA0	<>	U+00A0 ;NO-BREAK_SPACE
0xA1	<>	LATIN_CAPITAL_LETTER_OPEN_O ; (U+0186)
0xA2	<>	LATIN_CAPITAL_LETTER_V_WITH_HOOK ; (U+01B2)
0xA3	<>	U+00A3
0xA4	<>	U+00A4
0xA5	<>	U+00A5
0xA6	<>	U+00A6
0xA7	<>	UPWARDS_ARROW
0xA3	<>	U+00AB	; (left_pointing_double_angle_quotation_mark)
0xAC	<>	U+00AC
0xB0	<>	LATIN_SMALL_LETTER_OPEN_E COMBINING_TILDE
0xB6	<>	PILCROW_SIGN ; (U+00B6)
0xB7	<>	MIDDLE_DOT ; (U+00B7)
0xA4	<>	U+00BB	; (right_pointing_double_angle_quotation_mark)

[a1nw] <>  [diacritic] / [v1nw] _
[a1sw] <>  [diacritic] / [v1sw] _
[a1ww] <>  [diacritic] / [v1ww] _
[a2nw] <>  [diacritic] / ( [v1nw] ( [diacritic] | [nasal] ) | [v2nw] ) _
[a2mw] <>  [diacritic] / [v2mw] _
[a2sw] <>  [diacritic] / ( ( [v1sw] | [v1ww] ) [diacritic] | [v2sw] ) _
[a2sN] <>  [diacritic] / [v1sw] [nasal] _
[a3nw] <>  [diacritic] / [v2nw] ( [diacritic] | [nasal] ) _
[a3sw] <>  [diacritic] / [v2sw] ( [diacritic] | [nasal] ) _

0xC0	<>	U+00C0
0xC1	<>	U+00C1
0xC2	<>	LATIN_SMALL_LETTER_I COMBINING_ACUTE_ACCENT
0xC8	<>	U+00C8
0xC9	<>	U+00C9
0xCA	<>	U+00CA
0xCB	<>	U+F213	;latin_small_letter_r_with_stroke -- PUA
0xCC	<>	U+F214	;latin_capital_letter_r_with_stroke -- PUA
0xCD	<>	LATIN_LETTER_SMALL_CAPITAL_INVERTED_R
0xCE	<	LATIN_CAPITAL_LETTER_C COMBINING_CEDILLA
0xCE	<>	LATIN_CAPITAL_LETTER_C_WITH_CEDILLA
0xCF	<>	LATIN_SMALL_LETTER_DOTLESS_J_WITH_STROKE ; (U+025F)	;latin_small_letter_dotless_j_with_stroke
0xD0	<>	LATIN_SMALL_LETTER_EZH ; (U+0292)
0xD1	<>	LATIN_SMALL_LETTER_ESH ; (U+0283)
0xD2	<>	U+00D2
0xD3	<>	U+00D3
0xD4	<>	U+00D4
0xD5	<>	U+00D5
0xD6	<>	LATIN_SMALL_LETTER_I COMBINING_GRAVE_ACCENT
0x9B	<>	LATIN_SMALL_LETTER_OPEN_O
0xDB	<>	LATIN_SMALL_LETTER_IOTA COMBINING_GRAVE_ACCENT
0xDC	<>	U+00DC
0xAC	<>	LATIN_SMALL_LETTER_I / _ ( [diacritic] | [nasal] )
0xDD	<>	U+00DD
0xDE	<>	U+00DE
0xDF	<>	U+00DF
0xD2	<	LATIN_SMALL_LETTER_C COMBINING_CEDILLA ; (U+00E7)
0xD2	<>	LATIN_SMALL_LETTER_C_WITH_CEDILLA ; (U+00E7)
0xB0	<>	LATIN_SMALL_LETTER_OPEN_E COMBINING_TILDE
;If uppercase schwa is reversed capital E, then place forward arrow > by LATIN_SMALL_LETTER_TURNED_E
;If uppercase schwa is a large upsidedown e, then place forward arrow > by LATIN_SMALL_LETTER_SCHWA
0xAF	<	LATIN_SMALL_LETTER_SCHWA COMBINING_TILDE
0xAF	<>	LATIN_SMALL_LETTER_TURNED_E COMBINING_TILDE
0xB1	<>	LATIN_SMALL_LETTER_IOTA COMBINING_TILDE
0xB2	<>	LATIN_SMALL_LETTER_OPEN_O COMBINING_TILDE
0xB3	<>	LATIN_SMALL_LETTER_V_WITH_HOOK COMBINING_TILDE
0xBC	<>	LATIN_CAPITAL_LETTER_OPEN_E COMBINING_TILDE
0xBD	<>	LATIN_CAPITAL_LETTER_IOTA COMBINING_TILDE
0xBE	<>	LATIN_CAPITAL_LETTER_OPEN_O COMBINING_TILDE
0xBF	<>	LATIN_CAPITAL_LETTER_V_WITH_HOOK COMBINING_TILDE
0xBB	<>	LATIN_CAPITAL_LETTER_REVERSED_E COMBINING_TILDE
0x85	<>	LATIN_SMALL_LETTER_N COMBINING_TILDE
0x8E	<>	U+008E
0xAB	<>	LATIN_SMALL_LETTER_I COMBINING_TILDE
0xA9	<>	LATIN_SMALL_LETTER_A COMBINING_TILDE
0xAA	<>	LATIN_SMALL_LETTER_E COMBINING_TILDE
0xAD	<>	LATIN_SMALL_LETTER_O COMBINING_TILDE
0xAE	<>	LATIN_SMALL_LETTER_U COMBINING_TILDE
0xB4	<>	LATIN_CAPITAL_LETTER_A COMBINING_TILDE
0xB5	<>	LATIN_CAPITAL_LETTER_E COMBINING_TILDE
0xB8	<>	LATIN_CAPITAL_LETTER_I COMBINING_TILDE
0xB9	<>	LATIN_CAPITAL_LETTER_O COMBINING_TILDE
0xBA	<>	LATIN_CAPITAL_LETTER_U COMBINING_TILDE
0xE0	<>	U+00E0
0xE2	<>	U+00E2
0xE8	<>	U+00E8
0xE9	<>	U+00E9
0xEA	<>	U+00EA
0xEB	<>	U+00EB
0xEE	>	COMBINING_CIRCUMFLEX_ACCENT
0xEF	>	COMBINING_CARON
0xF4	<>	U+00F4
0xF9	<>	U+00F9
0xFB	<>	U+00FB
0xFC	<>	U+00FC
