EncodingName	"SIL-Ghana Doulos-2005"
DescriptiveName	 "SIL-Ghana Fonts to Unicode"
Version	 "1.0"
Contact	 "mailto:Doug_Higby@sil.org"
RegistrationAuthority	 "SIL International"
RegistrationName	"SIL-Ghana_Doulos-2005"
pass( byte_Unicode )
;set normalization flags
RHSflags (ExpectsNFD GeneratesNFC)

ByteDefault		'?'
UniDefault		replacement_character

ByteClass [CTL] = ( 0x00 .. 0x1f )
UniClass  [CTL] = ( U+0000 .. U+001f )
ByteClass [SevenBit] = ( 0x20 .. 0x7f )
UniClass  [SevenBit] = ( U+0020 .. U+007f )
[CTL]		<>	[CTL]
[SevenBit]	<>	[SevenBit]
0x80	<>	LATIN_CAPITAL_LETTER_A COMBINING_TILDE
0x81	<>	LATIN_SMALL_LETTER_A COMBINING_TILDE
0x82	<>	LATIN_CAPITAL_LETTER_A COMBINING_CIRCUMFLEX_ACCENT
0x83	<>	LATIN_SMALL_LETTER_A COMBINING_CIRCUMFLEX_ACCENT
0x84	<>	LATIN_CAPITAL_LETTER_E COMBINING_TILDE
0x85	<>	LATIN_SMALL_LETTER_E COMBINING_TILDE
0x86	<>	LATIN_CAPITAL_LETTER_E COMBINING_CIRCUMFLEX_ACCENT
0x87	<>	LATIN_SMALL_LETTER_E COMBINING_CIRCUMFLEX_ACCENT
0x88	<>	LATIN_CAPITAL_LETTER_I COMBINING_TILDE
0x89	<>	LATIN_SMALL_LETTER_I COMBINING_TILDE
0x8A	<>	LATIN_CAPITAL_LETTER_I COMBINING_CIRCUMFLEX_ACCENT
0x8B	<>	LATIN_SMALL_LETTER_I COMBINING_CIRCUMFLEX_ACCENT
0x8C	<>	LATIN_CAPITAL_LETTER_O COMBINING_TILDE
0x8D	<>	LATIN_SMALL_LETTER_O COMBINING_TILDE
0x8E	<>	LATIN_CAPITAL_LETTER_O COMBINING_CIRCUMFLEX_ACCENT
0x8F	<>	LATIN_SMALL_LETTER_O COMBINING_CIRCUMFLEX_ACCENT
0x90	<>	LATIN_CAPITAL_LETTER_U COMBINING_TILDE
0x91	<>	LEFT_SINGLE_QUOTATION_MARK
0x92	<>	RIGHT_SINGLE_QUOTATION_MARK
0x93	<>	LEFT_DOUBLE_QUOTATION_MARK
0x94	<>	RIGHT_DOUBLE_QUOTATION_MARK
0x95	<>	LATIN_SMALL_LETTER_U COMBINING_TILDE
0x96	<>	EN_DASH
0x97	<>	EM_DASH
0x98	<>	LATIN_CAPITAL_LETTER_U COMBINING_CIRCUMFLEX_ACCENT
0x99	<>	LATIN_SMALL_LETTER_U COMBINING_CIRCUMFLEX_ACCENT
0x9A	<>	LATIN_CAPITAL_LETTER_OPEN_E COMBINING_TILDE
0x9B	<>	LATIN_SMALL_LETTER_OPEN_E COMBINING_TILDE
0x9C	<>	LATIN_CAPITAL_LETTER_OPEN_E COMBINING_CIRCUMFLEX_ACCENT
0x9D	<>	LATIN_SMALL_LETTER_OPEN_E COMBINING_CIRCUMFLEX_ACCENT
0x9E	<>	LATIN_CAPITAL_LETTER_OPEN_O COMBINING_TILDE
0x9F	<>	LATIN_SMALL_LETTER_OPEN_O COMBINING_TILDE
0xA0	<>	U+00A0
0xA1	<>	LATIN_CAPITAL_LETTER_OPEN_O COMBINING_CIRCUMFLEX_ACCENT
0xA2	<>	U+00A2
0xA3	<>	U+00A3
0xA4	<>	U+00A4
0xA5	<>	LATIN_SMALL_LETTER_OPEN_O COMBINING_CIRCUMFLEX_ACCENT
0xA6	<>	U+00A6
0xA7	<>	LATIN_SMALL_LETTER_V_WITH_HOOK COMBINING_TILDE
0xA8	<>	LATIN_CAPITAL_LETTER_V_WITH_HOOK COMBINING_CIRCUMFLEX_ACCENT
0xA9	<>	LATIN_SMALL_LETTER_V_WITH_HOOK COMBINING_CIRCUMFLEX_ACCENT
0xAA	<>	LATIN_CAPITAL_LETTER_IOTA COMBINING_TILDE
0xAB	<>	LATIN_SMALL_LETTER_IOTA COMBINING_TILDE
0xAC	<>	U+00AC
0xAD	<> COMBINING_LONG_STROKE_OVERLAY
0xAE	<>	LATIN_CAPITAL_LETTER_IOTA COMBINING_CIRCUMFLEX_ACCENT
0xAF	<>	LATIN_SMALL_LETTER_IOTA COMBINING_CIRCUMFLEX_ACCENT
0xB0	<>	U+00B0
0xB1	<>	LATIN_SMALL_LETTER_M COMBINING_ACUTE_ACCENT
0xB2	<>	LATIN_CAPITAL_LETTER_M COMBINING_GRAVE_ACCENT
0xB3	<>	LATIN_SMALL_LETTER_M COMBINING_GRAVE_ACCENT
0xB4	<>	U+00B4
0xB5	<>	U+00B5
0xB6	<>	U+00B6
0xB7	<>	U+00B7
0xB8	<>	U+00B8
0xB9	<>	LATIN_CAPITAL_LETTER_ENG COMBINING_ACUTE_ACCENT
0xBA	<>	LATIN_SMALL_LETTER_ENG COMBINING_ACUTE_ACCENT
0xBB	<>	LATIN_CAPITAL_LETTER_ENG COMBINING_GRAVE_ACCENT
0xBC	<>	LATIN_SMALL_LETTER_ENG COMBINING_GRAVE_ACCENT
0xBD	<>	U+00BD
0xBE	<>	LATIN_CAPITAL_LETTER_M COMBINING_ACUTE_ACCENT
0xBF	<>	LATIN_CAPITAL_LETTER_V_WITH_HOOK COMBINING_TILDE
0xC0	<>	LATIN_CAPITAL_LETTER_A COMBINING_GRAVE_ACCENT
0xC1	<>	LATIN_CAPITAL_LETTER_A COMBINING_ACUTE_ACCENT
0xC2	<>	LATIN_CAPITAL_LETTER_OPEN_E
0xC3	<>	LATIN_CAPITAL_LETTER_OPEN_E COMBINING_GRAVE_ACCENT
0xC4	<>	LATIN_CAPITAL_LETTER_OPEN_E COMBINING_ACUTE_ACCENT
0xC5	<>	LATIN_CAPITAL_LETTER_ENG
0xC6	<>	LATIN_CAPITAL_LETTER_IOTA
0xC7	<>	LATIN_CAPITAL_LETTER_C_WITH_CEDILLA
0xC8	<>	LATIN_CAPITAL_LETTER_E COMBINING_GRAVE_ACCENT
0xC9	<>	LATIN_CAPITAL_LETTER_E COMBINING_ACUTE_ACCENT
0xCA	<>	LATIN_CAPITAL_LETTER_GAMMA
0xCB	<>	LATIN_LETTER_GLOTTAL_STOP
0xCC	<>	LATIN_CAPITAL_LETTER_I COMBINING_GRAVE_ACCENT
0xCD	<>	LATIN_CAPITAL_LETTER_I COMBINING_ACUTE_ACCENT
0xCE	<>	LATIN_CAPITAL_LETTER_IOTA COMBINING_GRAVE_ACCENT
0xCF	<>	LATIN_CAPITAL_LETTER_IOTA COMBINING_ACUTE_ACCENT
0xD0	<>	LATIN_CAPITAL_LETTER_AFRICAN_D
0xD1	<>	LATIN_CAPITAL_LETTER_F_WITH_HOOK
0xD2	<>	LATIN_CAPITAL_LETTER_O COMBINING_GRAVE_ACCENT
0xD3	<>	LATIN_CAPITAL_LETTER_O COMBINING_ACUTE_ACCENT
0xD4	<>	LATIN_CAPITAL_LETTER_OPEN_O
0xD5	<>	LATIN_CAPITAL_LETTER_OPEN_O COMBINING_GRAVE_ACCENT
0xD6	<>	LATIN_CAPITAL_LETTER_OPEN_O COMBINING_ACUTE_ACCENT
0xD7	<>	LATIN_CAPITAL_LETTER_N COMBINING_GRAVE_ACCENT
0xD8	<>	U+F217
0xD9	<>	LATIN_CAPITAL_LETTER_U COMBINING_GRAVE_ACCENT
0xDA	<>	LATIN_CAPITAL_LETTER_U COMBINING_ACUTE_ACCENT
0xDB	<>	LATIN_CAPITAL_LETTER_V_WITH_HOOK
0xDC	<>	LATIN_CAPITAL_LETTER_V_WITH_HOOK COMBINING_GRAVE_ACCENT
0xDD	<>	LATIN_CAPITAL_LETTER_V_WITH_HOOK COMBINING_ACUTE_ACCENT
0xDE	<>	LATIN_CAPITAL_LETTER_REVERSED_E
0xDF	<>	LATIN_CAPITAL_LETTER_N COMBINING_ACUTE_ACCENT
0xE0	<>	LATIN_SMALL_LETTER_A COMBINING_GRAVE_ACCENT
0xE1	<>	LATIN_SMALL_LETTER_A COMBINING_ACUTE_ACCENT
0xE2	<>	LATIN_SMALL_LETTER_OPEN_E
0xE3	<>	LATIN_SMALL_LETTER_OPEN_E COMBINING_GRAVE_ACCENT
0xE4	<>	LATIN_SMALL_LETTER_OPEN_E COMBINING_ACUTE_ACCENT
0xE5	<>	LATIN_SMALL_LETTER_ENG
0xE6	<>	LATIN_SMALL_LETTER_IOTA
0xE7	<>	LATIN_SMALL_LETTER_C_WITH_CEDILLA
0xE8	<>	LATIN_SMALL_LETTER_E COMBINING_GRAVE_ACCENT
0xE9	<>	LATIN_SMALL_LETTER_E COMBINING_ACUTE_ACCENT
0xEA	<>	LATIN_SMALL_LETTER_GAMMA
0xEB	<>	LATIN_CAPITAL_LETTER_EZH
0xEC	<>	LATIN_SMALL_LETTER_I COMBINING_GRAVE_ACCENT
0xED	<>	LATIN_SMALL_LETTER_I COMBINING_ACUTE_ACCENT
0xEE	<>	LATIN_SMALL_LETTER_IOTA COMBINING_GRAVE_ACCENT
0xEF	<>	LATIN_SMALL_LETTER_IOTA COMBINING_ACUTE_ACCENT
0xF0	<>	LATIN_SMALL_LETTER_D_WITH_TAIL
0xF1	<>	LATIN_SMALL_LETTER_F_WITH_HOOK
0xF2	<>	LATIN_SMALL_LETTER_O COMBINING_GRAVE_ACCENT
0xF3	<>	LATIN_SMALL_LETTER_O COMBINING_ACUTE_ACCENT
0xF4	<>	LATIN_SMALL_LETTER_OPEN_O
0xF5	<>	LATIN_SMALL_LETTER_OPEN_O COMBINING_GRAVE_ACCENT
0xF6	<>	LATIN_SMALL_LETTER_OPEN_O COMBINING_ACUTE_ACCENT
0xF7	<>	LATIN_SMALL_LETTER_N COMBINING_GRAVE_ACCENT
0xF8	<>	LATIN_SMALL_LETTER_EZH
0xF9	<>	LATIN_SMALL_LETTER_U COMBINING_GRAVE_ACCENT
0xFA	<>	LATIN_SMALL_LETTER_U COMBINING_ACUTE_ACCENT
0xFB	<>	LATIN_SMALL_LETTER_V_WITH_HOOK
0xFC	<>	LATIN_SMALL_LETTER_V_WITH_HOOK COMBINING_GRAVE_ACCENT
0xFD	<>	LATIN_SMALL_LETTER_V_WITH_HOOK COMBINING_ACUTE_ACCENT
0xFE	<>	LATIN_SMALL_LETTER_TURNED_E
0xFF	<>	LATIN_SMALL_LETTER_N COMBINING_ACUTE_ACCENT

pass( NFC_fwd )
