; TECkit mapping table to convert the Mali Standard font to and from Unicode.

EncodingName			"SIL-Mali Standard Font Family"
DescriptiveName		"SIL-Mali Standard Font to Unicode mapping"
Version				"2005"
Contact				"mailto:Doug_Higby@sil.org"
RegistrationAuthority	"(SIL)"
RegistrationName		"Mali Standard SILDoulos-2005"

pass ( Byte )  ; c Switch combining diacritics BEFORE <> AFTER the character

Class [Overstrike] = ( 0x80 0x81 0x8F 0x90 0xA8 0xC0 0xC1 0xC3 0xC5 0xC8..0xCA 0xCC 0xCD 0xD0 0xD1 0xD4 0xD5 0xD8 0xDA 0xDB 0xDE 0xF0 0xF5 0xF8 0xFE )
Class [nonOverstrike] = ( 0x20..0x7f 0x82..0x8E 0x91..0xA7 0xA9..0xBF 0xC2 0xC4 0xC6 0xC7 0xCB 0xCC 0xCE..0xCF 0xD2 0xD3 0xD6 0xD7 0xD9 0xDC 0xDF..0xEF 0xF1..0xF4 0xF6 0xF7 0xF9..0xFD 0xFF )
Class [Tier1] = ( 0x81 0x90 0xC0 0xC9 0xCA 0xD1 0xD4 0xDB 0xF0 0xF5 0xF8 0xFE 0xA8 )
Class [Tier2] = ( 0x80 0x8F 0xC1 0xC3 0xC5 0xC8 0xCC 0xCD 0xD0 0xD5 0xD8 0xDA 0xDE )
; it is possible that 0xA8 is not an overstrike character, but even so, it ought to be and I doubt that keeping this table consistant would endanger anyone's data.

[Tier2]=t2 [Tier1]=t1 [nonOverstrike]=x	>	@x @t1 @t2
[Overstrike]=o1 [Overstrike]=o2 [nonOverstrike]=x	<>	@x  @o1  @o2
[Overstrike]=o1 [nonOverstrike]=x	<>	@x @o1

pass ( Byte_Unicode )
RHSflags (ExpectsNFD)
ByteDefault		'?'
UniDefault		replacement_character
ByteClass [CTL] = ( 0x00 .. 0x1f )
UniClass  [CTL] = ( U+0000 .. U+001f )
ByteClass [SevenBit] = ( 0x20 .. 0x68 0x6A .. 0x7f )
UniClass  [SevenBit] = ( U+0020 .. U+0068 U+006A .. U+007f )
ByteClass [EightBit] = ( 0xA0 0xA2..0xA4 0xA6..0xB0 0xB4..0xB8 0xBA 0xBB 0xBD 0xBE 0xC6 0xDF 0xE6 )
UniClass  [EightBit] = ( U+00A0 U+00A2..U+00A4 U+00A6..U+00B0 U+00B4..U+00B8 U+00BA U+00BB U+00BD U+00BE U+00C6 U+00DF U+00E6 )
; Classes for low and high overstrike recipients.
UniClass[lowrecipient] = ( U+0020 U+0061 U+0065 U+0069 U+006F U+0075 U+025B U+0254 U+028A U+01DD U+0153 U+006D U+006E U+0272 U+014B U+0077 U+0079 U+007A )
UniClass[highrecipient] = ( U+0041 U+0045 U+0049 U+004F U+0055 U+0190 U+0186 U+004D U+004E U+019D U+014A U+0057 U+0059 U+005A U+00E0 .. U+00E2 U+00E4 U+00E8 .. U+00EF U+00F2 .. U+00F4 U+00F6 U+00F9 .. U+00FC U+026A U+0300 .. U+0304 U+0308 U+030C U+030F U+F173 U+F174 )
Uniclass [diacritic] = ( U+0300 .. U+0304 U+0308 U+030C U+030F U+F173 U+F174)

[CTL]		<>	[CTL]
[SevenBit]	<>	[SevenBit]
[EightBit]	<>	[EightBit]

0x80	<>	U+030F / [highrecipient] _	; OVERSTRIKE reversed_double_prime
0x81	<>	U+030F / [lowrecipient] _	; OVERSTRIKE reversed_double_prime
0x82	>	U+002C	; single_low_9_quotation_mark
0x83	<>	U+0192	; latin_small_letter_f_with_hook
0x84	<>	U+201E	; double_low_9_quotation_mark
0x85	<>	U+2026	; horizontal_ellipsis
0x86	<>	U+2020	; dagger
0x87	<>	U+02D7	; mysterious dash--unsure of its purpose
0x88	<>	U+02C6	; modifier_letter_circumflex_accent
0x89	<>	U+2030	; per_mille_sign
0x8A	<>	U+0053 U+030C	; latin_capital_letter_s combining_caron
0x8B	<>	U+2039	; single_left_pointing_angle_quotation_mark
0x8C	<>	U+0152	; latin_capital_ligature_oe
0x8D	<>	U+02B8	; modifier_letter_small_y
0x8E	<>	U+02B7	; modifier_letter_small_w
0x8F	<>	U+030B / [highrecipient] _ 	; OVERSTRIKE combining_double_acute_accent
0x90	<>	U+030B / [lowrecipient] _ 	; OVERSTRIKE combining_double_acute_accent
0x91	<>	U+2018	; left_single_quotation_mark
0x92	<>	U+2019	; right_single_quotation_mark
0x93	<>	U+201C	; left_double_quotation_mark
0x94	<>	U+201D	; right_double_quotation_mark
0x95	<>	U+2022	; bullet
0x96	<>	U+2013	; en_dash
0x97	<>	U+2014	; em_dash
0x98	<>	U+0181	; latin_capital_letter_b_with_hook
0x99	<>	U+018A	; latin_capital_letter_d_with_hook
0x9A	<>	U+0073 U+030C 	; latin_small_letter_s combining_caron
0x9B	<>	U+203A	; single_right_pointing_angle_quotation_mark
0x9C	<>	U+0153	; latin_small_ligature_oe
0x9D	<>	U+0292	; latin_small_letter_ezh
0x9E	<>	U+01B7	; latin_capital_letter_ezh
0x9F	<>	U+0059 U+0308 ; latin_capital_letter_y_with_diaeresis
0xA1	<>	U+0254	; latin_small_letter_open_o
0xA5	<>	U+025B	; latin_small_letter_open_e
0xB1	<>	U+0278	; latin_small_letter_phi
0xB2	<>	U+026A	; latin_letter_small_capital_i
0xB3	<>	U+028A	; latin_small_letter_upsilon
0xB9	<>	U+0069 / _ [diacritic] ; latin_small_letter_i
0x69	<>	U+0069
0xBC	<>	U+0186	; latin_capital_letter_open_o
0xBF	<>	U+014A	; latin_capital_letter_eng
0xC0	<>	U+0300 / [lowrecipient] _	; OVERSTRIKE combining_letter_grave_accent
0xC1	<>	U+0300 / [highrecipient] _	; OVERSTRIKE combining_letter_grave_accent
0xC2	<>	U+0041 U+0308	; latin_capital_letter_a combining_diaeresis
0xC3	<>	U+0304 / [highrecipient] _	; OVERSTRIKE combining_macron
0xC4	<>	U+0190	; latin_capital_letter_open_e
0xC5	<>	U+0301 / [highrecipient] _	; OVERSTRIKE combining_letter_acute_accent
0xC8	<>	U+0308 / [highrecipient] _	; OVERSTRIKE diaeresis
0xC9	<>	U+030C / [lowrecipient] _	; OVERSTRIKE caron
0xCA	<>	U+0302 / [lowrecipient] _	; OVERSTRIKE combining_letter_circumflex_accent
0xCC	<>	U+030C / [highrecipient] _	; OVERSTRIKE combining_caron
0xCD	<>	U+0302 / [highrecipient] _	; OVERSTRIKE combining_letter_circumflex_accent
0xD0	<>	U+F171 / [highrecipient] _	; OVERSTRIKE
0xD1	<>	U+0304 / [lowrecipient] _	; OVERSTRIKE combining_macron
0xD2	<>	U+019D	; latin_capital_letter_n_with_left_hook
0xD3	<>	U+01B3	; latin_capital_letter_y_with_hook
0xD4	<>	U+0301 / [lowrecipient] _	; OVERSTRIKE combining_letter_acute_accent
0xD5	<>	U+0303 / [highrecipient] _	; OVERSTRIKE combining_small_tilde
0xD7	<>	U+0283	; latin_small_letter_esh
0xD8	<>	U+F172 / [highrecipient] _	; OVERSTRIKE
0xD9	<>	U+0257	; latin_small_letter_d_with_hook
0xDA	<>	U+F173 / [highrecipient] _	; OVERSTRIKE
0xDB	<>	U+F173 / [lowrecipient] _	; OVERSTRIKE
0xDE	<>	U+F174 / [highrecipient] _	; OVERSTRIKE
0xE3	<>	U+014B	; latin_small_letter_eng
0xE5	<>	U+0272	; latin_small_letter_n_with_left_hook
0xF0	<>	U+F171 / [lowrecipient] _	; OVERSTRIKE
0xF1	<>	U+01B4	; latin_small_letter_y
0xF5	<>	U+0303 / [lowrecipient] _	; OVERSTRIKE combining_small_tilde
0xF7	<>	U+0294	; LATIN_LETTER_GLOTTAL_STOP
0xF8	<>	U+F174 / [lowrecipient] _	; OVERSTRIKE
0xFD	<>	U+01DD	; LATIN_SMALL_LETTER_TURNED_E
0xFE	<>	U+F174 / [lowrecipient] _	; OVERSTRIKE
0xFF	<>	U+0253	; LATIN_SMALL_LETTER_B_WITH_HOOK

0xC7  <>  LATIN_CAPITAL_LETTER_C COMBINING_CEDILLA
0xCB  <>  LATIN_CAPITAL_LETTER_E COMBINING_DIAERESIS
0xCE  <>  LATIN_CAPITAL_LETTER_I COMBINING_CIRCUMFLEX_ACCENT
0xCF  <>  LATIN_CAPITAL_LETTER_I COMBINING_DIAERESIS
0xD6  <>  LATIN_CAPITAL_LETTER_O COMBINING_DIAERESIS
0xDC  <>  LATIN_CAPITAL_LETTER_U COMBINING_DIAERESIS
0xDD  <>  LATIN_CAPITAL_LETTER_Y COMBINING_ACUTE_ACCENT
0xE0  <>  LATIN_SMALL_LETTER_A COMBINING_GRAVE_ACCENT
0xE1  <>  LATIN_SMALL_LETTER_A COMBINING_ACUTE_ACCENT
0xE2  <>  LATIN_SMALL_LETTER_A COMBINING_CIRCUMFLEX_ACCENT
0xE4  <>  LATIN_SMALL_LETTER_A COMBINING_DIAERESIS
0xE7  <>  LATIN_SMALL_LETTER_C COMBINING_CEDILLA
0xE8  <>  LATIN_SMALL_LETTER_E COMBINING_GRAVE_ACCENT
0xE9  <>  LATIN_SMALL_LETTER_E COMBINING_ACUTE_ACCENT
0xEA  <>  LATIN_SMALL_LETTER_E COMBINING_CIRCUMFLEX_ACCENT
0xEB  <>  LATIN_SMALL_LETTER_E COMBINING_DIAERESIS
0xEC  <>  LATIN_SMALL_LETTER_I COMBINING_GRAVE_ACCENT
0xED  <>  LATIN_SMALL_LETTER_I COMBINING_ACUTE_ACCENT
0xEE  <>  LATIN_SMALL_LETTER_I COMBINING_CIRCUMFLEX_ACCENT
0xEF  <>  LATIN_SMALL_LETTER_I COMBINING_DIAERESIS
0xF2  <>  LATIN_SMALL_LETTER_O COMBINING_GRAVE_ACCENT
0xF3  <>  LATIN_SMALL_LETTER_O COMBINING_ACUTE_ACCENT
0xF4  <>  LATIN_SMALL_LETTER_O COMBINING_CIRCUMFLEX_ACCENT
0xF6  <>  LATIN_SMALL_LETTER_O COMBINING_DIAERESIS
0xF9  <>  LATIN_SMALL_LETTER_U COMBINING_GRAVE_ACCENT
0xFA  <>  LATIN_SMALL_LETTER_U COMBINING_ACUTE_ACCENT
0xFB  <>  LATIN_SMALL_LETTER_U COMBINING_CIRCUMFLEX_ACCENT
0xFC  <>  LATIN_SMALL_LETTER_U COMBINING_DIAERESIS
