EncodingName	"X-SIL-Senufo"
DescriptiveName	"Senufo"
Version	"2003"
Contact	"mailto:Doug@higbyfamily.com"

ByteClass	[ascii]	=	( 0x00..0x3f 0x41..0x7F)
UniClass	[ascii]	=	( U+0000..U+003F U+0041..U+007F )
ByteClass	[latin1]	=	(0xA0 0xB3 0xB4 0xB6 0xB7 0xBB 0xBC 0xC8 0xC9 0xCD 0xCF 0xD9 0xDB 0xDC 0xDF 0xE9 0xF4)
UniClass	[latin1]	=	(U+00A0 U+00B3 U+00B4 U+00B6 U+00B7 U+00BB U+00BC U+00C8 U+00C9 U+00CD U+00CF U+00D9 U+00DB U+00DC U+00DF U+00E9 U+00F4 )

[ascii]	<>	[ascii]
[latin1]	<>	[latin1]

;	ASCII	Codes	which	change
0x81	<>	U+01D4 ; LATIN_SMALL_LETTER_U_WITH_CARON
0x82	<>	U+00E9 ; LATIN_SMALL_LETTER_E_WITH_ACUTE
0x83	<>	U+00E2 ; LATIN_SMALL_LETTER_A_WITH_CIRCUMFLEX
0x84	<>	U+01CE ; LATIN_SMALL_LETTER_A_WITH_CARON
0x85	<>	U+00E0 ; LATIN_SMALL_LETTER_A_WITH_GRAVE
0x86	<>	U+0101 ; LATIN_SMALL_LETTER_A_WITH_MACRON
0x87	<>	U+00E7 ; LATIN_SMALL_LETTER_C_WITH_CEDILLA
0x88	<>	U+00EA ; LATIN_SMALL_LETTER_E_WITH_CIRCUMFLEX
0x89	<>	U+00EB ; LATIN_SMALL_LETTER_E_WITH_DIAERESIS
0x8A	<>	U+00E8 ; LATIN_SMALL_LETTER_E_WITH_GRAVE
0x8B	<>	U+00EF ; LATIN_SMALL_LETTER_I_WITH_DIAERESIS
0x8C	<>	U+00EE ; LATIN_SMALL_LETTER_I_WITH_CIRCUMFLEX
0x8D	<>	U+00EC ; LATIN_SMALL_LETTER_I_WITH_GRAVE
0x8E	<>	U+011B ; LATIN_SMALL_LETTER_E_WITH_CARON
0x8F	<>	U+012B ; LATIN_SMALL_LETTER_I_WITH_MACRON
0x90	<>	U+0269 U+F173
0x91	<>	U+025b U+0301
0x92	<>	U+025B U+0300
0x93	<>	U+00F4 ; LATIN_SMALL_LETTER_O_WITH_CIRCUMFLEX
0x94	<>	U+014D ; LATIN_SMALL_LETTER_O_WITH_MACRON
0x95	<>	U+00F2 ; LATIN_SMALL_LETTER_O_WITH_GRAVE
0x96	<>	U+00FB ; LATIN_SMALL_LETTER_U_WITH_CIRCUMFLEX
0x97	<>	U+00F9 ; LATIN_SMALL_LETTER_U_WITH_GRAVE
0x98	<>	U+016B ; LATIN_SMALL_LETTER_U_WITH_MACRON
0x99	<>	U+0254 U+0301
0x9A	<>	U+0254 U+0300
0x9B	<>	U+0254 ; LATIN_SMALL_LETTER_OPEN_O
0x9C	<>	U+00AB ; LEFT-POINTING_DOUBLE_ANGLE_QUOTATION_MARK
0x9D	<>	U+0254
0x9E	<>	U+014A ; LATIN_CAPITAL_LETTER_ENG
0x9F	<>	U+0254 U+0302


0xA1	<>	U+00ED ; LATIN_SMALL_LETTER_I_WITH_ACUTE
0xA2	<>	U+00F3 ; LATIN_SMALL_LETTER_O_WITH_ACUTE
0xA3	<>	U+00FA ; LATIN_SMALL_LETTER_U_WITH_ACUTE
0xA4	<>	U+0272 ; LATIN_SMALL_LETTER_N_WITH_LEFT_HOOK
0xA5	<>	U+019D  ; LATIN_CAPITAL_LETTER_N_WITH_LEFT_HOOK
0xA6	<>	U+025B U+030C
0xA7	<>	U+0254 U+030C
0xA8	<>	U+0294 ; LATIN_LETTER_GLOTTAL_STOP
0xA9	<>	U+2018 ; LEFT_SINGLE_QUOTATION_MARK
0xAA	<>	U+F173
0xAB	<>	U+0113
0xAC	<>	U+0069 U+030C
0xAD	<>	U+006F U+030C
0xAE	<>	U+2039 ; SINGLE_LEFT-POINTING_ANGLE_QUOTATION_MARK
0xAF	<>	U+203A ; SINGLE_RIGHT-POINTING_ANGLE_QUOTATION_MARK
0xB0	<>	U+02C6
0xB1	<>	U+F171
0xB2	<>	U+00B2

0xB5	<>	U+0061 U+F173

0xB8	<>	U+025B  U+F173
0xB9	<>	U+00C1 ; LATIN_CAPITAL_LETTER_A_WITH_ACUTE
0xBA	<>	U+201C ; LEFT_DOUBLE_QUOTATION_MARK

0xBD	<>	U+0069 U+F173
0xBE	<>	U+006F U+F173
0xBF	<>	U+2022
0xC0	<>	U+200C ; ZERO_WIDTH_NON-JOINER
0xC1	<>	U+200D ; ZERO_WIDTH_JOINER
0xC2	<>	U+0065 U+F173
0xC3	<>	U+00E1 ; LATIN_SMALL_LETTER_A_WITH_ACUTE
0xC4	<>	U+0186 ; LATIN_CAPITAL_LETTER_OPEN_O
0xC5	<>	U+00C0 ; LATIN_CAPITAL_LETTER_A_WITH_GRAVE
0xC6	<>	U+0254 U+F173

0xCA	<>	U+0069 U+F171
0xCB	<>	U+0269 U+0301
0xCC	<>	U+0269 U+0300

0xCE	<>	U+0269 U+F171

0xD0	<>	U+0076 U+0300
0xD1	<>	U+2014
0xD2	<>	U+0075 U+F171
0xD3	<>	U+0075 U+F173
0xD4	<>	U+006F U+F171
0xD5	<>	U+0061 U+F171
0xD6	<>	U+0254 U+F171
0xD7	<>	U+201D ; RIGHT_DOUBLE_QUOTATION_MARK
0xD8	<>	U+0065 U+F171
0xD9	<>	U+00D9 ; LATIN_CAPITAL_LETTER_U_WITH_GRAVE
0xDA	<>	U+2019

0xDD	<>	U+222B
0xDE	<>	U+F216

0xE0	<>	U+0269 U+0302
0xE1	<>	U+006D U+030C
0xE2	<>	U+006D U+0304
0xE3	<>	U+025B U+0304
0xE4	<>	U+006E U+0304
0xE5	<>	U+1E3F ; LATIN_SMALL_LETTER_M_WITH_ACUTE
0xE6	<>	U+006D U+0300
0xE7	<>	U+007A U+0300
0xE8	<>	U+0272 U+0304
0xE9	<>	U+00E9 ; LATIN_SMALL_LETTER_E_WITH_ACUTE
0xEA	<>	U+025B U+0302
0xEB	<>	U+014B U+0301
0xEC	<>	U+014B U+0300
0xED	<>	U+014B U+0304 ; latin_small_letter_eng  --  SILID 1418
0xEE	<>	U+025B
0xEF	<>	U+0272 U+0301
0xF0	<>	U+025B U+F171
0xF1	<>	U+0144 ; LATIN_SMALL_LETTER_N_WITH_ACUTE
0xF2	<>	U+0272 U+0300
0xF3	<>	U+02CA

0xF5	<>	U+0269 ; LATIN_SMALL_LETTER_IOTA
0xF6	<>	U+00A8 ; DIAERESIS
0xF7	<>	U+00AF
0xF8	<>	U+01F9 ; LATIN_SMALL_LETTER_N_WITH_GRAVE
0xF9	<>	U+1E81 ; LATIN_SMALL_LETTER_W_WITH_GRAVE

0xFB	<>	U+02C7 ; CARON
0xFC	<>	U+014B ; LATIN_SMALL_LETTER_ENG
0xFD	<>	U+006E U+0302
0xFE	<>	U+0148 ; LATIN_SMALL_LETTER_N_WITH_CARON
0xFF	<>	U+0190 ; LATIN_CAPITAL_LETTER_OPEN_E
