EncodingName		'SIL-Samogho-2006'
DescriptiveName	'SIL Samogho encoding conversion map'
Version		'1.0'
Contact		'mailto:Doug_Higby@sil.org'
RegistrationAuthority 'SIL'
RegistrationName 	'SIL Samogho Doulos/Sophia/Manuscript'

pass ( Byte )  ; c Correct ordering of diacritics

Class [Tier1] = ( 0x81 0x8b 0x9b 0x9f 0xA7 0xA9 0xAE 0xB0 0xB5 0xBA 0xC1 0xC3 0xC6 )
Class [Tier2] = ( 0x80 0x8a 0x9a 0x9e 0xA6 0xA8 0xAD 0xAF 0xB4 0xB8 0xC0 0xC2 0xC5 0xB9 )
Class [Tier3] = ( 0xCD 0xCE )

[Tier2]=t2 [Tier1]=t1 		> 	@t1 @t2
[Tier3]=t3 [Tier2]=t2 [Tier1]=t1	>	@t1 @t2 @t3
[Tier2]=t2 [Tier3]=t3 [Tier1]=t1	>	@t1 @t2 @t3
[Tier3]=t3 [Tier1]=t1 [Tier2]=t2	>	@t1 @t2 @t3
[Tier1]=t1 [Tier3]=t3 [Tier2]=t2	>	@t1 @t2 @t3

pass( byte_Unicode )
;set normalization flags
RHSflags (ExpectsNFD GeneratesNFC)

ByteDefault		'?'
UniDefault		replacement_character

ByteClass [CTL] = ( 0x00 .. 0x1f )
UniClass  [CTL] = ( U+0000 .. U+001f )
ByteClass [SevenBit] = ( 0x20 .. 0x7f )
UniClass  [SevenBit] = ( U+0020 .. U+007f )
; Classes for the four types of overstrike recipients.
UniClass[Low] = ( U+0020 U+0061 .. U+0068 U+006A .. U+007A U+025B U+0254 U+028A U+01DD U+0153 U+0272 U+014B )
UniClass[High] = ( U+0041 .. U+0048 U+004A .. U+005A U+0190 U+0186 U+019D U+014A U+026A U+0303 )
UniClass[LowNar] = ( U+0069 U+0269 )
UniClass[HighNar] = ( U+0049 U+0196 )
UniClass[Baseline] = ( U+0041 .. U+005A U+0061 .. U+0066 U+0068 U+0069 U+006B .. U+006F U+0072 .. U+0078 U+007A  )
UniClass[Descender] = ( U+0067 U+006A U+0070 U+0071 U+0079 )
Uniclass [diacritic] = ( U+0300 .. U+0304 U+0308 U+030B U+030C U+030F U+F173 U+F174)

Define LowNormal [Low] _
Define HighNormal [High] _
Define LowNarrow [LowNar] _
Define HighNarrow [HighNar] _
Define Baseline [Baseline] _
Define Descender [Descender] _

[CTL]		<>	[CTL]
[SevenBit]	<>	[SevenBit]

0x80	<>	combining_acute_accent / HighNarrow
0x81	<>	combining_acute_accent / LowNarrow
0x82	<>	latin_small_letter_a combining_caron
0x83	<>	latin_small_letter_e combining_caron
0x84	<>	LATIN_CAPITAL_LETTER_A_WITH_ACUTE
0x85	<>	HORIZONTAL_ELLIPSIS
0x86	<>	dagger
0x87	<>	double_dagger
0x88	<>	latin_small_letter_o combining_caron
0x89	<>	per_mille_sign
0x8a	<>	combining_acute_accent / HighNormal
0x8b	<>	combining_acute_accent / LowNormal
0x8c	<>	latin_capital_ligature_oe
0x8d	<>	latin_capital_letter_open_e combining_grave_accent
0x8e	<>	latin_small_letter_iota combining_acute_accent
0x8f	<>	latin_capital_letter_open_o combining_grave_accent
0x90	<>	latin_capital_letter_open_o combining_acute_accent
0x91	<>	left_single_quotation_mark
0x92	<>	right_single_quotation_mark
0x93	<>	left_double_quotation_mark
0x94	<>	right_double_quotation_mark
0x95	<>	bullet
0x96	<>	en_dash
0x97	<>	em_dash
0x98	<>	LATIN_CAPITAL_LETTER_A_WITH_GRAVE
0x99	<>	LATIN_CAPITAL_LETTER_I_WITH_ACUTE
0x9a	<>	combining_grave_accent / HighNarrow
0x9b	<>	combining_grave_accent / LowNarrow
0x9c	<>	latin_small_ligature_oe
0x9d	<>	latin_small_letter_u combining_caron
0x9e	<>	combining_grave_accent / HighNormal
0x9f	<>	combining_grave_accent / LowNormal
0xA0	<>	U+00A0 ;NO-BREAK_SPACE
0xA1	<>	latin_small_letter_open_o
0xA2	<>	latin_small_letter_open_o combining_acute_accent
0xA3	<>	latin_small_letter_open_o combining_grave_accent
0xA4	<>	CURRENCY_SIGN
0xA5	<>	LATIN_SMALL_LETTER_OPEN_E
0xA6	<>	combining_circumflex_accent / HighNarrow
0xA7	<>	combining_circumflex_accent / LowNarrow
0xA8	<>	combining_circumflex_accent / HighNormal
0xA9	<>	combining_circumflex_accent / LowNormal
0xAA	<>	LATIN_SMALL_LETTER_OPEN_E combining_acute_accent
0xAB	<>	U+00AB ;LEFT-POINTING_DOUBLE_ANGLE_QUOTATION_MARK
0xAC	<>	NOT_SIGN
0xAD	<>	combining_caron / HighNarrow
0xAE	<>	combining_caron / LowNarrow
0xAF	<>	combining_caron / HighNormal
0xB0	<>	combining_caron / LowNormal
0xB1	<>	latin_capital_letter_i_with_grave
0xB2	<>	latin_small_letter_open_e combining_caron
0xB3	<>	latin_small_letter_open_o combining_caron
0xB4	<>	COMBINING_DOT_ABOVE / HighNarrow
0xB5	<>	COMBINING_DOT_ABOVE / LowNarrow
0xB6	<>	pilcrow_sign
0xB7	<>	U+00B7 ;middle dot (i suspect this may be low narrow diaeresis but can't display it as such)
0xB8	<>	combining_diaeresis / HighNarrow
0xB9	<>	combining_dot_above / HighNormal
0xBA	<>	COMBINING_DOT_ABOVE / LowNormal
0xBB	<>	U+00BB ;RIGHT-POINTING_DOUBLE_ANGLE_QUOTATION_MARK
0xBC	<>	LATIN_CAPITAL_LETTER_OPEN_O
0xBD	<>	LATIN_SMALL_LETTER_V_WITH_HOOK combining_caron
0xBE	<>	latin_small_letter_open_e combining_diaeresis
0xBF	<>	LATIN_CAPITAL_LETTER_ENG
0xC0	<>	combining_macron / HighNarrow
0xC1	<>	combining_macron / LowNarrow
0xC2	<>	combining_macron / HighNormal
0xC3	<>	combining_macron / LowNormal
0xC4	<>	latin_capital_letter_open_e
0xC5	<>	combining_diaeresis / HighNormal
0xC6	<>	combining_diaeresis / LowNormal
0xC7	<>	LATIN_CAPITAL_LETTER_C_WITH_CEDILLA
0xC8	<>	latin_small_letter_v_with_hook combining_grave_accent
0xC9	<>	latin_small_letter_v_with_hook combining_acute_accent
0xCA	<>	latin_small_letter_v_with_hook combining_circumflex_accent
0xCB	<>	latin_small_letter_open_o combining_diaeresis
0xCC	<>	latin_small_letter_v_with_hook combining_diaeresis
0xCD	<>	COMBINING_DOT_BELOW / Baseline
0xCE	<>	COMBINING_DOT_BELOW / Descender
0xCF	<>	latin_capital_letter_v_with_hook
0xD0	<>	latin_small_letter_v_with_hook
0xD1	<>	LATIN_SMALL_LETTER_I_WITH_STROKE
0xD2	<>	LATIN_CAPITAL_LETTER_N_WITH_LEFT_HOOK
0xD3	<>	LATIN_CAPITAL_LETTER_OPEN_E COMBINING_ACUTE_ACCENT
0xD4	<>	LATIN_LETTER_GLOTTAL_STOP
0xD5	>   latin_small_letter_a
0xD6	<>	LATIN_SMALL_LETTER_B_WITH_HOOK
0xD7	<>	latin_small_letter_open_e combining_circumflex_accent
0xD8	<>	LATIN_CAPITAL_LETTER_O_WITH_STROKE
0xD9	<>	latin_small_letter_d_with_hook
0xDA	<>	LATIN_SMALL_LETTER_IOTA
0xDB	<>	LATIN_SMALL_LETTER_IOTA combining_caron
0xDC	<>	U+0069 / _ [diacritic] ; latin_small_letter_i
0xDD	<>	latin_small_letter_open_o combining_circumflex_accent
0xDE	<>	latin_small_letter_open_e combining_grave_accent
0xDF	<>	LATIN_CAPITAL_LETTER_THORN
0xE0	<>	LATIN_SMALL_LETTER_A combining_grave_accent
0xE1	<>	latin_small_letter_a combining_acute_accent
0xE2	<>	latin_small_letter_a combining_circumflex_accent
0xE3	<>	latin_small_letter_eng
0xE4	<>	latin_small_letter_a combining_diaeresis
0xE5	<>	LATIN_SMALL_LETTER_N_WITH_LEFT_HOOK
0xE6	<>	LATIN_SMALL_LETTER_AE
0xE7	<>	LATIN_SMALL_LETTER_c_with_cedilla
0xE8	<>	latin_small_letter_e combining_grave_accent
0xE9	<>	latin_small_letter_e combining_acute_accent
0xEA	<>	latin_small_letter_e combining_circumflex_accent
0xEB	<>	latin_small_letter_e combining_diaeresis
0xEC	<>	latin_small_letter_i combining_grave_accent
0xED	<>	latin_small_letter_i combining_acute_accent
0xEE	<>	latin_small_letter_i combining_circumflex_accent
0xEF	<>	latin_small_letter_i combining_diaeresis
0xF0	<>	latin_small_letter_i combining_caron
0xF1	<>	latin_small_letter_y_with_hook
0xF2	<>	latin_small_letter_o combining_grave_accent
0xF3	<>	latin_small_letter_o combining_acute_accent
0xF4	<>	latin_small_letter_o combining_circumflex_accent
0xF5	<>	latin_small_letter_o combining_tilde
0xF6	<>	latin_small_letter_o combining_diaeresis
0xF7	<>	division_sign
0xF8	<>	LATIN_SMALL_LETTER_O_WITH_STROKE
0xF9	<>	latin_small_letter_u combining_grave_accent
0xFA	<>	latin_small_letter_u combining_acute_accent
0xFB	<>	latin_small_letter_u combining_circumflex_accent
0xFC	<>	latin_small_letter_u combining_diaeresis
0xFD	<>	LATIN_SMALL_LETTER_SCHWA
0xFE	<>	U+2011 ;NON-BREAKING_HYPHEN
0xFF	<>	latin_small_letter_y combining_diaeresis

pass( NFC_fwd )
