EncodingName            "SIL-TBB-1996"
DescriptiveName         "SIL Togo-Benin branch standard font encoding"
Version                 "4"
Contact                 "mailto:david_rowe@sil.org"
RegistrationAuthority   "SIL International"
RegistrationName        "SIL-TBB-2011"

; Version History
; 0 -- 13 Feb 2004 -- initial entry based on Keyman data = sections (1) and (2a).
; 1 -- 15 Feb 2004 -- additional information = sections (2b) and (2c) to handle
; 			 diacritics when not entered in accordance with Keyman table.
; 2 -- 09 Mar 2004 -- addition of RHSFlags statement
; 3 -- 27 Sep 2006 -- add xA0 (no break space), xB6 (paragraph sign), xB7 (middle dot)
; 4 -- 17 May 2011 -- correction for upper and lower case ezh (curly z)
; 			upper case curly Z: Tbb: 0xbd Unicode: U+01B7
; 			lower case curly z: Tbb: 0xba Unicode: U+0292


; NOTE: This table assumes Fully Decomposed Unicode input!
; Unicode -- the "right-hand side" of the mapping -- expects
; Normalization Fully Decomposed. The following statement instructs
; TECkit to perform a normalization step before trying to apply
; the mapping rules.

RHSFlags (ExpectsNFD)

; NOTE (27 Sep 2006): The above isn't 100% accurate. For example, the
; "0x41 0xb4 	<>	U+00C5	; A angstrom" line should have U+0041 U+030A
; on the Unicode side to be fully decomposed.

; (1) The first 128 characters follow the standard mapping.
ByteClass [First128] = (   0x00 .. 0x7f   )
UniClass  [First128] = ( U+0000 .. U+007f )
[First128]	<> [First128]

; (2) The next 128 characters include base characters and multiple diacritics.
; There are, for example, eight characters for the grave accent each varying
; in vertical and/or horizontal position.

; (2a) The following combinations are taken directly from the Keyman table,
; which wasn't written to use groups of base characters for diacritics.
; These are the "standard" mappings used when converting from Unicode
; back to the Tbb legacy encoding.

0x41 0xc0 	<>	U+0041 U+0300	; A grave
0x61 0xc8 	<>	U+0061 U+0300	; a grave
0x41 0xc6 	<>	U+0041 U+0304	; A mid
0x61 0xce 	<>	U+0061 U+0304	; a mid
0x41 0xc1 	<>	U+0041 U+0301	; A acute
0x61 0xc9 	<>	U+0061 U+0301	; a acute
0x41 0xc2 	<>	U+0041 U+0302	; A circumflex
0x61 0xca 	<>	U+0061 U+0302	; a circumflex
0x41 0xc5 	<>	U+0041 U+030C	; A wedge
0x61 0xcd 	<>	U+0061 U+030C	; a wedge
0x41 0xc4 	<>	U+0041 U+0308	; A trema
0x61 0xcc 	<>	U+0061 U+0308	; a trema
0x41 0xb4 	<>	U+00C5	; A angstrom
0x61 0xb3 	<>	U+00E5	; a angstrom
0x41 0xc3 	<>	U+0041 U+0303	; A tilde
0x61 0xcb 	<>	U+0061 U+0303	; a tilde
0x61 0xcb 0xe0 	<>	U+0061 U+0303 U+0300	; a tilde grave
0x61 0xcb 0xbc 	<>	U+0061 U+0303 U+0304	; a tilde mid
0x61 0xcb 0xc1 	<>	U+0061 U+0303 U+0301	; a tilde acute
0x61 0xcb 0xb2 	<>	U+0061 U+0303 U+0302	; a tilde circumflex
0x61 0xcb 0xb5 	<>	U+0061 U+0303 U+030C	; a tilde wedge
0x41 0xc7 	<>	U+0041 U+0330	; A u-tilde
0x61 0xcf 	<>	U+0061 U+0330	; a u-tilde
0x41 0xc7 0xc0 	<>	U+0041 U+0330 U+0300	; A u-tilde grave
0x61 0xcf 0xc8 	<>	U+0061 U+0330 U+0300	; a u-tilde grave
0x41 0xc7 0xc6 	<>	U+0041 U+0330 U+0304	; A u-tilde mid
0x61 0xcf 0xce 	<>	U+0061 U+0330 U+0304	; a u-tilde mid
0x41 0xc7 0xc1 	<>	U+0041 U+0330 U+0301	; A u-tilde acute
0x61 0xcf 0xc9 	<>	U+0061 U+0330 U+0301	; a u-tilde acute
0x41 0xc7 0xc2 	<>	U+0041 U+0330 U+0302	; A u-tilde circumflex
0x61 0xcf 0xca 	<>	U+0061 U+0330 U+0302	; a u-tilde circumflex
0x41 0xc7 0xc5 	<>	U+0041 U+0330 U+030C	; A u-tilde wedge
0x61 0xcf 0xcd 	<>	U+0061 U+0330 U+030C	; a u-tilde wedge
0x9f 	<>	U+0251 	; phonetic a
0x9f 0xc8 	<>	U+0251 U+0300	; phonetic a grave
0x9f 0xce 	<>	U+0251 U+0304	; phonetic a mid
0x9f 0xc9 	<>	U+0251 U+0301	; phonetic a acute
0x9f 0xca 	<>	U+0251 U+0302	; phonetic a circumflex
0x9f 0xcd 	<>	U+0251 U+030C	; phonetic a wedge
0x9f 0xcc 	<>	U+0251 U+0308	; phonetic a trema
0x9f 0xcb 	<>	U+0251 U+0303	; phonetic a tilde
0x9f 0xcf 	<>	U+0251 U+0330	; phonetic a u-tilde
0x9f 0xcb 0xe0 	<>	U+0251 U+0303 U+0300	; phonetic a tilde grave
0x9f 0xcf 0xc8 	<>	U+0251 U+0330 U+0300	; phonetic a u-tilde grave
0x9f 0xcb 0xbc 	<>	U+0251 U+0303 U+0304	; phonetic a tilde mid
0x9f 0xcf 0xce 	<>	U+0251 U+0330 U+0304	; phonetic a u-tilde mid
0x9f 0xcb 0xc1 	<>	U+0251 U+0303 U+0301	; phonetic a tilde acute
0x9f 0xcf 0xc9 	<>	U+0251 U+0330 U+0301	; phonetic a u-tilde acute
0x9f 0xcb 0xb2 	<>	U+0251 U+0303 U+0302	; phonetic a tilde circumflex
0x9f 0xcf 0xca 	<>	U+0251 U+0330 U+0302	; phonetic a u-tilde circumflex
0x9f 0xcb 0xb5 	<>	U+0251 U+0303 U+030C	; phonetic a tilde wedge
0x9f 0xcf 0xcd 	<>	U+0251 U+0330 U+030C	; phonetic a u-tilde wedge
0xf2 	<>	U+00C6	; Ash uc
0xf3 	<>	U+00E6	; ash
0x42 0xd0 	<>	U+0042 U+0300	; B grave
0x62 0xe0 	<>	U+0062 U+0300	; b grave
0x42 0xc6 	<>	U+0042 U+0304	; B mid
0x62 0xbc 	<>	U+0062 U+0304	; b mid
0x42 0xc1 	<>	U+0042 U+0301	; B acute
0x62 0xb1 	<>	U+0062 U+0301	; b acute
0x42 0xc3 	<>	U+0042 U+0303	; B tilde
0x62 0xd3 	<>	U+0062 U+0303	; b tilde
0xa6 	<>	U+0181	; implosive B
0xa7 	<>	U+0253	; implosive b
0x43 0x88 	<>	U+00C7	; C cedilla
0x63 0x89 	<>	U+00E7	; c cedilla
0x82 	<>	U+0189	; aveo-palatal D
0x83 	<>	U+0256	; aveo-palatal d
0xa1 	<>	U+018A	; implosive D
0xa2 	<>	U+0257	; implosive d
0x45 0xd0 	<>	U+0045 U+0300	; E grave
0x65 0xc8 	<>	U+0065 U+0300	; e grave
0x45 0xd6 	<>	U+0045 U+0304	; E mid
0x65 0xce 	<>	U+0065 U+0304	; e mid
0x45 0xd1 	<>	U+0045 U+0301	; E acute
0x65 0xc9 	<>	U+0065 U+0301	; e acute
0x45 0xd2 	<>	U+0045 U+0302	; E circumflex
0x65 0xca 	<>	U+0065 U+0302	; e circumflex
0x45 0xd5 	<>	U+0045 U+030C	; E wedge
0x65 0xcd 	<>	U+0065 U+030C	; e wedge
0x45 0xd4 	<>	U+0045 U+0308	; E trema
0x65 0xcc 	<>	U+0065 U+0308	; e trema
0x45 0xd3 	<>	U+0045 U+0303	; E tilde
0x65 0xcb 	<>	U+0065 U+0303	; e tilde
0x65 0xcb 0xe0 	<>	U+0065 U+0303 U+0300	; e tilde grave
0x65 0xcb 0xbc 	<>	U+0065 U+0303 U+0304	; e tilde mid
0x65 0xcb 0xc1 	<>	U+0065 U+0303 U+0301	; e tilde acute
0x65 0xcb 0xb2 	<>	U+0065 U+0303 U+0302	; e tilde circumflex
0x65 0xcb 0xb5 	<>	U+0065 U+0303 U+030C	; e tilde wedge
0x45 0xd7 	<>	U+0045 U+0330	; E u-tilde
0x65 0xcf 	<>	U+0065 U+0330	; e u-tilde
0x45 0xd7 0xd0 	<>	U+0045 U+0330 U+0300	; E u-tilde grave
0x65 0xcf 0xc8 	<>	U+0065 U+0330 U+0300	; e u-tilde grave
0x45 0xd7 0xd6 	<>	U+0045 U+0330 U+0304	; E u-tilde mid
0x65 0xcf 0xce 	<>	U+0065 U+0330 U+0304	; e u-tilde mid
0x45 0xd7 0xd1 	<>	U+0045 U+0330 U+0301	; E u-tilde acute
0x65 0xcf 0xc9 	<>	U+0065 U+0330 U+0301	; e u-tilde acute
0x45 0xd7 0xd2 	<>	U+0045 U+0330 U+0302	; E u-tilde circumflex
0x65 0xcf 0xca 	<>	U+0065 U+0330 U+0302	; e u-tilde circumflex
0x45 0xd7 0xd5 	<>	U+0045 U+0330 U+030C	; E u-tilde wedge
0x65 0xcf 0xcd 	<>	U+0065 U+0330 U+030C	; e u-tilde wedge
0xfe 	<>	U+0190	; epsilon uc
0xff 	<>	U+025B	; epsilon
0xfe 0xd0 	<>	U+0190 U+0300	; epsilon uc grave
0xff 0xd8 	<>	U+025B U+0300	; epsilon grave
0xfe 0xd6 	<>	U+0190 U+0304	; epsilon uc mid
0xff 0xde 	<>	U+025B U+0304	; epsilon mid
0xfe 0xd1 	<>	U+0190 U+0301	; epsilon uc acute
0xff 0xc9 	<>	U+025B U+0301	; epsilon acute
0xfe 0xd2 	<>	U+0190 U+0302	; epsilon uc circumflex
0xff 0xca 	<>	U+025B U+0302	; epsilon circumflex
0xfe 0xd5 	<>	U+0190 U+030C	; epsilon uc wedge
0xff 0xcd 	<>	U+025B U+030C	; epsilon wedge
0xfe 0xd3 	<>	U+0190 U+0303	; epsilon uc tilde
0xff 0xdb 	<>	U+025B U+0303	; epsilon tilde
0xff 0xdb 0xe0 	<>	U+025B U+0303 U+0300	; epsilon tilde grave
0xff 0xdb 0xbc 	<>	U+025B U+0303 U+0304	; epsilon tilde mid
0xff 0xdb 0xd1 	<>	U+025B U+0303 U+0301	; epsilon tilde acute
0xff 0xdb 0xb2 	<>	U+025B U+0303 U+0302	; epsilon tilde circumflex
0xff 0xdb 0xb5 	<>	U+025B U+0303 U+030C	; epsilon tilde wedge
0xfe 0xd7 	<>	U+0190 U+0330	; epsilon uc u-tilde
0xff 0xcf 	<>	U+025B U+0330	; epsilon u-tilde
0xfe 0xd7 0xd0 	<>	U+0190 U+0330 U+0300	; epsilon uc u-tilde grave
0xff 0xcf 0xc8 	<>	U+025B U+0330 U+0300	; epsilon u-tilde grave
0xfe 0xd7 0xd6 	<>	U+0190 U+0330 U+0304	; epsilon uc u-tilde mid
0xff 0xdf 0xde 	<>	U+025B U+0330 U+0304	; epsilon u-tilde mid
0xfe 0xd7 0xd1 	<>	U+0190 U+0330 U+0301	; epsilon uc u-tilde acute
0xff 0xcf 0xc9 	<>	U+025B U+0330 U+0301	; epsilon u-tilde acute
0xfe 0xd7 0xd2 	<>	U+0190 U+0330 U+0302	; epsilon uc u-tilde circumflex
0xff 0xcf 0xca 	<>	U+025B U+0330 U+0302	; epsilon u-tilde circumflex
0xfe 0xd7 0xd5 	<>	U+0190 U+0330 U+030C	; epsilon uc u-tilde wedge
0xff 0xcf 0xcd 	<>	U+025B U+0330 U+030C	; epsilon u-tilde wedge
0x86 	<>	U+018E	; schwa uc
0x87 	<>	U+01DD	; schwa
0x86 0xd0 	<>	U+018E U+0300	; schwa uc grave
0x87 0xc8 	<>	U+01DD U+0300	; schwa grave
0x86 0xd6 	<>	U+018E U+0304	; schwa uc mid
0x87 0xce 	<>	U+01DD U+0304	; schwa mid
0x86 0xd1 	<>	U+018E U+0301	; schwa uc acute
0x87 0xc9 	<>	U+01DD U+0301	; schwa acute
0x86 0xd2 	<>	U+018E U+0302	; schwa uc circumflex
0x87 0xca 	<>	U+01DD U+0302	; schwa circumflex
0x86 0xd5 	<>	U+018E U+030C	; schwa uc wedge
0x87 0xcd 	<>	U+01DD U+030C	; schwa wedge
0x86 0xd3 	<>	U+018E U+0303	; schwa uc tilde
0x87 0xcb 	<>	U+01DD U+0303	; schwa tilde
0x87 0xcb 0xe0 	<>	U+01DD U+0303 U+0300	; schwa tilde grave
0x87 0xcb 0xbc 	<>	U+01DD U+0303 U+0304	; schwa tilde mid
0x87 0xcb 0xc1 	<>	U+01DD U+0303 U+0301	; schwa tilde acute
0x87 0xcb 0xb2 	<>	U+01DD U+0303 U+0302	; schwa tilde circumflex
0x87 0xcb 0xb5 	<>	U+01DD U+0303 U+030C	; schwa tilde wedge
0x86 0xd7 	<>	U+018E U+0330	; schwa uc u-tilde
0x87 0xcf 	<>	U+01DD U+0330	; schwa u-tilde
0x86 0xd7 0xd0 	<>	U+018E U+0330 U+0300	; schwa uc u-tilde grave
0x87 0xcf 0xc8 	<>	U+01DD U+0330 U+0300	; schwa u-tilde grave
0x86 0xd7 0xd6 	<>	U+018E U+0330 U+0304	; schwa uc u-tilde mid
0x87 0xcf 0xce 	<>	U+01DD U+0330 U+0304	; schwa u-tilde mid
0x86 0xd7 0xd1 	<>	U+018E U+0330 U+0301	; schwa uc u-tilde acute
0x87 0xcf 0xc9 	<>	U+01DD U+0330 U+0301	; schwa u-tilde acute
0x86 0xd7 0xd2 	<>	U+018E U+0330 U+0302	; schwa uc u-tilde circumflex
0x87 0xcf 0xca 	<>	U+01DD U+0330 U+0302	; schwa u-tilde circumflex
0x86 0xd7 0xd5 	<>	U+018E U+0330 U+030C	; schwa uc u-tilde wedge
0x87 0xcf 0xcd 	<>	U+01DD U+0330 U+030C	; schwa u-tilde wedge
0x8a 	<>	U+0191	; tail F
0x8c 	<>	U+0192	; tail f or guilders
0x47 0xc4 	<>	U+0047 U+0308	; G trema
0x67 0xcc 	<>	U+0067 U+0308	; g trema
0x84 	<>	U+0194	; gamma uc
0x85 	<>	U+0263	; gamma
0x84 0xc0 	<>	U+0194 U+0300	; gamma uc grave
0x85 0xc8 	<>	U+0263 U+0300	; gamma grave
0x84 0xc6 	<>	U+0194 U+0304	; gamma uc mid
0x85 0xce 	<>	U+0263 U+0304	; gamma mid
0x84 0xc1 	<>	U+0194 U+0301	; gamma uc acute
0x85 0xc9 	<>	U+0263 U+0301	; gamma acute
0xae 	<>	U+0266	; h implosive
0xaa 	<>	U+0124	; H implosive [Unicode mapping is H circumflex]
0x49 0xe0 	<>	U+0049 U+0300	; I grave
0x9c 0xe8 	<>	U+0069 U+0300	; i grave
0x49 0xe6 	<>	U+0049 U+0304	; I mid
0x9c 0xee 	<>	U+0069 U+0304	; i mid
0x49 0xe1 	<>	U+0049 U+0301	; I acute
0x9c 0xe9 	<>	U+0069 U+0301	; i acute
0x49 0xe2 	<>	U+0049 U+0302	; I circumflex
0x9c 0xea 	<>	U+0069 U+0302	; i circumflex
0x49 0xe5 	<>	U+0049 U+030C	; I wedge
0x9c 0xed 	<>	U+0069 U+030C	; i wedge
0x49 0xe4 	<>	U+0049 U+0308	; I trema
0x9c 0xec 	<>	U+0069 U+0308	; i trema
0x49 0xe3 	<>	U+0049 U+0303	; I tilde
0x9c 0xeb 	<>	U+0069 U+0303	; i tilde
0x9c 0xeb 0xe0 	<>	U+0069 U+0303 U+0300	; i tilde grave
0x9c 0xeb 0xe6 	<>	U+0069 U+0303 U+0304	; i tilde mid
0x9c 0xeb 0xe1 	<>	U+0069 U+0303 U+0301	; i tilde acute
0x9c 0xeb 0xe2 	<>	U+0069 U+0303 U+0302	; i tilde circumflex
0x9c 0xeb 0xe5 	<>	U+0069 U+0303 U+030C	; i tilde wedge
0x49 0xe7 	<>	U+0049 U+0330	; I u-tilde
0x69 0xef 	<>	U+0069 U+0330	; i u-tilde
0x49 0xe7 0xe0 	<>	U+0049 U+0330 U+0300	; I u-tilde grave
0x9c 0xef 0xe8 	<>	U+0069 U+0330 U+0300	; i u-tilde grave
0x49 0xe7 0xe6 	<>	U+0049 U+0330 U+0304	; I u-tilde mid
0x9c 0xef 0xee 	<>	U+0069 U+0330 U+0304	; i u-tilde mid
0x49 0xe7 0xe1 	<>	U+0049 U+0330 U+0301	; I u-tilde acute
0x9c 0xef 0xe9 	<>	U+0069 U+0330 U+0301	; i u-tilde acute
0x49 0xe7 0xe2 	<>	U+0049 U+0330 U+0302	; I u-tilde circumflex
0x9c 0xef 0xea 	<>	U+0069 U+0330 U+0302	; i u-tilde circumflex
0x49 0xe7 0xe5 	<>	U+0049 U+0330 U+030C	; I u-tilde wedge
0x9c 0xef 0xed 	<>	U+0069 U+0330 U+030C	; i u-tilde wedge
0xf8 	<>	U+0196	; iota uc
0xf9 	<>	U+0269	; iota
0xf8 0xd0 	<>	U+0196 U+0300	; iota uc grave
0xf9 0xe8 	<>	U+0269 U+0300	; iota grave
0xf8 0xd6 	<>	U+0196 U+0304	; iota uc mid
0xf9 0xde 	<>	U+0269 U+0304	; iota mid
0xf8 0xd1 	<>	U+0196 U+0301	; iota uc acute
0xf9 0xc9 	<>	U+0269 U+0301	; iota acute
0xf8 0xd2 	<>	U+0196 U+0302	; iota uc circumflex
0xf9 0xda 	<>	U+0269 U+0302	; iota circumflex
0xf8 0xd5 	<>	U+0196 U+030C	; iota uc wedge
0xf9 0xdd 	<>	U+0269 U+030C	; iota wedge
0xf8 0xd3 	<>	U+0196 U+0303	; iota uc tilde
0xf9 0xdb 	<>	U+0269 U+0303	; iota tilde
0xf9 0xdb 0xe0 	<>	U+0269 U+0303 U+0300	; iota tilde grave
0xf9 0xdb 0xe6 	<>	U+0269 U+0303 U+0304	; iota tilde mid
0xf9 0xdb 0xe1 	<>	U+0269 U+0303 U+0301	; iota tilde acute
0xf9 0xdb 0xe2 	<>	U+0269 U+0303 U+0302	; iota tilde circumflex
0xf9 0xdb 0xe5 	<>	U+0269 U+0303 U+030C	; iota tilde wedge
0xf8 0xe7 	<>	U+0196 U+0330	; iota uc u-tilde
0xf9 0xef 	<>	U+0269 U+0330	; iota u-tilde
0xf8 0xe7 0xd0 	<>	U+0196 U+0330 U+0300	; iota uc u-tilde grave
0xf9 0xef 0xe8 	<>	U+0269 U+0330 U+0300	; iota u-tilde grave
0xf8 0xe7 0xd6 	<>	U+0196 U+0330 U+0304	; iota uc u-tilde mid
0xf9 0xef 0xee 	<>	U+0269 U+0330 U+0304	; iota u-tilde mid
0xf8 0xe7 0xd1 	<>	U+0196 U+0330 U+0301	; iota uc u-tilde acute
0xf9 0xef 0xc9 	<>	U+0269 U+0330 U+0301	; iota u-tilde acute
0xf8 0xe7 0xd2 	<>	U+0196 U+0330 U+0302	; iota uc u-tilde circumflex
0xf9 0xef 0xda 	<>	U+0269 U+0330 U+0302	; iota u-tilde circumflex
0xf8 0xd7 0xd5 	<>	U+0196 U+0330 U+030C	; iota uc u-tilde wedge
0xf9 0xef 0xdd 	<>	U+0269 U+0330 U+030C	; iota u-tilde wedge
0xa9 	<>	U+0199	; k implosive
0xa8 	<>	U+0198	; K implosive
0x4c 0xc0 	<>	U+004C U+0300	; L grave
0x6c 0xe0 	<>	U+006C U+0300	; l grave
0x4c 0xc6 	<>	U+004C U+0304	; L mid
0x6c 0xe6 	<>	U+006C U+0304	; l mid
0x4c 0xc1 	<>	U+004C U+0301	; L acute
0x6c 0xb1 	<>	U+006C U+0301	; l acute
0x4c 0xc3 	<>	U+004C U+0303	; L tilde
0x6c 0xe3 	<>	U+006C U+0303	; l tilde
0x4d 0xc0 	<>	U+004D U+0300	; M grave
0x6d 0xb8 	<>	U+006D U+0300	; m grave
0x4d 0xc6 	<>	U+004D U+0304	; M mid
0x6d 0xbe 	<>	U+006D U+0304	; m mid
0x4d 0xc1 	<>	U+004D U+0301	; M acute
0x6d 0xb9 	<>	U+006D U+0301	; m acute
0x4d 0xc3 	<>	U+004D U+0303	; M tilde
0x6d 0xc3 	<>	U+006D U+0303	; m tilde
0x4e 0xc0 	<>	U+004E U+0300	; N grave
0x6e 0xc8 	<>	U+006E U+0300	; n grave
0x4e 0xc6 	<>	U+004E U+0304	; N mid
0x6e 0xce 	<>	U+006E U+0304	; n mid
0x4e 0xc1 	<>	U+004E U+0301	; N acute
0x6e 0xc9 	<>	U+006E U+0301	; n acute
0x4e 0xc4 	<>	U+004E U+0308	; N trema
0x6e 0xcc 	<>	U+006E U+0308	; n trema
0x4e 0xc3 	<>	U+004E U+0303	; N tilde
0x6e 0xcb 	<>	U+006E U+0303	; n tilde
0xf6 	<>	U+014A	; velar n uc
0xf7 	<>	U+014B	; velar n
0xf6 0xc0 	<>	U+014A U+0300	; velar n uc grave
0xf7 0xc8 	<>	U+014B U+0300	; velar n grave
0xf6 0xc6 	<>	U+014A U+0304	; velar n uc mid
0xf7 0xce 	<>	U+014B U+0304	; velar n mid
0xf6 0xc1 	<>	U+014A U+0301	; velar n uc acute
0xf7 0xc9 	<>	U+014B U+0301	; velar n acute
0x98 	<>	U+019D	; aveopalatal N
0x99 	<>	U+0272	; aveopalatal n
0x98 0xc0 	<>	U+019D U+0300	; alveopalatal N grave
0x99 0xc8 	<>	U+0272 U+0300	; alveopalatal n grave
0x98 0xc6 	<>	U+019D U+0304	; aveopalatal N mid
0x99 0xce 	<>	U+0272 U+0304	; alveopalatal n mid
0x98 0xc1 	<>	U+019D U+0301	; alveopalatal N acute
0x99 0xc9 	<>	U+0272 U+0301	; alveopalatal n acute
0x4f 0xc0 	<>	U+004F U+0300	; O grave
0x6f 0xc8 	<>	U+006F U+0300	; o grave
0x4f 0xc6 	<>	U+004F U+0304	; O mid
0x6f 0xce 	<>	U+006F U+0304	; o mid
0x4f 0xc1 	<>	U+004F U+0301	; O acute
0x6f 0xc9 	<>	U+006F U+0301	; o acute
0x4f 0xc2 	<>	U+004F U+0302	; O circumflex
0x6f 0xca 	<>	U+006F U+0302	; o circumflex
0x4f 0xc5 	<>	U+004F U+030C	; O wedge
0x6f 0xcd 	<>	U+006F U+030C	; o wedge
0x4f 0xc4 	<>	U+004F U+0308	; O trema
0x6f 0xcc 	<>	U+006F U+0308	; o trema
0x4f 0xc3 	<>	U+004F U+0303	; O tilde
0x6f 0xcb 	<>	U+006F U+0303	; o tilde
0x6f 0xcb 0xe0 	<>	U+006F U+0303 U+0300	; o tilde grave
0x6f 0xcb 0xbc 	<>	U+006F U+0303 U+0304	; o tilde mid
0x6f 0xcb 0xc1 	<>	U+006F U+0303 U+0301	; o tilde acute
0x6f 0xcb 0xb2 	<>	U+006F U+0303 U+0302	; o tilde circumflex
0x6f 0xcb 0xb5 	<>	U+006F U+0303 U+030C	; o tilde wedge
0x4f 0xc7 	<>	U+004F U+0330	; O u-tilde
0x6f 0xcf 	<>	U+006F U+0330	; o u-tilde
0x4f 0xc7 0xc0 	<>	U+004F U+0330 U+0300	; O u-tilde grave
0x6f 0xcf 0xc8 	<>	U+006F U+0330 U+0300	; o u-tilde grave
0x4f 0xc7 0xc6 	<>	U+004F U+0330 U+0304	; O u-tilde mid
0x6f 0xcf 0xce 	<>	U+006F U+0330 U+0304	; o u-tilde mid
0x4f 0xc7 0xc1 	<>	U+004F U+0330 U+0301	; O u-tilde acute
0x6f 0xcf 0xc9 	<>	U+006F U+0330 U+0301	; o u-tilde acute
0x4f 0xc7 0xc2 	<>	U+004F U+0330 U+0302	; O u-tilde circumflex
0x6f 0xcf 0xca 	<>	U+006F U+0330 U+0302	; o u-tilde circumflex
0x4f 0xc7 0xc5 	<>	U+004F U+0330 U+030C	; O u-tilde wedge
0x6f 0xcf 0xcd 	<>	U+006F U+0330 U+030C	; o u-tilde wedge
0xfc 	<>	U+0186	; open o uc
0xfd 	<>	U+0254	; open o
0xfc 0xc0 	<>	U+0186 U+0300	; open o uc grave
0xfd 0xc8 	<>	U+0254 U+0300	; open o grave
0xfc 0xc6 	<>	U+0186 U+0304	; open o uc mid
0xfd 0xce 	<>	U+0254 U+0304	; open o mid
0xfc 0xc1 	<>	U+0186 U+0301	; open o uc acute
0xfd 0xc9 	<>	U+0254 U+0301	; open o acute
0xfc 0xc2 	<>	U+0186 U+0302	; open o uc circumflex
0xfd 0xca 	<>	U+0254 U+0302	; open o circumflex
0xfc 0xc5 	<>	U+0186 U+030C	; open o uc wedge
0xfd 0xcd 	<>	U+0254 U+030C	; open o wedge
0xfc 0xc3 	<>	U+0186 U+0303	; open o uc tilde
0xfd 0xcb 	<>	U+0254 U+0303	; open o tilde
0xfd 0xcb 0xe0 	<>	U+0254 U+0303 U+0300	; open o tilde grave
0xfd 0xcb 0xbc 	<>	U+0254 U+0303 U+0304	; open o tilde mid
0xfd 0xcb 0xc1 	<>	U+0254 U+0303 U+0301	; open o tilde acute
0xfd 0xcb 0xb2 	<>	U+0254 U+0303 U+0302	; open o tilde circumflex
0xfd 0xcb 0xb5 	<>	U+0254 U+0303 U+030C	; open o tilde wedge
0xfc 0xc7 	<>	U+0186 U+0330	; open o uc u-tilde
0xfd 0xcf 	<>	U+0254 U+0330	; open o u-tilde
0xfc 0xc7 0xc0 	<>	U+0186 U+0330 U+0300	; open o uc u-tilde grave
0xfd 0xcf 0xc8 	<>	U+0254 U+0330 U+0300	; open o u-tilde grave
0xfc 0xc7 0xc6 	<>	U+0186 U+0330 U+0304	; open o uc u-tilde mid
0xfd 0xcf 0xce 	<>	U+0254 U+0330 U+0304	; open o u-tilde mid
0xfc 0xc7 0xc1 	<>	U+0186 U+0330 U+0301	; open o uc u-tilde acute
0xfd 0xcf 0xc9 	<>	U+0254 U+0330 U+0301	; open o u-tilde acute
0xfc 0xc7 0xc2 	<>	U+0186 U+0330 U+0302	; open o uc u-tilde circumflex
0xfd 0xcf 0xca 	<>	U+0254 U+0330 U+0302	; open o u-tilde circumflex
0xfc 0xc7 0xc5 	<>	U+0186 U+0330 U+030C	; open o uc u-tilde wedge
0xfd 0xcf 0xcd 	<>	U+0254 U+0330 U+030C	; open o u-tilde wedge
0xf0 	<>	U+0152	; oe diagraph uc
0xf1 	<>	U+0153	; oe diagraph
0xf4 	<>	U+00D8	; slash O uc
0xf5 	<>	U+00F8	; slash o
0x52 0xc0 	<>	U+0052 U+0300	; R grave
0x72 0xd8 	<>	U+0072 U+0300	; r grave
0x52 0xc6 	<>	U+0052 U+0304	; R mid
0x72 0xde 	<>	U+0072 U+0304	; r mid
0x52 0xc1 	<>	U+0052 U+0301	; R acute
0x72 0xd9 	<>	U+0072 U+0301	; r acute
0x52 0xc2 	<>	U+0052 U+0302	; R circumflex
0x72 0xda 	<>	U+0072 U+0302	; r circumflex
0x52 0xc5 	<>	U+0052 U+030C	; R wedge
0x72 0xdd 	<>	U+0072 U+030C	; r wedge
0x52 0xc3 	<>	U+0052 U+0303	; R tilde
0x72 0xdb 	<>	U+0072 U+0303	; r tilde
0x9a 	<>	U+00DF	; s-zet
0x73 0xcd 	<>	U+0161	; s wedge
0x55 0xc0 	<>	U+0055 U+0300	; U grave
0x75 0xc8 	<>	U+0075 U+0300	; u grave
0x55 0xc6 	<>	U+0055 U+0304	; U mid
0x75 0xce 	<>	U+0075 U+0304	; u mid
0x55 0xc1 	<>	U+0055 U+0301	; U acute
0x75 0xc9 	<>	U+0075 U+0301	; u acute
0x55 0xc2 	<>	U+0055 U+0302	; U circumflex
0x75 0xca 	<>	U+0075 U+0302	; u circumflex
0x55 0xc5 	<>	U+0055 U+030C	; U wedge
0x75 0xcd 	<>	U+0075 U+030C	; u wedge
0x55 0xc4 	<>	U+0055 U+0308	; U trema
0x75 0xcc 	<>	U+0075 U+0308	; u trema
0x55 0xc3 	<>	U+0055 U+0303	; U tilde
0x75 0xcb 	<>	U+0075 U+0303	; u tilde
0x75 0xcb 0xe0 	<>	U+0075 U+0303 U+0300	; u tilde grave
0x75 0xcb 0xbc 	<>	U+0075 U+0303 U+0304	; u tilde mid
0x75 0xcb 0xc1 	<>	U+0075 U+0303 U+0301	; u tilde acute
0x75 0xcb 0xb2 	<>	U+0075 U+0303 U+0302	; u tilde circumflex
0x75 0xcb 0xb5 	<>	U+0075 U+0303 U+030C	; u tilde wedge
0x55 0xc7 	<>	U+0055 U+0330	; U u-tilde
0x75 0xcf 	<>	U+0075 U+0330	; u u-tilde
0x55 0xc7 0xc0 	<>	U+0055 U+0330 U+0300	; U u-tilde grave
0x75 0xcf 0xc8 	<>	U+0075 U+0330 U+0300	; u u-tilde grave
0x55 0xc7 0xc6 	<>	U+0055 U+0330 U+0304	; U u-tilde mid
0x75 0xcf 0xce 	<>	U+0075 U+0330 U+0304	; u u-tilde mid
0x55 0xc7 0xc1 	<>	U+0055 U+0330 U+0301	; U u-tilde acute
0x75 0xcf 0xc9 	<>	U+0075 U+0330 U+0301	; u u-tilde acute
0x55 0xc7 0xc2 	<>	U+0055 U+0330 U+0302	; U u-tilde circumflex
0x75 0xcf 0xca 	<>	U+0075 U+0330 U+0302	; u u-tilde circumflex
0x55 0xc7 0xc5 	<>	U+0055 U+0330 U+030C	; U u-tilde wedge
0x75 0xcf 0xcd 	<>	U+0075 U+0330 U+030C	; u u-tilde wedge
0xfa 	<>	U+01B2	; upsilon uc
0xfb 	<>	U+028B	; upsilon
0xfa 0xc0 	<>	U+01B2 U+0300	; upsilon uc grave
0xfb 0xc8 	<>	U+028B U+0300	; upsilon grave
0xfa 0xc6 	<>	U+01B2 U+0304	; upsilon uc mid
0xfb 0xce 	<>	U+028B U+0304	; upsilon mid
0xfa 0xc1 	<>	U+01B2 U+0301	; upsilon uc acute
0xfb 0xc9 	<>	U+028B U+0301	; upsilon acute
0xfa 0xc2 	<>	U+01B2 U+0302	; upsilon uc circumflex
0xfb 0xca 	<>	U+028B U+0302	; upsilon circumflex
0xfa 0xc5 	<>	U+01B2 U+030C	; upsilon uc wedge
0xfb 0xcd 	<>	U+028B U+030C	; upsilon wedge
0xfa 0xc3 	<>	U+01B2 U+0303	; upsilon uc tilde
0xfb 0xcb 	<>	U+028B U+0303	; upsilon tilde
0xfb 0xcb 0xe0 	<>	U+028B U+0303 U+0300	; upsilon tilde grave
0xfb 0xcb 0xbc 	<>	U+028B U+0303 U+0304	; upsilon tilde mid
0xfb 0xcb 0xc1 	<>	U+028B U+0303 U+0301	; upsilon tilde acute
0xfb 0xcb 0xb2 	<>	U+028B U+0303 U+0302	; upsilon tilde circumflex
0xfb 0xcb 0xb5 	<>	U+028B U+0303 U+030C	; upsilon tilde wedge
0xfa 0xc7 	<>	U+01B2 U+0330	; upsilon uc u-tilde
0xfb 0xcf 	<>	U+028B U+0330	; upsilon u-tilde
0xfa 0xc7 0xc0 	<>	U+01B2 U+0330 U+0300	; upsilon uc u-tilde grave
0xfb 0xcf 0xc8 	<>	U+028B U+0330 U+0300	; upsilon u-tilde grave
0xfa 0xc7 0xc6 	<>	U+01B2 U+0330 U+0304	; upsilon uc u-tilde mid
0xfb 0xcf 0xce 	<>	U+028B U+0330 U+0304	; upsilon u-tilde mid
0xfa 0xc7 0xc1 	<>	U+01B2 U+0330 U+0301	; upsilon uc u-tilde acute
0xfb 0xcf 0xc9 	<>	U+028B U+0330 U+0301	; upsilon u-tilde acute
0xfa 0xc7 0xc2 	<>	U+01B2 U+0330 U+0302	; upsilon uc u-tilde circumflex
0xfb 0xcf 0xca 	<>	U+028B U+0330 U+0302	; upsilon u-tilde circumflex
0xfa 0xc7 0xc5 	<>	U+01B2 U+0330 U+030C	; upsilon uc u-tilde wedge
0xfb 0xcf 0xcd 	<>	U+028B U+0330 U+030C	; upsilon u-tilde wedge
0x59 0xc0 	<>	U+0059 U+0300	; Y grave
0x79 0xc8 	<>	U+0079 U+0300	; y grave
0x59 0xc6 	<>	U+0059 U+0304	; Y mid
0x79 0xce 	<>	U+0079 U+0304	; y mid
0x59 0xc1 	<>	U+0059 U+0301	; Y acute
0x79 0xc9 	<>	U+0079 U+0301	; y acute
0x59 0xc4 	<>	U+0059 U+0308	; Y trema
0x79 0xcc 	<>	U+0079 U+0308	; y trema
0xa3 	<>	U+01B3	; Y implosive
0xa5 	<>	U+01B4	; y implosive
0xbd 	<>	U+01B7	; curly Z
0xba 	<>	U+0292	; curly z
0x92 	<>	U+2019	; single quote, close
0x91 	<>	U+2018	; single quote, open
0x94 	<>	U+201D	; double quote, close
0x93 	<>	U+201C	; double quote, open
0xab 	<>	U+00AB	; chevrons, open
0xbb 	<>	U+00BB	; chevrons, close
0x8b 	<>	U+2039	; open single chevron
0x9b 	<>	U+203A	; close single chevron
0x96 	<>	U+2013	; en dash
0x97 	<>	U+2014	; em dash
0xbf 	<>	U+00BF	; inverted question mark

; 27 Sep 2006
0xa0	<>	U+00A0 ; no break space
0xb6	<>	U+00B6	; paragraph sign
0xb7	<>	U+00B7	; middle dot

; (2b) The following are characters not referenced above except as
; part of a combination. ("=" in the comment denotes a character which
; is the same as the Windows codepage character.)

0x95 <>  U+2022 ;  =

0x9C  >  U+0069 ;  dotless i changed to dotted i

0xA4 <>  U+00A4 ;  =

0xAC <>  U+00AC ;  =
0xAD <>  U+00AD ;  =

; (2c) The following are diacritics not referenced above except as
; part of a combination. The multiple diacritics in the legacy font
; map to the same Unicode character. One diacritic in the legacy font
; was chosen to be the default if not found in one of the standard
; sequences in part (2a). For the cedilla, the lower case form was chosen.
; For the ring above (angstrom), the upper case form was chosen. For
; the remaining diacritics, the "O-width" diacritic (that is, the diacritic
; whose height and width fit over an upper case letter "O") was chosen.

0x88  >  U+0327 ;  cedilla
0x89 <>  U+0327 ;  cedilla (default if found alone)

0xB3  >  U+030A ;  ring above (angstrom)
0xB4 <>  U+030A ;  ring above (angstrom) (default if found alone)

0xB0  >  U+0300 ; grave
0xB8  >  U+0300 ; grave
0xC0 <>  U+0300 ; grave (default if found alone)
0xC8  >  U+0300 ; grave
0xD0  >  U+0300 ; grave
0xD8  >  U+0300 ; grave
0xE0  >  U+0300 ; grave
0xE8  >  U+0300 ; grave

0xB1  >  U+0301 ; acute
0xB9  >  U+0301 ; acute
0xC1 <>  U+0301 ; acute (default if found alone)
0xC9  >  U+0301 ; acute
0xD1  >  U+0301 ; acute
0xD9  >  U+0301 ; acute
0xE1  >  U+0301 ; acute
0xE9  >  U+0301 ; acute

0xB2  >  U+0302 ; circumflex
0xC2 <>  U+0302 ; circumflex (default if found alone)
0xCA  >  U+0302 ; circumflex
0xD2  >  U+0302 ; circumflex
0xDA  >  U+0302 ; circumflex
0xE2  >  U+0302 ; circumflex
0xEA  >  U+0302 ; circumflex

0xC3 <>  U+0303 ; tilde (default if found alone)
0xCB  >  U+0303 ; tilde
0xD3  >  U+0303 ; tilde
0xDB  >  U+0303 ; tilde
0xE3  >  U+0303 ; tilde
0xEB  >  U+0303 ; tilde

0xC4 <>  U+0308 ; dieresis (default if found alone)
0xCC  >  U+0308 ; dieresis
0xD4  >  U+0308 ; dieresis
0xDC  >  U+0308 ; dieresis
0xE4  >  U+0308 ; dieresis
0xEC  >  U+0308 ; dieresis

0xB5  >  U+030C ; wedge
0xC5 <>  U+030C ; wedge (default if found alone)
0xCD  >  U+030C ; wedge
0xD5  >  U+030C ; wedge
0xDD  >  U+030C ; wedge
0xE5  >  U+030C ; wedge
0xED  >  U+030C ; wedge

0xBC  >  U+0304 ; mid (caron)
0xBE  >  U+0304 ; mid (caron)
0xC6 <>  U+0304 ; mid (caron) (default if found alone)
0xCE  >  U+0304 ; mid (caron)
0xD6  >  U+0304 ; mid (caron)
0xDE  >  U+0304 ; mid (caron)
0xE6  >  U+0304 ; mid (caron)
0xEE  >  U+0304 ; mid (caron)

0xC7 <>  U+0330 ; under tilde (default if found alone)
0xCF  >  U+0330 ; under tilde
0xD7  >  U+0330 ; under tilde
0xDF  >  U+0330 ; under tilde
0xE7  >  U+0330 ; under tilde
0xEF  >  U+0330 ; under tilde