; I think this information must be incorrect
;EncodingName            "SIL-angb4-2006"
;DescriptiveName         "angb4 font to Unicode"
;Version                 "1"
;Contact                 "mailto:Doug_Higby@sil.org"
;RegistrationAuthority   "SIL International"
;RegistrationName        "SIL-angb4-2005"

EncodingName            "MarcelNgbaka"
DescriptiveName         "MarcelNgbaka font to Unicode"
Version                 "1"
Contact                 "mailto:Doug_Higby@sil.org"
RegistrationAuthority   "SIL International"
RegistrationName        "SIL-MarcelNgbaka-2005"

;set normalization flags
pass ( Byte_Unicode )
RHSflags (ExpectsNFD)
ByteDefault		'?'
UniDefault		replacement_character
ByteClass [CTL] = (   0x00 .. 0x1F   )
UniClass  [CTL] = ( U+0000 .. U+001F )
ByteClass [SevenBit] = ( 0x20 .. 0x23 0x25 0x27 .. 0x7F )
UniClass [SevenBit] = ( U+0020 .. U+0023 U+0025 U+0027 .. U+007F)
ByteClass [UpperASCII] = ( 0xA0 0xA3 0xA4 0xA6 .. 0xA8 0xAA 0xAB 0xAD 0xB0 0xB2 0xB4 .. 0xB7 0xB9 .. 0xBB 0xE0 .. 0xE3 0xE6 .. 0xEA 0xEC .. 0xEF 0xF2 .. 0xF4 0xF8 .. 0xFB )
UniClass [UpperASCII] = ( U+00A0 U+00A3 U+00A4 U+00A6 .. U+00A8 U+00AA U+00AB U+00AD U+00B0 U+00B2 U+00B4 .. U+00B7 U+00B9 .. U+00BB U+00E0 .. U+00E3 U+00E6 .. U+00EA U+00EC .. U+00EF U+00F2 .. U+00F4 U+00F8 .. U+00FB )
[CTL]  		<>	[CTL]
[SevenBit]	<>	[SevenBit]
[UpperASCII]	<>	[UpperASCII]
;One to one maps
0x24	<>	LATIN_SMALL_LETTER_OPEN_O
0x26	<>	LATIN_SMALL_LETTER_OPEN_E
;0x80	<>	euro_sign
0x81	<>	LATIN_SMALL_LETTER_ENG
0x82	<>	Latin_small_letter_n_with_left_hook
0x83	<>	LATIN_CAPITAL_LETTER_ENG
0x84	<>	LATIN_CAPITAL_LETTER_N_with_left_hook
0x85	<>	horizontal_ellipsis
0x86	<>	LATIN_SMALL_LETTER_B_WITH_HOOK
0x87	<>	LATIN_CAPITAL_LETTER_B_WITH_HOOK
0x88	<>	modifier_letter_circumflex_accent
0x89	<>	LATIN_SMALL_LETTER_I COMBINING_VERTICAL_LINE_ABOVE
0x8a	<>	LATIN_SMALL_LETTER_I U+F172 ;COMBINING_GRAVE-MACRON
0x8b	<>	single_left_pointing_angle_quotation_mark
0x8c	<>	latin_capital_ligature_oe
0x8d	<>	LATIN_SMALL_LETTER_I COMBINING_CARON
0x8e	<>	LATIN_SMALL_LETTER_I COMBINING_TILDE
0x8f	<>	LATIN_SMALL_LETTER_I COMBINING_TILDE COMBINING_GRAVE_ACCENT
0x90	<>	LATIN_CAPITAL_LETTER_OPEN_O
0x91	<>	left_single_quotation_mark
0x92	<>	right_single_quotation_mark
0x93	<>	left_double_quotation_mark
0x94	<>	right_double_quotation_mark
0x95	<>	bullet
0x96	<>	en_dash
0x97	<>	em_dash
0x98	<>	small_tilde
0x99	<>	LATIN_SMALL_LETTER_I COMBINING_TILDE COMBINING_VERTICAL_LINE_ABOVE
0x9a	<>	LATIN_SMALL_LETTER_I COMBINING_TILDE COMBINING_ACUTE_ACCENT
0x9b	<>	single_right_pointing_angle_quotation_mark
0x9c	<>	latin_small_ligature_oe
0x9d	<>	LATIN_SMALL_LETTER_I COMBINING_TILDE U+F172 ;COMBINING_GRAVE-MACRON
0x9e	<>	LATIN_SMALL_LETTER_I COMBINING_TILDE COMBINING_CARON
0x9f	<>	LATIN_SMALL_LETTER_I COMBINING_TILDE COMBINING_CIRCUMFLEX_ACCENT
0xA1	<>	LATIN_SMALL_LETTER_A COMBINING_VERTICAL_LINE_ABOVE
0xA2	<>	LATIN_SMALL_LETTER_A U+F172 ;COMBINING_GRAVE-MACRON
0xA5	<>	LATIN_SMALL_LETTER_A COMBINING_TILDE COMBINING_VERTICAL_LINE_ABOVE
0xA9	<>	LATIN_SMALL_LETTER_A COMBINING_TILDE COMBINING_CARON
0xAC	<>	LATIN_SMALL_LETTER_A COMBINING_CARON
0xAE	<>	LATIN_SMALL_LETTER_A COMBINING_TILDE COMBINING_CIRCUMFLEX_ACCENT
0xAF	<>	LATIN_SMALL_LETTER_ALPHA
0xB1	<>	LATIN_SMALL_LETTER_A COMBINING_TILDE COMBINING_GRAVE_ACCENT
0xB3	<>	LATIN_SMALL_LETTER_A COMBINING_TILDE COMBINING_ACUTE_ACCENT
0xB8	<>	LATIN_SMALL_LETTER_A COMBINING_TILDE U+F172 ;COMBINING_GRAVE-MACRON
0xBC	<>	LATIN_SMALL_LETTER_E COMBINING_VERTICAL_LINE_ABOVE
0xBD	<>	LATIN_SMALL_LETTER_E U+F172 ;COMBINING_GRAVE-MACRON
0xBE	<>	LATIN_SMALL_LETTER_E COMBINING_CARON
0xBF	<>	LATIN_LETTER_GLOTTAL_STOP
0xC0	<>	LATIN_SMALL_LETTER_OPEN_E COMBINING_TILDE
0xC1	<>	LATIN_SMALL_LETTER_OPEN_E COMBINING_TILDE COMBINING_GRAVE_ACCENT
0xC2	<>	LATIN_SMALL_LETTER_OPEN_E COMBINING_TILDE COMBINING_VERTICAL_LINE_ABOVE
0xC3	<>	LATIN_SMALL_LETTER_OPEN_E COMBINING_TILDE COMBINING_ACUTE_ACCENT
0xC4	<>	LATIN_SMALL_LETTER_OPEN_E COMBINING_TILDE U+F172 ;COMBINING_GRAVE-MACRON
0xC5	<>	LATIN_SMALL_LETTER_OPEN_E COMBINING_TILDE COMBINING_CARON
0xC6	<>	LATIN_SMALL_LETTER_OPEN_E COMBINING_TILDE COMBINING_CIRCUMFLEX_ACCENT
0xC7	<>	LATIN_CAPITAL_LETTER_OPEN_E
0xC8	<>	LATIN_SMALL_LETTER_OPEN_E COMBINING_GRAVE_ACCENT
0xC9	<>	LATIN_SMALL_LETTER_OPEN_E COMBINING_VERTICAL_LINE_ABOVE
0xCA	<>	LATIN_SMALL_LETTER_OPEN_E COMBINING_ACUTE_ACCENT
0xCB	<>	LATIN_SMALL_LETTER_OPEN_E U+F172 ;COMBINING_GRAVE-MACRON
0xCC	<>	LATIN_SMALL_LETTER_OPEN_E COMBINING_CARON
0xCD	<>	LATIN_SMALL_LETTER_OPEN_E COMBINING_CIRCUMFLEX_ACCENT
0xCE	<>	LATIN_SMALL_LETTER_D_WITH_HOOK
0xCF	<>	LATIN_CAPITAL_LETTER_D_WITH_HOOK
0xD0	<>	LATIN_SMALL_LETTER_OPEN_O COMBINING_TILDE
0xD1	<>	LATIN_SMALL_LETTER_OPEN_O COMBINING_TILDE COMBINING_GRAVE_ACCENT
0xD2	<>	LATIN_SMALL_LETTER_OPEN_O COMBINING_TILDE COMBINING_VERTICAL_LINE_ABOVE
0xD3	<>	LATIN_SMALL_LETTER_OPEN_O COMBINING_TILDE COMBINING_ACUTE_ACCENT
0xD4	<>	LATIN_SMALL_LETTER_OPEN_O COMBINING_TILDE U+F172 ;COMBINING_GRAVE-MACRON
0xD5	<>	LATIN_SMALL_LETTER_OPEN_O COMBINING_TILDE COMBINING_CARON
0xD6	<>	LATIN_SMALL_LETTER_OPEN_O COMBINING_TILDE COMBINING_CIRCUMFLEX_ACCENT
0xD7	<>	dollar_sign
0xD8	<>	LATIN_SMALL_LETTER_OPEN_O COMBINING_GRAVE_ACCENT
0xD9	<>	LATIN_SMALL_LETTER_OPEN_O COMBINING_VERTICAL_LINE_ABOVE
0xDA	<>	LATIN_SMALL_LETTER_OPEN_O COMBINING_ACUTE_ACCENT
0xDB	<>	LATIN_SMALL_LETTER_OPEN_O U+F172 ;COMBINING_GRAVE-MACRON
0xDC	<>	LATIN_SMALL_LETTER_OPEN_O COMBINING_CARON
0xDD	<>	LATIN_SMALL_LETTER_OPEN_O COMBINING_CIRCUMFLEX_ACCENT
0xDE	<>	LATIN_SMALL_LETTER_U COMBINING_VERTICAL_LINE_ABOVE
0xDF	<>	LATIN_SMALL_LETTER_U U+F172 ;COMBINING_GRAVE-MACRON
0xE4	<>	LATIN_SMALL_LETTER_U COMBINING_CARON
0xE5	<>	LATIN_SMALL_LETTER_U COMBINING_TILDE
0xEB	<>	LATIN_SMALL_LETTER_U COMBINING_TILDE COMBINING_GRAVE_ACCENT
0xF0	<>	LATIN_SMALL_LETTER_O COMBINING_VERTICAL_LINE_ABOVE
0xF1	<>	LATIN_SMALL_LETTER_O U+F172 ;COMBINING_GRAVE-MACRON
0xF5	<>	LATIN_SMALL_LETTER_O COMBINING_CARON
0xF6	<>	LATIN_SMALL_LETTER_U COMBINING_TILDE COMBINING_VERTICAL_LINE_ABOVE
0xF7	<>	LATIN_SMALL_LETTER_V COMBINING_CIRCUMFLEX_ACCENT
0xFC	<>	LATIN_SMALL_LETTER_U COMBINING_TILDE COMBINING_ACUTE_ACCENT
0xFD	<>	LATIN_SMALL_LETTER_U COMBINING_TILDE U+F172 ;COMBINING_GRAVE-MACRON
0xFE	<>	LATIN_SMALL_LETTER_U COMBINING_TILDE COMBINING_CARON
0xFF	<>	LATIN_SMALL_LETTER_U COMBINING_TILDE COMBINING_CIRCUMFLEX_ACCENT

pass ( NFD_fwd )
